Archive member included to satisfy reference by file (symbol)

.pio\build\ex_lcd_20x4\libb0e\libWire.a(Wire.cpp.o)
                              .pio\build\ex_lcd_20x4\src\examples\20x4lcd\main.cpp.o (Wire)
.pio\build\ex_lcd_20x4\libbcc\libLiquidCrystal_PCF8574.a(LiquidCrystal_PCF8574.cpp.o)
                              .pio\build\ex_lcd_20x4\src\examples\20x4lcd\main.cpp.o (LiquidCrystal_PCF8574::LiquidCrystal_PCF8574(unsigned char))
.pio\build\ex_lcd_20x4\libFrameworkArduinoVariant.a(common_data.c.o)
                              .pio\build\ex_lcd_20x4\libb0e\libWire.a(Wire.cpp.o) (g_ioport_ctrl)
.pio\build\ex_lcd_20x4\libFrameworkArduinoVariant.a(main.c.o)
                              c:/users/h/.platformio/packages/toolchain-gccarmnoneeabi/bin/../lib/gcc/arm-none-eabi/7.2.1/../../../../arm-none-eabi/lib/thumb/v7e-m/fpv4-sp/hard/crt0.o (main)
.pio\build\ex_lcd_20x4\libFrameworkArduinoVariant.a(pin_data.c.o)
                              .pio\build\ex_lcd_20x4\libFrameworkArduinoVariant.a(common_data.c.o) (g_bsp_pin_cfg)
.pio\build\ex_lcd_20x4\libFrameworkArduinoVariant.a(variant.cpp.o)
                              .pio\build\ex_lcd_20x4\libb0e\libWire.a(Wire.cpp.o) (PINCOUNT_fn)
.pio\build\ex_lcd_20x4\libFrameworkArduino.a(FspTimer.cpp.o)
                              .pio\build\ex_lcd_20x4\libFrameworkArduinoVariant.a(variant.cpp.o) (FspTimer::gpt_used_channel)
.pio\build\ex_lcd_20x4\libFrameworkArduino.a(IRQManager.cpp.o)
                              .pio\build\ex_lcd_20x4\libb0e\libWire.a(Wire.cpp.o) (IRQManager::getInstance())
.pio\build\ex_lcd_20x4\libFrameworkArduino.a(Serial.cpp.o)
                              .pio\build\ex_lcd_20x4\src\examples\20x4lcd\main.cpp.o (UART::operator bool())
.pio\build\ex_lcd_20x4\libFrameworkArduino.a(SerialObj1.cpp.o)
                              .pio\build\ex_lcd_20x4\src\examples\20x4lcd\main.cpp.o (_UART1_)
.pio\build\ex_lcd_20x4\libFrameworkArduino.a(analog.cpp.o)
                              .pio\build\ex_lcd_20x4\libFrameworkArduino.a(FspTimer.cpp.o) (__get_timer_for_channel(int))
.pio\build\ex_lcd_20x4\libFrameworkArduino.a(Common.cpp.o)
                              .pio\build\ex_lcd_20x4\libFrameworkArduino.a(analog.cpp.o) (map(long, long, long, long, long))
.pio\build\ex_lcd_20x4\libFrameworkArduino.a(Print.cpp.o)
                              .pio\build\ex_lcd_20x4\libbcc\libLiquidCrystal_PCF8574.a(LiquidCrystal_PCF8574.cpp.o) (arduino::Print::write(unsigned char const*, unsigned int))
.pio\build\ex_lcd_20x4\libFrameworkArduino.a(dac.cpp.o)
                              .pio\build\ex_lcd_20x4\libFrameworkArduino.a(analog.cpp.o) (CDac::analogWrite(int))
.pio\build\ex_lcd_20x4\libFrameworkArduino.a(digital.cpp.o)
                              .pio\build\ex_lcd_20x4\libFrameworkArduinoVariant.a(variant.cpp.o) (pinMode)
.pio\build\ex_lcd_20x4\libFrameworkArduino.a(main.cpp.o)
                              .pio\build\ex_lcd_20x4\libFrameworkArduinoVariant.a(main.c.o) (hal_entry)
.pio\build\ex_lcd_20x4\libFrameworkArduino.a(pinDefinitions.cpp.o)
                              .pio\build\ex_lcd_20x4\libFrameworkArduino.a(analog.cpp.o) (pinPeripheral(e_bsp_io_port_pin_t, unsigned long))
.pio\build\ex_lcd_20x4\libFrameworkArduino.a(pwm.cpp.o)
                              .pio\build\ex_lcd_20x4\libFrameworkArduino.a(analog.cpp.o) (PwmOut::PwmOut(int))
.pio\build\ex_lcd_20x4\libFrameworkArduino.a(time.cpp.o)
                              .pio\build\ex_lcd_20x4\libbcc\libLiquidCrystal_PCF8574.a(LiquidCrystal_PCF8574.cpp.o) (delayMicroseconds)
.pio\build\ex_lcd_20x4\libFrameworkArduino.a(variant_helper.cpp.o)
                              .pio\build\ex_lcd_20x4\libb0e\libWire.a(Wire.cpp.o) (getPinCfgs(unsigned char, PinCfgReq_t))
.pio\build\ex_lcd_20x4\libFrameworkArduino.a(vector_table.c.o)
                              .pio\build\ex_lcd_20x4\libFrameworkArduino.a(main.cpp.o) (g_vector_table)
.pio\build\ex_lcd_20x4\libFrameworkArduino.a(cm_backtrace.c.o)
                              .pio\build\ex_lcd_20x4\libFrameworkArduino.a(main.cpp.o) (cm_backtrace_init)
.pio\build\ex_lcd_20x4\libFrameworkArduino.a(cortex_handlers.c.o)
                              .pio\build\ex_lcd_20x4\libFrameworkArduino.a(main.cpp.o) (Stacktrace_Handler)
C:\Users\h\.platformio\packages\framework-arduinorenesas-uno\variants\UNOWIFIR4\libs\libfsp.a(r_spi.o)
                              .pio\build\ex_lcd_20x4\libFrameworkArduino.a(IRQManager.cpp.o) (spi_rxi_isr)
C:\Users\h\.platformio\packages\framework-arduinorenesas-uno\variants\UNOWIFIR4\libs\libfsp.a(r_sci_uart.o)
                              .pio\build\ex_lcd_20x4\libFrameworkArduino.a(Serial.cpp.o) (R_SCI_UART_Write)
C:\Users\h\.platformio\packages\framework-arduinorenesas-uno\variants\UNOWIFIR4\libs\libfsp.a(r_sci_spi.o)
                              .pio\build\ex_lcd_20x4\libFrameworkArduino.a(IRQManager.cpp.o) (sci_spi_txi_isr)
[...]
Memory Configuration

Name             Origin             Length             Attributes
FLASH            0x00004000         0x0003c000         xr
RAM              0x20000000         0x00008000         xrw
DATA_FLASH       0x40100000         0x00002000         xr
OPTION_SETTING   0x00000000         0x00000000         r
OPTION_SETTING_S 0x00000000         0x00000000         r
ID_CODE          0x01010018         0x00000020         xr
*default*        0x00000000         0xffffffff

Linker script and memory map

LOAD c:/users/h/.platformio/packages/toolchain-gccarmnoneeabi/bin/../lib/gcc/arm-none-eabi/7.2.1/thumb/v7e-m/fpv4-sp/hard/crti.o
LOAD c:/users/h/.platformio/packages/toolchain-gccarmnoneeabi/bin/../lib/gcc/arm-none-eabi/7.2.1/thumb/v7e-m/fpv4-sp/hard/crtbegin.o
LOAD c:/users/h/.platformio/packages/toolchain-gccarmnoneeabi/bin/../lib/gcc/arm-none-eabi/7.2.1/../../../../arm-none-eabi/lib/thumb/v7e-m/fpv4-sp/hard/crt0.o
LOAD .pio\build\ex_lcd_20x4\src\examples\20x4lcd\main.cpp.o
START GROUP
LOAD .pio\build\ex_lcd_20x4\lib5da\libOneWire.a
LOAD .pio\build\ex_lcd_20x4\libcc3\libDallasTemperature.a
LOAD .pio\build\ex_lcd_20x4\libb0e\libWire.a
LOAD .pio\build\ex_lcd_20x4\libbcc\libLiquidCrystal_PCF8574.a
LOAD .pio\build\ex_lcd_20x4\libFrameworkArduinoVariant.a
LOAD .pio\build\ex_lcd_20x4\libFrameworkArduino.a
LOAD C:\Users\h\.platformio\packages\framework-arduinorenesas-uno\variants\UNOWIFIR4\libs\libfsp.a
LOAD c:/users/h/.platformio/packages/toolchain-gccarmnoneeabi/bin/../lib/gcc/arm-none-eabi/7.2.1/../../../../arm-none-eabi/lib/thumb/v7e-m/fpv4-sp/hard\libstdc++_nano.a
LOAD c:/users/h/.platformio/packages/toolchain-gccarmnoneeabi/bin/../lib/gcc/arm-none-eabi/7.2.1/../../../../arm-none-eabi/lib/thumb/v7e-m/fpv4-sp/hard\libsupc++_nano.a
LOAD c:/users/h/.platformio/packages/toolchain-gccarmnoneeabi/bin/../lib/gcc/arm-none-eabi/7.2.1/thumb/v7e-m/fpv4-sp/hard\libgcc.a
LOAD c:/users/h/.platformio/packages/toolchain-gccarmnoneeabi/bin/../lib/gcc/arm-none-eabi/7.2.1/../../../../arm-none-eabi/lib/thumb/v7e-m/fpv4-sp/hard\libnosys.a
END GROUP
LOAD c:/users/h/.platformio/packages/toolchain-gccarmnoneeabi/bin/../lib/gcc/arm-none-eabi/7.2.1/../../../../arm-none-eabi/lib/thumb/v7e-m/fpv4-sp/hard\libstdc++_nano.a
LOAD c:/users/h/.platformio/packages/toolchain-gccarmnoneeabi/bin/../lib/gcc/arm-none-eabi/7.2.1/../../../../arm-none-eabi/lib/thumb/v7e-m/fpv4-sp/hard\libm.a
LOAD c:/users/h/.platformio/packages/toolchain-gccarmnoneeabi/bin/../lib/gcc/arm-none-eabi/7.2.1/../../../../arm-none-eabi/lib/thumb/v7e-m/fpv4-sp/hard\libc_nano.a
START GROUP
LOAD c:/users/h/.platformio/packages/toolchain-gccarmnoneeabi/bin/../lib/gcc/arm-none-eabi/7.2.1/thumb/v7e-m/fpv4-sp/hard\libgcc.a
LOAD c:/users/h/.platformio/packages/toolchain-gccarmnoneeabi/bin/../lib/gcc/arm-none-eabi/7.2.1/../../../../arm-none-eabi/lib/thumb/v7e-m/fpv4-sp/hard\libc_nano.a
END GROUP
START GROUP
LOAD c:/users/h/.platformio/packages/toolchain-gccarmnoneeabi/bin/../lib/gcc/arm-none-eabi/7.2.1/thumb/v7e-m/fpv4-sp/hard\libgcc.a
LOAD c:/users/h/.platformio/packages/toolchain-gccarmnoneeabi/bin/../lib/gcc/arm-none-eabi/7.2.1/../../../../arm-none-eabi/lib/thumb/v7e-m/fpv4-sp/hard\libc_nano.a
LOAD c:/users/h/.platformio/packages/toolchain-gccarmnoneeabi/bin/../lib/gcc/arm-none-eabi/7.2.1/../../../../arm-none-eabi/lib/thumb/v7e-m/fpv4-sp/hard\libnosys.a
END GROUP
START GROUP
LOAD c:/users/h/.platformio/packages/toolchain-gccarmnoneeabi/bin/../lib/gcc/arm-none-eabi/7.2.1/thumb/v7e-m/fpv4-sp/hard\libgcc.a
LOAD c:/users/h/.platformio/packages/toolchain-gccarmnoneeabi/bin/../lib/gcc/arm-none-eabi/7.2.1/../../../../arm-none-eabi/lib/thumb/v7e-m/fpv4-sp/hard\libc_nano.a
LOAD c:/users/h/.platformio/packages/toolchain-gccarmnoneeabi/bin/../lib/gcc/arm-none-eabi/7.2.1/../../../../arm-none-eabi/lib/thumb/v7e-m/fpv4-sp/hard\libnosys.a
END GROUP
LOAD c:/users/h/.platformio/packages/toolchain-gccarmnoneeabi/bin/../lib/gcc/arm-none-eabi/7.2.1/thumb/v7e-m/fpv4-sp/hard/crtend.o
LOAD c:/users/h/.platformio/packages/toolchain-gccarmnoneeabi/bin/../lib/gcc/arm-none-eabi/7.2.1/thumb/v7e-m/fpv4-sp/hard/crtn.o
                0x20000000                RAM_START = 0x20000000
                0x00008000                RAM_LENGTH = 0x8000
                0x00000000                FLASH_START = 0x0
                0x00040000                FLASH_LENGTH = 0x40000
                0x40100000                DATA_FLASH_START = 0x40100000
                0x00002000                DATA_FLASH_LENGTH = 0x2000
                0x00000000                OPTION_SETTING_START = 0x0
                0x00000000                OPTION_SETTING_LENGTH = 0x0
                0x00000000                OPTION_SETTING_S_START = 0x0
                0x00000000                OPTION_SETTING_S_LENGTH = 0x0
                0x01010018                ID_CODE_START = 0x1010018
                0x00000020                ID_CODE_LENGTH = 0x20
                0x90000000                SDRAM_START = 0x90000000
                0x00000000                SDRAM_LENGTH = 0x0
                0x60000000                QSPI_FLASH_START = 0x60000000
                0x00000000                QSPI_FLASH_LENGTH = 0x0
                0x68000000                OSPI_DEVICE_0_START = 0x68000000
                0x00000000                OSPI_DEVICE_0_LENGTH = 0x0
                0x70000000                OSPI_DEVICE_1_START = 0x70000000
                0x00000000                OSPI_DEVICE_1_LENGTH = 0x0
                0x00004000                FLASH_IMAGE_START = 0x4000
                0x00000100                VECTOR_TABLE_LENGTH = 0x100
                0x00000400                BSP_CFG_STACK_MAIN_BYTES = 0x400
START GROUP
LOAD c:/users/h/.platformio/packages/toolchain-gccarmnoneeabi/bin/../lib/gcc/arm-none-eabi/7.2.1/thumb/v7e-m/fpv4-sp/hard\libgcc.a
LOAD c:/users/h/.platformio/packages/toolchain-gccarmnoneeabi/bin/../lib/gcc/arm-none-eabi/7.2.1/../../../../arm-none-eabi/lib/thumb/v7e-m/fpv4-sp/hard\libc.a
LOAD c:/users/h/.platformio/packages/toolchain-gccarmnoneeabi/bin/../lib/gcc/arm-none-eabi/7.2.1/../../../../arm-none-eabi/lib/thumb/v7e-m/fpv4-sp/hard\libm.a
LOAD c:/users/h/.platformio/packages/toolchain-gccarmnoneeabi/bin/../lib/gcc/arm-none-eabi/7.2.1/../../../../arm-none-eabi/lib/thumb/v7e-m/fpv4-sp/hard\libnosys.a
END GROUP

.text           0x00004000     0xa0f8
                0x00000000                __tz_FLASH_S = ABSOLUTE (FLASH_START)
                0x00004000                __ROM_Start = .
 *(.sketch_boot)
                0x00004000                . = ALIGN (0x800)
 *(.fixed_vectors*)
 .fixed_vectors
                0x00004000       0x40 C:\Users\h\.platformio\packages\framework-arduinorenesas-uno\variants\UNOWIFIR4\libs\libfsp.a(startup.o)
                0x00004000                __Vectors
 *(.application_vectors*)
 .application_vectors
                0x00004040       0x80 .pio\build\ex_lcd_20x4\libFrameworkArduino.a(vector_table.c.o)
                0x00004040                g_vector_table
                0x000040c0                __Vectors_End = .
 *(.text*)
 .text          0x000040c0       0x40 c:/users/h/.platformio/packages/toolchain-gccarmnoneeabi/bin/../lib/gcc/arm-none-eabi/7.2.1/thumb/v7e-m/fpv4-sp/hard/crtbegin.o
 .text.loop     0x00004100       0x68 .pio\build\ex_lcd_20x4\src\examples\20x4lcd\main.cpp.o
                0x00004100                loop
 .text.startup._GLOBAL__sub_I_lcd
                0x00004168        0xc .pio\build\ex_lcd_20x4\src\examples\20x4lcd\main.cpp.o
 .text.setup    0x00004174       0x90 .pio\build\ex_lcd_20x4\src\examples\20x4lcd\main.cpp.o
                0x00004174                setup
 .text._ZN7arduino5Print17availableForWriteEv
                0x00004204        0x4 .pio\build\ex_lcd_20x4\libb0e\libWire.a(Wire.cpp.o)
                0x00004204                arduino::Print::availableForWrite()
 .text.R_BSP_IrqDisable
                0x00004208       0x24 .pio\build\ex_lcd_20x4\libb0e\libWire.a(Wire.cpp.o)
 .text._ZN7TwoWire21WireSCIMasterCallbackEP27st_i2c_master_callback_args
                0x0000422c       0x38 .pio\build\ex_lcd_20x4\libb0e\libWire.a(Wire.cpp.o)
                0x0000422c                TwoWire::WireSCIMasterCallback(st_i2c_master_callback_args*)
 .text._ZN7TwoWire18WireMasterCallbackEP27st_i2c_master_callback_args
                0x00004264       0x38 .pio\build\ex_lcd_20x4\libb0e\libWire.a(Wire.cpp.o)
                0x00004264                TwoWire::WireMasterCallback(st_i2c_master_callback_args*)
 .text._ZN7TwoWire15endTransmissionEv
                0x0000429c        0x8 .pio\build\ex_lcd_20x4\libb0e\libWire.a(Wire.cpp.o)
                0x0000429c                TwoWire::endTransmission()
 .text._ZN7TwoWire11requestFromEhj
                0x000042a4       0x10 .pio\build\ex_lcd_20x4\libb0e\libWire.a(Wire.cpp.o)
                0x000042a4                TwoWire::requestFrom(unsigned char, unsigned int)
 .text._ZN7TwoWire5writeEh
                0x000042b4       0x54 .pio\build\ex_lcd_20x4\libb0e\libWire.a(Wire.cpp.o)
                0x000042b4                TwoWire::write(unsigned char)
 .text._ZN7TwoWire9onReceiveEPFviE
                0x00004308        0x6 .pio\build\ex_lcd_20x4\libb0e\libWire.a(Wire.cpp.o)
                0x00004308                TwoWire::onReceive(void (*)(int))
 .text._ZN7TwoWire9onRequestEPFvvE
                0x0000430e        0x6 .pio\build\ex_lcd_20x4\libb0e\libWire.a(Wire.cpp.o)
                0x0000430e                TwoWire::onRequest(void (*)())
 .text._ZN7TwoWire9availableEv
                0x00004314        0xc .pio\build\ex_lcd_20x4\libb0e\libWire.a(Wire.cpp.o)
                0x00004314                TwoWire::available()
 .text._ZN7TwoWire4readEv
                0x00004320       0x22 .pio\build\ex_lcd_20x4\libb0e\libWire.a(Wire.cpp.o)
                0x00004320                TwoWire::read()
 .text._ZN7TwoWire4peekEv
                0x00004342       0x18 .pio\build\ex_lcd_20x4\libb0e\libWire.a(Wire.cpp.o)
                0x00004342                TwoWire::peek()
 .text._ZN7TwoWire5flushEv
                0x0000435a       0x12 .pio\build\ex_lcd_20x4\libb0e\libWire.a(Wire.cpp.o)
                0x0000435a                TwoWire::flush()
 .text._ZN7TwoWire3endEv
                0x0000436c       0x98 .pio\build\ex_lcd_20x4\libb0e\libWire.a(Wire.cpp.o)
                0x0000436c                TwoWire::end()
 .text._ZN7TwoWire5writeEPKhj
                0x00004404       0x36 .pio\build\ex_lcd_20x4\libb0e\libWire.a(Wire.cpp.o)
                0x00004404                TwoWire::write(unsigned char const*, unsigned int)
 *fill*         0x0000443a        0x2 ff
 .text._ZN7TwoWire8setClockEm
                0x0000443c       0xd8 .pio\build\ex_lcd_20x4\libb0e\libWire.a(Wire.cpp.o)
                0x0000443c                TwoWire::setClock(unsigned long)
 .text._ZN7TwoWire10slave_readEm
                0x00004514       0x28 .pio\build\ex_lcd_20x4\libb0e\libWire.a(Wire.cpp.o)
                0x00004514                TwoWire::slave_read(unsigned long)
 .text._ZN7TwoWire17WireSlaveCallbackEP26st_i2c_slave_callback_args
                0x0000453c      0x104 .pio\build\ex_lcd_20x4\libb0e\libWire.a(Wire.cpp.o)
                0x0000453c                TwoWire::WireSlaveCallback(st_i2c_slave_callback_args*)
 .text._ZN7TwoWireC2Eii17WireAddressMode_tb
                0x00004640       0x98 .pio\build\ex_lcd_20x4\libb0e\libWire.a(Wire.cpp.o)
                0x00004640                TwoWire::TwoWire(int, int, WireAddressMode_t, bool)
                0x00004640                TwoWire::TwoWire(int, int, WireAddressMode_t, bool)
 .text._ZN7TwoWire8cfg_pinsEi
                0x000046d8       0xf4 .pio\build\ex_lcd_20x4\libb0e\libWire.a(Wire.cpp.o)
                0x000046d8                TwoWire::cfg_pins(int)
 .text._ZN7TwoWire6_beginEv
                0x000047cc      0x244 .pio\build\ex_lcd_20x4\libb0e\libWire.a(Wire.cpp.o)
                0x000047cc                TwoWire::_begin()
 .text._ZN7TwoWire5beginEv
                0x00004a10       0x18 .pio\build\ex_lcd_20x4\libb0e\libWire.a(Wire.cpp.o)
                0x00004a10                TwoWire::begin()
 .text._ZN7TwoWire5beginEt
                0x00004a28       0x1e .pio\build\ex_lcd_20x4\libb0e\libWire.a(Wire.cpp.o)
                0x00004a28                TwoWire::begin(unsigned short)
 .text._ZN7TwoWire5beginEh
                0x00004a46        0x4 .pio\build\ex_lcd_20x4\libb0e\libWire.a(Wire.cpp.o)
                0x00004a46                TwoWire::begin(unsigned char)
 .text._ZN7TwoWire9read_fromEhPhhjb
                0x00004a4a       0x72 .pio\build\ex_lcd_20x4\libb0e\libWire.a(Wire.cpp.o)
                0x00004a4a                TwoWire::read_from(unsigned char, unsigned char*, unsigned char, unsigned int, bool)
 .text._ZN7TwoWire8write_toEhPhhjb
                0x00004abc       0x92 .pio\build\ex_lcd_20x4\libb0e\libWire.a(Wire.cpp.o)
                0x00004abc                TwoWire::write_to(unsigned char, unsigned char*, unsigned char, unsigned int, bool)
 .text._ZN7TwoWire15endTransmissionEb
                0x00004b4e       0x26 .pio\build\ex_lcd_20x4\libb0e\libWire.a(Wire.cpp.o)
                0x00004b4e                TwoWire::endTransmission(bool)
 .text._ZN7TwoWire17beginTransmissionEm
                0x00004b74       0x1a .pio\build\ex_lcd_20x4\libb0e\libWire.a(Wire.cpp.o)
                0x00004b74                TwoWire::beginTransmission(unsigned long)
 .text._ZN7TwoWire17beginTransmissionEh
                0x00004b8e        0x4 .pio\build\ex_lcd_20x4\libb0e\libWire.a(Wire.cpp.o)
                0x00004b8e                TwoWire::beginTransmission(unsigned char)
 .text._ZN7TwoWire11requestFromEhjmhh
                0x00004b92       0x7e .pio\build\ex_lcd_20x4\libb0e\libWire.a(Wire.cpp.o)
                0x00004b92                TwoWire::requestFrom(unsigned char, unsigned int, unsigned long, unsigned char, unsigned char)
 .text._ZN7TwoWire11requestFromEhjb
                0x00004c10       0x12 .pio\build\ex_lcd_20x4\libb0e\libWire.a(Wire.cpp.o)
                0x00004c10                TwoWire::requestFrom(unsigned char, unsigned int, bool)
 *fill*         0x00004c22        0x2 ff
 .text.startup._GLOBAL__sub_I__ZN7TwoWire10g_SCIWiresE
                0x00004c24       0x2c .pio\build\ex_lcd_20x4\libb0e\libWire.a(Wire.cpp.o)
 .text._ZN7arduino5Print5flushEv
                0x00004c50        0x2 .pio\build\ex_lcd_20x4\libbcc\libLiquidCrystal_PCF8574.a(LiquidCrystal_PCF8574.cpp.o)
                0x00004c50                arduino::Print::flush()
 *fill*         0x00004c52        0x2 ff
 .text._ZN21LiquidCrystal_PCF8574C2Eh
                0x00004c54       0x34 .pio\build\ex_lcd_20x4\libbcc\libLiquidCrystal_PCF8574.a(LiquidCrystal_PCF8574.cpp.o)
                0x00004c54                LiquidCrystal_PCF8574::LiquidCrystal_PCF8574(unsigned char)
                0x00004c54                LiquidCrystal_PCF8574::LiquidCrystal_PCF8574(unsigned char)
 .text._ZN21LiquidCrystal_PCF857412_writeNibbleEhb
                0x00004c88       0x52 .pio\build\ex_lcd_20x4\libbcc\libLiquidCrystal_PCF8574.a(LiquidCrystal_PCF8574.cpp.o)
                0x00004c88                LiquidCrystal_PCF8574::_writeNibble(unsigned char, bool)
 .text._ZN21LiquidCrystal_PCF85745_sendEhb
                0x00004cda       0x34 .pio\build\ex_lcd_20x4\libbcc\libLiquidCrystal_PCF8574.a(LiquidCrystal_PCF8574.cpp.o)
                0x00004cda                LiquidCrystal_PCF8574::_send(unsigned char, bool)
 .text._ZN21LiquidCrystal_PCF85745writeEh
                0x00004d0e        0xc .pio\build\ex_lcd_20x4\libbcc\libLiquidCrystal_PCF8574.a(LiquidCrystal_PCF8574.cpp.o)
                0x00004d0e                LiquidCrystal_PCF8574::write(unsigned char)
 .text._ZN21LiquidCrystal_PCF85745clearEv
                0x00004d1a       0x16 .pio\build\ex_lcd_20x4\libbcc\libLiquidCrystal_PCF8574.a(LiquidCrystal_PCF8574.cpp.o)
                0x00004d1a                LiquidCrystal_PCF8574::clear()
 .text._ZN21LiquidCrystal_PCF85749setCursorEhh
                0x00004d30       0x2c .pio\build\ex_lcd_20x4\libbcc\libLiquidCrystal_PCF8574.a(LiquidCrystal_PCF8574.cpp.o)
                0x00004d30                LiquidCrystal_PCF8574::setCursor(unsigned char, unsigned char)
 .text._ZN21LiquidCrystal_PCF85747displayEv
                0x00004d5c       0x12 .pio\build\ex_lcd_20x4\libbcc\libLiquidCrystal_PCF8574.a(LiquidCrystal_PCF8574.cpp.o)
                0x00004d5c                LiquidCrystal_PCF8574::display()
 .text._ZN21LiquidCrystal_PCF857411leftToRightEv
                0x00004d6e       0x12 .pio\build\ex_lcd_20x4\libbcc\libLiquidCrystal_PCF8574.a(LiquidCrystal_PCF8574.cpp.o)
                0x00004d6e                LiquidCrystal_PCF8574::leftToRight()
 .text._ZN21LiquidCrystal_PCF857411_sendNibbleEhb
                0x00004d80       0x28 .pio\build\ex_lcd_20x4\libbcc\libLiquidCrystal_PCF8574.a(LiquidCrystal_PCF8574.cpp.o)
                0x00004d80                LiquidCrystal_PCF8574::_sendNibble(unsigned char, bool)
 .text._ZN21LiquidCrystal_PCF857411_write2WireEhbb
                0x00004da8       0x3a .pio\build\ex_lcd_20x4\libbcc\libLiquidCrystal_PCF8574.a(LiquidCrystal_PCF8574.cpp.o)
                0x00004da8                LiquidCrystal_PCF8574::_write2Wire(unsigned char, bool, bool)
 .text._ZN21LiquidCrystal_PCF857412setBacklightEh
                0x00004de2        0xc .pio\build\ex_lcd_20x4\libbcc\libLiquidCrystal_PCF8574.a(LiquidCrystal_PCF8574.cpp.o)
                0x00004de2                LiquidCrystal_PCF8574::setBacklight(unsigned char)
 .text._ZN21LiquidCrystal_PCF85745beginEhhR7TwoWire
                0x00004dee       0xae .pio\build\ex_lcd_20x4\libbcc\libLiquidCrystal_PCF8574.a(LiquidCrystal_PCF8574.cpp.o)
                0x00004dee                LiquidCrystal_PCF8574::begin(unsigned char, unsigned char, TwoWire&)
 .text.startup.main
                0x00004e9c        0xa .pio\build\ex_lcd_20x4\libFrameworkArduinoVariant.a(main.c.o)
                0x00004e9c                main
 .text.PINCOUNT_fn
                0x00004ea6        0x4 .pio\build\ex_lcd_20x4\libFrameworkArduinoVariant.a(variant.cpp.o)
                0x00004ea6                PINCOUNT_fn
 .text._Z17__maybe_start_usbv
                0x00004eaa        0x2 .pio\build\ex_lcd_20x4\libFrameworkArduinoVariant.a(variant.cpp.o)
                0x00004eaa                __maybe_start_usb()
 .text.initVariant
                0x00004eac       0x9c .pio\build\ex_lcd_20x4\libFrameworkArduinoVariant.a(variant.cpp.o)
                0x00004eac                initVariant
 .text._ZN8FspTimerC2Ev
                0x00004f48       0x18 .pio\build\ex_lcd_20x4\libFrameworkArduino.a(FspTimer.cpp.o)
                0x00004f48                FspTimer::FspTimer()
                0x00004f48                FspTimer::FspTimer()
 .text._ZN8FspTimer5beginE12e_timer_modehhmm18e_timer_source_divPFvP22st_timer_callback_argsEPv
                0x00004f60      0x16c .pio\build\ex_lcd_20x4\libFrameworkArduino.a(FspTimer.cpp.o)
                0x00004f60                FspTimer::begin(e_timer_mode, unsigned char, unsigned char, unsigned long, unsigned long, e_timer_source_div, void (*)(st_timer_callback_args*), void*)
 .text._ZN8FspTimer4openEv
                0x000050cc       0x4e .pio\build\ex_lcd_20x4\libFrameworkArduino.a(FspTimer.cpp.o)
                0x000050cc                FspTimer::open()
 .text._ZN8FspTimer5startEv
                0x0000511a       0x2e .pio\build\ex_lcd_20x4\libFrameworkArduino.a(FspTimer.cpp.o)
                0x0000511a                FspTimer::start()
 .text._ZN8FspTimer5closeEv
                0x00005148       0x2e .pio\build\ex_lcd_20x4\libFrameworkArduino.a(FspTimer.cpp.o)
                0x00005148                FspTimer::close()
 *fill*         0x00005176        0x2 ff
 .text._ZN8FspTimer3endEv
                0x00005178       0x48 .pio\build\ex_lcd_20x4\libFrameworkArduino.a(FspTimer.cpp.o)
                0x00005178                FspTimer::end()
 .text._ZN8FspTimerD2Ev
                0x000051c0        0xc .pio\build\ex_lcd_20x4\libFrameworkArduino.a(FspTimer.cpp.o)
                0x000051c0                FspTimer::~FspTimer()
                0x000051c0                FspTimer::~FspTimer()
 .text._ZN8FspTimer15get_cfg_for_irqEv
                0x000051cc       0x14 .pio\build\ex_lcd_20x4\libFrameworkArduino.a(FspTimer.cpp.o)
                0x000051cc                FspTimer::get_cfg_for_irq()
 .text._ZN8FspTimer9is_openedEv
                0x000051e0       0x18 .pio\build\ex_lcd_20x4\libFrameworkArduino.a(FspTimer.cpp.o)
                0x000051e0                FspTimer::is_opened()
 .text._ZN8FspTimer18setup_overflow_irqEhPFvvE
                0x000051f8       0x4e .pio\build\ex_lcd_20x4\libFrameworkArduino.a(FspTimer.cpp.o)
                0x000051f8                FspTimer::setup_overflow_irq(unsigned char, void (*)())
 *fill*         0x00005246        0x2 ff
 .text.__NVIC_SetPriority
                0x00005248       0x28 .pio\build\ex_lcd_20x4\libFrameworkArduino.a(IRQManager.cpp.o)
 .text.R_BSP_IrqEnable
                0x00005270       0x34 .pio\build\ex_lcd_20x4\libFrameworkArduino.a(IRQManager.cpp.o)
 .text.R_BSP_IrqDisable
                0x000052a4       0x24 .pio\build\ex_lcd_20x4\libFrameworkArduino.a(IRQManager.cpp.o)
 .text.__tcf_0  0x000052c8        0x2 .pio\build\ex_lcd_20x4\libFrameworkArduino.a(IRQManager.cpp.o)
 *fill*         0x000052ca        0x2 ff
 .text._ZN10IRQManager11getInstanceEv
                0x000052cc       0x38 .pio\build\ex_lcd_20x4\libFrameworkArduino.a(IRQManager.cpp.o)
                0x000052cc                IRQManager::getInstance()
 .text._ZN10IRQManager18set_ext_link_eventEii
                0x00005304       0xc8 .pio\build\ex_lcd_20x4\libFrameworkArduino.a(IRQManager.cpp.o)
                0x00005304                IRQManager::set_ext_link_event(int, int)
 .text._ZN10IRQManager23set_gpt_over_link_eventEii
                0x000053cc       0x70 .pio\build\ex_lcd_20x4\libFrameworkArduino.a(IRQManager.cpp.o)
                0x000053cc                IRQManager::set_gpt_over_link_event(int, int)
 .text._ZN10IRQManager18set_agt_link_eventEii
                0x0000543c       0x28 .pio\build\ex_lcd_20x4\libFrameworkArduino.a(IRQManager.cpp.o)
                0x0000543c                IRQManager::set_agt_link_event(int, int)
 .text._ZN10IRQManager16addTimerOverflowER5timerPFvvE
                0x00005464       0x80 .pio\build\ex_lcd_20x4\libFrameworkArduino.a(IRQManager.cpp.o)
                0x00005464                IRQManager::addTimerOverflow(timer&, void (*)())
 .text._ZN10IRQManager21set_iic_tx_link_eventEii
                0x000054e4       0x20 .pio\build\ex_lcd_20x4\libFrameworkArduino.a(IRQManager.cpp.o)
                0x000054e4                IRQManager::set_iic_tx_link_event(int, int)
 .text._ZN10IRQManager21set_iic_rx_link_eventEii
                0x00005504       0x20 .pio\build\ex_lcd_20x4\libFrameworkArduino.a(IRQManager.cpp.o)
                0x00005504                IRQManager::set_iic_rx_link_event(int, int)
 .text._ZN10IRQManager22set_iic_tei_link_eventEii
                0x00005524       0x20 .pio\build\ex_lcd_20x4\libFrameworkArduino.a(IRQManager.cpp.o)
                0x00005524                IRQManager::set_iic_tei_link_event(int, int)
 .text._ZN10IRQManager22set_iic_eri_link_eventEii
                0x00005544       0x20 .pio\build\ex_lcd_20x4\libFrameworkArduino.a(IRQManager.cpp.o)
                0x00005544                IRQManager::set_iic_eri_link_event(int, int)
 .text._ZN10IRQManager21set_sci_tx_link_eventEii
                0x00005564       0x38 .pio\build\ex_lcd_20x4\libFrameworkArduino.a(IRQManager.cpp.o)
                0x00005564                IRQManager::set_sci_tx_link_event(int, int)
 .text._ZN10IRQManager21set_sci_rx_link_eventEii
                0x0000559c       0x38 .pio\build\ex_lcd_20x4\libFrameworkArduino.a(IRQManager.cpp.o)
                0x0000559c                IRQManager::set_sci_rx_link_event(int, int)
 .text._ZN10IRQManager22set_sci_tei_link_eventEii
                0x000055d4       0x38 .pio\build\ex_lcd_20x4\libFrameworkArduino.a(IRQManager.cpp.o)
                0x000055d4                IRQManager::set_sci_tei_link_event(int, int)
 .text._ZN10IRQManager22set_sci_eri_link_eventEii
                0x0000560c       0x38 .pio\build\ex_lcd_20x4\libFrameworkArduino.a(IRQManager.cpp.o)
                0x0000560c                IRQManager::set_sci_eri_link_event(int, int)
 .text._ZN10IRQManager21set_spi_tx_link_eventEii
                0x00005644       0x20 .pio\build\ex_lcd_20x4\libFrameworkArduino.a(IRQManager.cpp.o)
                0x00005644                IRQManager::set_spi_tx_link_event(int, int)
 .text._ZN10IRQManager21set_spi_rx_link_eventEii
                0x00005664       0x20 .pio\build\ex_lcd_20x4\libFrameworkArduino.a(IRQManager.cpp.o)
                0x00005664                IRQManager::set_spi_rx_link_event(int, int)
 .text._ZN10IRQManager22set_spi_tei_link_eventEii
                0x00005684       0x20 .pio\build\ex_lcd_20x4\libFrameworkArduino.a(IRQManager.cpp.o)
                0x00005684                IRQManager::set_spi_tei_link_event(int, int)
 .text._ZN10IRQManager22set_spi_eri_link_eventEii
                0x000056a4       0x20 .pio\build\ex_lcd_20x4\libFrameworkArduino.a(IRQManager.cpp.o)
                0x000056a4                IRQManager::set_spi_eri_link_event(int, int)
 .text._ZN10IRQManager13addPeripheralE12Peripheral_tPv
                0x000056c4      0x904 .pio\build\ex_lcd_20x4\libFrameworkArduino.a(IRQManager.cpp.o)
                0x000056c4                IRQManager::addPeripheral(Peripheral_t, void*)
 .text._ZN4UARTcvbEv
                0x00005fc8        0x4 .pio\build\ex_lcd_20x4\libFrameworkArduino.a(Serial.cpp.o)
                0x00005fc8                UART::operator bool()
 .text._ZN4UART5beginEm
                0x00005fcc        0xa .pio\build\ex_lcd_20x4\libFrameworkArduino.a(Serial.cpp.o)
                0x00005fcc                UART::begin(unsigned long)
 .text._ZN4UART5flushEv
                0x00005fd6        0xa .pio\build\ex_lcd_20x4\libFrameworkArduino.a(Serial.cpp.o)
                0x00005fd6                UART::flush()
 .text._ZN4UART4peekEv
                0x00005fe0       0x18 .pio\build\ex_lcd_20x4\libFrameworkArduino.a(Serial.cpp.o)
                0x00005fe0                UART::peek()
 .text._ZN4UART5writeEh
                0x00005ff8       0x34 .pio\build\ex_lcd_20x4\libFrameworkArduino.a(Serial.cpp.o)
                0x00005ff8                UART::write(unsigned char)
 .text._ZN4UART3endEv
                0x0000602c       0x22 .pio\build\ex_lcd_20x4\libFrameworkArduino.a(Serial.cpp.o)
                0x0000602c                UART::end()
 .text._ZN7__GuardD2Ev
                0x0000604e        0xc .pio\build\ex_lcd_20x4\libFrameworkArduino.a(Serial.cpp.o)
                0x0000604e                __Guard::~__Guard()
                0x0000604e                __Guard::~__Guard()
 .text._ZN4UART9availableEv
                0x0000605a       0x32 .pio\build\ex_lcd_20x4\libFrameworkArduino.a(Serial.cpp.o)
                0x0000605a                UART::available()
 .text._ZN4UART15WrapperCallbackEP20st_uart_callback_arg
                0x0000608c       0x90 .pio\build\ex_lcd_20x4\libFrameworkArduino.a(Serial.cpp.o)
                0x0000608c                UART::WrapperCallback(st_uart_callback_arg*)
 .text._ZN4UART4readEv
                0x0000611c       0x5c .pio\build\ex_lcd_20x4\libFrameworkArduino.a(Serial.cpp.o)
                0x0000611c                UART::read()
 .text._ZN4UARTC2Eiiii
                0x00006178       0x78 .pio\build\ex_lcd_20x4\libFrameworkArduino.a(Serial.cpp.o)
                0x00006178                UART::UART(int, int, int, int)
                0x00006178                UART::UART(int, int, int, int)
 .text._ZN4UART13setUpUartIrqsER11st_uart_cfg
                0x000061f0       0x14 .pio\build\ex_lcd_20x4\libFrameworkArduino.a(Serial.cpp.o)
                0x000061f0                UART::setUpUartIrqs(st_uart_cfg&)
 .text._ZN4UART8cfg_pinsEi
                0x00006204       0xe8 .pio\build\ex_lcd_20x4\libFrameworkArduino.a(Serial.cpp.o)
                0x00006204                UART::cfg_pins(int)
 .text._ZN4UART5beginEmt
                0x000062ec      0x1a8 .pio\build\ex_lcd_20x4\libFrameworkArduino.a(Serial.cpp.o)
                0x000062ec                UART::begin(unsigned long, unsigned short)
 .text._ZN4UART9write_rawEPhj
                0x00006494       0x1e .pio\build\ex_lcd_20x4\libFrameworkArduino.a(Serial.cpp.o)
                0x00006494                UART::write_raw(unsigned char*, unsigned int)
 *fill*         0x000064b2        0x2 ff
 .text.startup._GLOBAL__sub_I__UART1_
                0x000064b4       0x1c .pio\build\ex_lcd_20x4\libFrameworkArduino.a(SerialObj1.cpp.o)
 .text._ZL13readAllGroupAP13ADC_Container
                0x000064d0       0x2c .pio\build\ex_lcd_20x4\libFrameworkArduino.a(analog.cpp.o)
 .text._ZL11ADC_irq_cbkP20st_adc_callback_args
                0x000064fc       0x58 .pio\build\ex_lcd_20x4\libFrameworkArduino.a(analog.cpp.o)
 .text._ZL10adcConvertP13ADC_Containert
                0x00006554       0xa4 .pio\build\ex_lcd_20x4\libFrameworkArduino.a(analog.cpp.o)
 .text._ZL21get_ADC_container_ptrlRt.constprop.4
                0x000065f8       0x38 .pio\build\ex_lcd_20x4\libFrameworkArduino.a(analog.cpp.o)
 .text._ZN13ADC_ContainerC2EhPFvP20st_adc_callback_argsEPv
                0x00006630       0x6e .pio\build\ex_lcd_20x4\libFrameworkArduino.a(analog.cpp.o)
                0x00006630                ADC_Container::ADC_Container(unsigned char, void (*)(st_adc_callback_args*), void*)
                0x00006630                ADC_Container::ADC_Container(unsigned char, void (*)(st_adc_callback_args*), void*)
 .text._ZN13ADC_ContainerD2Ev
                0x0000669e       0x12 .pio\build\ex_lcd_20x4\libFrameworkArduino.a(analog.cpp.o)
                0x0000669e                ADC_Container::~ADC_Container()
                0x0000669e                ADC_Container::~ADC_Container()
 .text.analogRead
                0x000066b0       0x3c .pio\build\ex_lcd_20x4\libFrameworkArduino.a(analog.cpp.o)
                0x000066b0                analogRead
 .text.analogReference
                0x000066ec       0x5c .pio\build\ex_lcd_20x4\libFrameworkArduino.a(analog.cpp.o)
                0x000066ec                analogReference
 .text._Z15analogReferencev
                0x00006748      0x10c .pio\build\ex_lcd_20x4\libFrameworkArduino.a(analog.cpp.o)
                0x00006748                analogReference()
 .text._Z23__get_timer_for_channeli
                0x00006854       0x2c .pio\build\ex_lcd_20x4\libFrameworkArduino.a(analog.cpp.o)
                0x00006854                __get_timer_for_channel(int)
 .text.startup._GLOBAL__sub_I__ZN13ADC_ContainerC2EhPFvP20st_adc_callback_argsEPv
                0x00006880       0x4c .pio\build\ex_lcd_20x4\libFrameworkArduino.a(analog.cpp.o)
 .text.exit._GLOBAL__sub_D__ZN13ADC_ContainerC2EhPFvP20st_adc_callback_argsEPv
                0x000068cc       0x1c .pio\build\ex_lcd_20x4\libFrameworkArduino.a(analog.cpp.o)
 .text._Z3maplllll
                0x000068e8       0x14 .pio\build\ex_lcd_20x4\libFrameworkArduino.a(Common.cpp.o)
                0x000068e8                map(long, long, long, long, long)
 .text._ZN7arduino5Print5writeEPKhj
                0x000068fc       0x2c .pio\build\ex_lcd_20x4\libFrameworkArduino.a(Print.cpp.o)
                0x000068fc                arduino::Print::write(unsigned char const*, unsigned int)
 .text._ZN7arduino5Print5writeEPKc.part.2
                0x00006928       0x1e .pio\build\ex_lcd_20x4\libFrameworkArduino.a(Print.cpp.o)
 .text._ZN7arduino5Print5writeEPKc
                0x00006946        0xa .pio\build\ex_lcd_20x4\libFrameworkArduino.a(Print.cpp.o)
                0x00006946                arduino::Print::write(char const*)
 .text._ZN7arduino5Print5printEPKc
                0x00006950        0x8 .pio\build\ex_lcd_20x4\libFrameworkArduino.a(Print.cpp.o)
                0x00006950                arduino::Print::print(char const*)
 .text._ZN7arduino5Print7printlnEv
                0x00006958        0xc .pio\build\ex_lcd_20x4\libFrameworkArduino.a(Print.cpp.o)
                0x00006958                arduino::Print::println()
 .text._ZN7arduino5Print7printlnEPKc
                0x00006964       0x14 .pio\build\ex_lcd_20x4\libFrameworkArduino.a(Print.cpp.o)
                0x00006964                arduino::Print::println(char const*)
 .text._ZN7arduino5Print11printNumberEmh
                0x00006978       0x3c .pio\build\ex_lcd_20x4\libFrameworkArduino.a(Print.cpp.o)
                0x00006978                arduino::Print::printNumber(unsigned long, unsigned char)
 .text._ZN7arduino5Print5printEmi
                0x000069b4       0x1a .pio\build\ex_lcd_20x4\libFrameworkArduino.a(Print.cpp.o)
                0x000069b4                arduino::Print::print(unsigned long, int)
 .text._ZN7arduino5Print7printlnEmi
                0x000069ce       0x14 .pio\build\ex_lcd_20x4\libFrameworkArduino.a(Print.cpp.o)
                0x000069ce                arduino::Print::println(unsigned long, int)
 *fill*         0x000069e2        0x2 ff
 .text._ZN4CDacC2Eh
                0x000069e4       0x6c .pio\build\ex_lcd_20x4\libFrameworkArduino.a(dac.cpp.o)
                0x000069e4                CDac::CDac(unsigned char)
                0x000069e4                CDac::CDac(unsigned char)
 .text.startup._GLOBAL__sub_I__ZN4CDacC2Eh
                0x00006a50        0xc .pio\build\ex_lcd_20x4\libFrameworkArduino.a(dac.cpp.o)
 .text.pinMode  0x00006a5c       0x30 .pio\build\ex_lcd_20x4\libFrameworkArduino.a(digital.cpp.o)
                0x00006a5c                pinMode
 .text.digitalWrite
                0x00006a8c       0x18 .pio\build\ex_lcd_20x4\libFrameworkArduino.a(digital.cpp.o)
                0x00006a8c                digitalWrite
 .text.R_BSP_PinAccessEnable
                0x00006aa4       0x2c .pio\build\ex_lcd_20x4\libFrameworkArduino.a(main.cpp.o)
 .text.start_freertos_on_header_inclusion
                0x00006ad0        0x2 .pio\build\ex_lcd_20x4\libFrameworkArduino.a(main.cpp.o)
                0x00006ad0                start_freertos_on_header_inclusion
 .text.early_start_freertos_on_header_inclusion
                0x00006ad2        0x2 .pio\build\ex_lcd_20x4\libFrameworkArduino.a(main.cpp.o)
                0x00006ad2                early_start_freertos_on_header_inclusion
 .text._Z12arduino_mainv
                0x00006ad4       0x94 .pio\build\ex_lcd_20x4\libFrameworkArduino.a(main.cpp.o)
                0x00006ad4                arduino_main()
 .text._write   0x00006b68        0xc .pio\build\ex_lcd_20x4\libFrameworkArduino.a(main.cpp.o)
                0x00006b68                _write
 .text.hal_entry
                0x00006b74        0x6 .pio\build\ex_lcd_20x4\libFrameworkArduino.a(main.cpp.o)
                0x00006b74                hal_entry
 .text.atexit   0x00006b7a        0x4 .pio\build\ex_lcd_20x4\libFrameworkArduino.a(main.cpp.o)
                0x00006b7a                atexit
 *fill*         0x00006b7e        0x2 ff
 .text._Z13pinPeripheral19e_bsp_io_port_pin_tm
                0x00006b80       0x10 .pio\build\ex_lcd_20x4\libFrameworkArduino.a(pinDefinitions.cpp.o)
                0x00006b80                pinPeripheral(e_bsp_io_port_pin_t, unsigned long)
 .text._ZL21timer_micros_callbackP22st_timer_callback_args
                0x00006b90       0x10 .pio\build\ex_lcd_20x4\libFrameworkArduino.a(time.cpp.o)
 .text.delayMicroseconds
                0x00006ba0        0x6 .pio\build\ex_lcd_20x4\libFrameworkArduino.a(time.cpp.o)
                0x00006ba0                delayMicroseconds
 *fill*         0x00006ba6        0x2 ff
 .text._Z8startAgtv
                0x00006ba8       0x6c .pio\build\ex_lcd_20x4\libFrameworkArduino.a(time.cpp.o)
                0x00006ba8                startAgt()
 .text.millis   0x00006c14        0xc .pio\build\ex_lcd_20x4\libFrameworkArduino.a(time.cpp.o)
                0x00006c14                millis
 .text.startup._GLOBAL__sub_I_delayMicroseconds
                0x00006c20        0xc .pio\build\ex_lcd_20x4\libFrameworkArduino.a(time.cpp.o)
 .text.exit._GLOBAL__sub_D_delayMicroseconds
                0x00006c2c        0xc .pio\build\ex_lcd_20x4\libFrameworkArduino.a(time.cpp.o)
 .text._Z10getPinCfgsh11PinCfgReq_t
                0x00006c38       0xe0 .pio\build\ex_lcd_20x4\libFrameworkArduino.a(variant_helper.cpp.o)
                0x00006c38                getPinCfgs(unsigned char, PinCfgReq_t)
 .text.dump_stack
                0x00006d18       0x7c .pio\build\ex_lcd_20x4\libFrameworkArduino.a(cm_backtrace.c.o)
 .text.cm_backtrace_init
                0x00006d94       0x74 .pio\build\ex_lcd_20x4\libFrameworkArduino.a(cm_backtrace.c.o)
                0x00006d94                cm_backtrace_init
 .text.cm_backtrace_firmware_info
                0x00006e08       0x2c .pio\build\ex_lcd_20x4\libFrameworkArduino.a(cm_backtrace.c.o)
                0x00006e08                cm_backtrace_firmware_info
 .text.cm_backtrace_call_stack
                0x00006e34       0xe4 .pio\build\ex_lcd_20x4\libFrameworkArduino.a(cm_backtrace.c.o)
                0x00006e34                cm_backtrace_call_stack
 .text.print_call_stack
                0x00006f18       0x94 .pio\build\ex_lcd_20x4\libFrameworkArduino.a(cm_backtrace.c.o)
 .text.cm_backtrace_fault
                0x00006fac      0x470 .pio\build\ex_lcd_20x4\libFrameworkArduino.a(cm_backtrace.c.o)
                0x00006fac                cm_backtrace_fault
 .text.Stacktrace_Handler
                0x0000741c        0xa .pio\build\ex_lcd_20x4\libFrameworkArduino.a(cortex_handlers.c.o)
                0x0000741c                Stacktrace_Handler
 *fill*         0x00007426        0x2 ff
 .text.r_spi_call_callback
                0x00007428       0x40 C:\Users\h\.platformio\packages\framework-arduinorenesas-uno\variants\UNOWIFIR4\libs\libfsp.a(r_spi.o)
 .text.spi_rxi_isr
                0x00007468       0x9c C:\Users\h\.platformio\packages\framework-arduinorenesas-uno\variants\UNOWIFIR4\libs\libfsp.a(r_spi.o)
                0x00007468                spi_rxi_isr
 .text.spi_txi_isr
                0x00007504       0xd8 C:\Users\h\.platformio\packages\framework-arduinorenesas-uno\variants\UNOWIFIR4\libs\libfsp.a(r_spi.o)
                0x00007504                spi_txi_isr
 .text.spi_tei_isr
                0x000075dc       0xe0 C:\Users\h\.platformio\packages\framework-arduinorenesas-uno\variants\UNOWIFIR4\libs\libfsp.a(r_spi.o)
                0x000075dc                spi_tei_isr
 .text.spi_eri_isr
                0x000076bc       0xdc C:\Users\h\.platformio\packages\framework-arduinorenesas-uno\variants\UNOWIFIR4\libs\libfsp.a(r_spi.o)
                0x000076bc                spi_eri_isr
 .text.R_SCI_UART_Write
                0x00007798       0xb0 C:\Users\h\.platformio\packages\framework-arduinorenesas-uno\variants\UNOWIFIR4\libs\libfsp.a(r_sci_uart.o)
                0x00007798                R_SCI_UART_Write
 .text.R_SCI_UART_BaudSet
                0x00007848       0x44 C:\Users\h\.platformio\packages\framework-arduinorenesas-uno\variants\UNOWIFIR4\libs\libfsp.a(r_sci_uart.o)
                0x00007848                R_SCI_UART_BaudSet
 .text.R_SCI_UART_Close
                0x0000788c       0xd8 C:\Users\h\.platformio\packages\framework-arduinorenesas-uno\variants\UNOWIFIR4\libs\libfsp.a(r_sci_uart.o)
                0x0000788c                R_SCI_UART_Close
 .text.r_sci_uart_call_callback
                0x00007964       0x44 C:\Users\h\.platformio\packages\framework-arduinorenesas-uno\variants\UNOWIFIR4\libs\libfsp.a(r_sci_uart.o)
 .text.r_sci_uart_transfer_configure.isra.0
                0x000079a8       0x38 C:\Users\h\.platformio\packages\framework-arduinorenesas-uno\variants\UNOWIFIR4\libs\libfsp.a(r_sci_uart.o)
 .text.R_SCI_UART_Open
                0x000079e0      0x448 C:\Users\h\.platformio\packages\framework-arduinorenesas-uno\variants\UNOWIFIR4\libs\libfsp.a(r_sci_uart.o)
                0x000079e0                R_SCI_UART_Open
 .text.R_SCI_UART_BaudCalculate
                0x00007e28      0x184 C:\Users\h\.platformio\packages\framework-arduinorenesas-uno\variants\UNOWIFIR4\libs\libfsp.a(r_sci_uart.o)
                0x00007e28                R_SCI_UART_BaudCalculate
 .text.sci_uart_txi_isr
                0x00007fac       0xec C:\Users\h\.platformio\packages\framework-arduinorenesas-uno\variants\UNOWIFIR4\libs\libfsp.a(r_sci_uart.o)
                0x00007fac                sci_uart_txi_isr
 .text.sci_uart_rxi_isr
                0x00008098      0x184 C:\Users\h\.platformio\packages\framework-arduinorenesas-uno\variants\UNOWIFIR4\libs\libfsp.a(r_sci_uart.o)
                0x00008098                sci_uart_rxi_isr
 .text.sci_uart_tei_isr
                0x0000821c       0x40 C:\Users\h\.platformio\packages\framework-arduinorenesas-uno\variants\UNOWIFIR4\libs\libfsp.a(r_sci_uart.o)
                0x0000821c                sci_uart_tei_isr
 .text.sci_uart_eri_isr
                0x0000825c       0x78 C:\Users\h\.platformio\packages\framework-arduinorenesas-uno\variants\UNOWIFIR4\libs\libfsp.a(r_sci_uart.o)
                0x0000825c                sci_uart_eri_isr
 .text.r_sci_spi_call_callback
                0x000082d4       0x40 C:\Users\h\.platformio\packages\framework-arduinorenesas-uno\variants\UNOWIFIR4\libs\libfsp.a(r_sci_spi.o)
 .text.sci_spi_txi_isr
                0x00008314       0x68 C:\Users\h\.platformio\packages\framework-arduinorenesas-uno\variants\UNOWIFIR4\libs\libfsp.a(r_sci_spi.o)
                0x00008314                sci_spi_txi_isr
 .text.sci_spi_rxi_isr
                0x0000837c       0x74 C:\Users\h\.platformio\packages\framework-arduinorenesas-uno\variants\UNOWIFIR4\libs\libfsp.a(r_sci_spi.o)
                0x0000837c                sci_spi_rxi_isr
 .text.sci_spi_tei_isr
                0x000083f0       0x3c C:\Users\h\.platformio\packages\framework-arduinorenesas-uno\variants\UNOWIFIR4\libs\libfsp.a(r_sci_spi.o)
                0x000083f0                sci_spi_tei_isr
 .text.sci_spi_eri_isr
                0x0000842c       0x44 C:\Users\h\.platformio\packages\framework-arduinorenesas-uno\variants\UNOWIFIR4\libs\libfsp.a(r_sci_spi.o)
                0x0000842c                sci_spi_eri_isr
 .text.R_SCI_I2C_Abort
                0x00008470       0x20 C:\Users\h\.platformio\packages\framework-arduinorenesas-uno\variants\UNOWIFIR4\libs\libfsp.a(r_sci_i2c.o)
                0x00008470                R_SCI_I2C_Abort
 .text.R_SCI_I2C_SlaveAddressSet
                0x00008490        0x8 C:\Users\h\.platformio\packages\framework-arduinorenesas-uno\variants\UNOWIFIR4\libs\libfsp.a(r_sci_i2c.o)
                0x00008490                R_SCI_I2C_SlaveAddressSet
 .text.R_SCI_I2C_CallbackSet
                0x00008498        0xc C:\Users\h\.platformio\packages\framework-arduinorenesas-uno\variants\UNOWIFIR4\libs\libfsp.a(r_sci_i2c.o)
                0x00008498                R_SCI_I2C_CallbackSet
 .text.R_SCI_I2C_StatusGet
                0x000084a4       0x18 C:\Users\h\.platformio\packages\framework-arduinorenesas-uno\variants\UNOWIFIR4\libs\libfsp.a(r_sci_i2c.o)
                0x000084a4                R_SCI_I2C_StatusGet
 .text.R_SCI_I2C_Close
                0x000084bc       0x70 C:\Users\h\.platformio\packages\framework-arduinorenesas-uno\variants\UNOWIFIR4\libs\libfsp.a(r_sci_i2c.o)
                0x000084bc                R_SCI_I2C_Close
 .text.sci_i2c_enable_transfer_support_tx
                0x0000852c       0x34 C:\Users\h\.platformio\packages\framework-arduinorenesas-uno\variants\UNOWIFIR4\libs\libfsp.a(r_sci_i2c.o)
 .text.R_SCI_I2C_Write
                0x00008560       0xec C:\Users\h\.platformio\packages\framework-arduinorenesas-uno\variants\UNOWIFIR4\libs\libfsp.a(r_sci_i2c.o)
                0x00008560                R_SCI_I2C_Write
 .text.R_SCI_I2C_Read
                0x0000864c       0xf0 C:\Users\h\.platformio\packages\framework-arduinorenesas-uno\variants\UNOWIFIR4\libs\libfsp.a(r_sci_i2c.o)
                0x0000864c                R_SCI_I2C_Read
 .text.R_SCI_I2C_Open
                0x0000873c      0x220 C:\Users\h\.platformio\packages\framework-arduinorenesas-uno\variants\UNOWIFIR4\libs\libfsp.a(r_sci_i2c.o)
                0x0000873c                R_SCI_I2C_Open
 .text.sci_i2c_notify
                0x0000895c       0x64 C:\Users\h\.platformio\packages\framework-arduinorenesas-uno\variants\UNOWIFIR4\libs\libfsp.a(r_sci_i2c.o)
                0x0000895c                sci_i2c_notify
 .text.sci_i2c_rxi_isr
                0x000089c0       0x20 C:\Users\h\.platformio\packages\framework-arduinorenesas-uno\variants\UNOWIFIR4\libs\libfsp.a(r_sci_i2c.o)
                0x000089c0                sci_i2c_rxi_isr
 .text.sci_i2c_txi_isr
                0x000089e0      0x198 C:\Users\h\.platformio\packages\framework-arduinorenesas-uno\variants\UNOWIFIR4\libs\libfsp.a(r_sci_i2c.o)
                0x000089e0                sci_i2c_txi_isr
 .text.sci_i2c_tei_isr
                0x00008b78       0xf0 C:\Users\h\.platformio\packages\framework-arduinorenesas-uno\variants\UNOWIFIR4\libs\libfsp.a(r_sci_i2c.o)
                0x00008b78                sci_i2c_tei_isr
 .text.rtc_alarm_periodic_isr
                0x00008c68       0x68 C:\Users\h\.platformio\packages\framework-arduinorenesas-uno\variants\UNOWIFIR4\libs\libfsp.a(r_rtc.o)
                0x00008c68                rtc_alarm_periodic_isr
 .text.rtc_carry_isr
                0x00008cd0       0x2c C:\Users\h\.platformio\packages\framework-arduinorenesas-uno\variants\UNOWIFIR4\libs\libfsp.a(r_rtc.o)
                0x00008cd0                rtc_carry_isr
 .text.R_IOPORT_PinWrite
                0x00008cfc       0x20 C:\Users\h\.platformio\packages\framework-arduinorenesas-uno\variants\UNOWIFIR4\libs\libfsp.a(r_ioport.o)
                0x00008cfc                R_IOPORT_PinWrite
 .text.bsp_vbatt_init
                0x00008d1c       0xac C:\Users\h\.platformio\packages\framework-arduinorenesas-uno\variants\UNOWIFIR4\libs\libfsp.a(r_ioport.o)
 .text.R_IOPORT_PinCfg
                0x00008dc8       0xa8 C:\Users\h\.platformio\packages\framework-arduinorenesas-uno\variants\UNOWIFIR4\libs\libfsp.a(r_ioport.o)
                0x00008dc8                R_IOPORT_PinCfg
 .text.R_IIC_SLAVE_Read
                0x00008e70       0x38 C:\Users\h\.platformio\packages\framework-arduinorenesas-uno\variants\UNOWIFIR4\libs\libfsp.a(r_iic_slave.o)
                0x00008e70                R_IIC_SLAVE_Read
 .text.R_IIC_SLAVE_Write
                0x00008ea8       0x34 C:\Users\h\.platformio\packages\framework-arduinorenesas-uno\variants\UNOWIFIR4\libs\libfsp.a(r_iic_slave.o)
                0x00008ea8                R_IIC_SLAVE_Write
 .text.R_IIC_SLAVE_CallbackSet
                0x00008edc        0xc C:\Users\h\.platformio\packages\framework-arduinorenesas-uno\variants\UNOWIFIR4\libs\libfsp.a(r_iic_slave.o)
                0x00008edc                R_IIC_SLAVE_CallbackSet
 .text.R_IIC_SLAVE_Close
                0x00008ee8       0xcc C:\Users\h\.platformio\packages\framework-arduinorenesas-uno\variants\UNOWIFIR4\libs\libfsp.a(r_iic_slave.o)
                0x00008ee8                R_IIC_SLAVE_Close
 .text.r_iic_slave_call_callback
                0x00008fb4       0x3c C:\Users\h\.platformio\packages\framework-arduinorenesas-uno\variants\UNOWIFIR4\libs\libfsp.a(r_iic_slave.o)
 .text.iic_slave_initiate_transaction
                0x00008ff0       0x74 C:\Users\h\.platformio\packages\framework-arduinorenesas-uno\variants\UNOWIFIR4\libs\libfsp.a(r_iic_slave.o)
 .text.R_IIC_SLAVE_Open
                0x00009064      0x228 C:\Users\h\.platformio\packages\framework-arduinorenesas-uno\variants\UNOWIFIR4\libs\libfsp.a(r_iic_slave.o)
                0x00009064                R_IIC_SLAVE_Open
 .text.iic_slave_rxi_isr
                0x0000928c      0x12c C:\Users\h\.platformio\packages\framework-arduinorenesas-uno\variants\UNOWIFIR4\libs\libfsp.a(r_iic_slave.o)
                0x0000928c                iic_slave_rxi_isr
 .text.iic_slave_txi_isr
                0x000093b8       0xa8 C:\Users\h\.platformio\packages\framework-arduinorenesas-uno\variants\UNOWIFIR4\libs\libfsp.a(r_iic_slave.o)
                0x000093b8                iic_slave_txi_isr
 .text.iic_slave_tei_isr
                0x00009460       0x94 C:\Users\h\.platformio\packages\framework-arduinorenesas-uno\variants\UNOWIFIR4\libs\libfsp.a(r_iic_slave.o)
                0x00009460                iic_slave_tei_isr
 .text.iic_slave_eri_isr
                0x000094f4      0x10c C:\Users\h\.platformio\packages\framework-arduinorenesas-uno\variants\UNOWIFIR4\libs\libfsp.a(r_iic_slave.o)
                0x000094f4                iic_slave_eri_isr
 .text.R_IIC_MASTER_SlaveAddressSet
                0x00009600        0x8 C:\Users\h\.platformio\packages\framework-arduinorenesas-uno\variants\UNOWIFIR4\libs\libfsp.a(r_iic_master.o)
                0x00009600                R_IIC_MASTER_SlaveAddressSet
 .text.R_IIC_MASTER_CallbackSet
                0x00009608        0xc C:\Users\h\.platformio\packages\framework-arduinorenesas-uno\variants\UNOWIFIR4\libs\libfsp.a(r_iic_master.o)
                0x00009608                R_IIC_MASTER_CallbackSet
 .text.R_IIC_MASTER_StatusGet
                0x00009614       0x18 C:\Users\h\.platformio\packages\framework-arduinorenesas-uno\variants\UNOWIFIR4\libs\libfsp.a(r_iic_master.o)
                0x00009614                R_IIC_MASTER_StatusGet
 .text.iic_master_notify
                0x0000962c       0x3c C:\Users\h\.platformio\packages\framework-arduinorenesas-uno\variants\UNOWIFIR4\libs\libfsp.a(r_iic_master.o)
 .text.iic_master_run_hw_master
                0x00009668       0xd8 C:\Users\h\.platformio\packages\framework-arduinorenesas-uno\variants\UNOWIFIR4\libs\libfsp.a(r_iic_master.o)
 .text.R_IIC_MASTER_Read
                0x00009740       0x34 C:\Users\h\.platformio\packages\framework-arduinorenesas-uno\variants\UNOWIFIR4\libs\libfsp.a(r_iic_master.o)
                0x00009740                R_IIC_MASTER_Read
 .text.R_IIC_MASTER_Write
                0x00009774       0x30 C:\Users\h\.platformio\packages\framework-arduinorenesas-uno\variants\UNOWIFIR4\libs\libfsp.a(r_iic_master.o)
                0x00009774                R_IIC_MASTER_Write
 .text.iic_master_open_hw_master
                0x000097a4      0x184 C:\Users\h\.platformio\packages\framework-arduinorenesas-uno\variants\UNOWIFIR4\libs\libfsp.a(r_iic_master.o)
 .text.R_IIC_MASTER_Open
                0x00009928       0x7c C:\Users\h\.platformio\packages\framework-arduinorenesas-uno\variants\UNOWIFIR4\libs\libfsp.a(r_iic_master.o)
                0x00009928                R_IIC_MASTER_Open
 .text.R_IIC_MASTER_Abort
                0x000099a4       0x4c C:\Users\h\.platformio\packages\framework-arduinorenesas-uno\variants\UNOWIFIR4\libs\libfsp.a(r_iic_master.o)
                0x000099a4                R_IIC_MASTER_Abort
 .text.R_IIC_MASTER_Close
                0x000099f0      0x104 C:\Users\h\.platformio\packages\framework-arduinorenesas-uno\variants\UNOWIFIR4\libs\libfsp.a(r_iic_master.o)
                0x000099f0                R_IIC_MASTER_Close
 .text.iic_master_rxi_isr
                0x00009af4      0x13c C:\Users\h\.platformio\packages\framework-arduinorenesas-uno\variants\UNOWIFIR4\libs\libfsp.a(r_iic_master.o)
                0x00009af4                iic_master_rxi_isr
 .text.iic_master_txi_isr
                0x00009c30       0xec C:\Users\h\.platformio\packages\framework-arduinorenesas-uno\variants\UNOWIFIR4\libs\libfsp.a(r_iic_master.o)
                0x00009c30                iic_master_txi_isr
 .text.iic_master_tei_isr
                0x00009d1c       0xc4 C:\Users\h\.platformio\packages\framework-arduinorenesas-uno\variants\UNOWIFIR4\libs\libfsp.a(r_iic_master.o)
                0x00009d1c                iic_master_tei_isr
 .text.iic_master_eri_isr
                0x00009de0      0x140 C:\Users\h\.platformio\packages\framework-arduinorenesas-uno\variants\UNOWIFIR4\libs\libfsp.a(r_iic_master.o)
                0x00009de0                iic_master_eri_isr
 .text.r_icu_isr
                0x00009f20       0x6c C:\Users\h\.platformio\packages\framework-arduinorenesas-uno\variants\UNOWIFIR4\libs\libfsp.a(r_icu.o)
                0x00009f20                r_icu_isr
 .text.R_GPT_Start
                0x00009f8c        0xc C:\Users\h\.platformio\packages\framework-arduinorenesas-uno\variants\UNOWIFIR4\libs\libfsp.a(r_gpt.o)
                0x00009f8c                R_GPT_Start
 .text.R_GPT_Enable
                0x00009f98       0x30 C:\Users\h\.platformio\packages\framework-arduinorenesas-uno\variants\UNOWIFIR4\libs\libfsp.a(r_gpt.o)
                0x00009f98                R_GPT_Enable
 .text.r_gpt_enable_irq
                0x00009fc8       0x5c C:\Users\h\.platformio\packages\framework-arduinorenesas-uno\variants\UNOWIFIR4\libs\libfsp.a(r_gpt.o)
 .text.r_gpt_call_callback
                0x0000a024       0x3c C:\Users\h\.platformio\packages\framework-arduinorenesas-uno\variants\UNOWIFIR4\libs\libfsp.a(r_gpt.o)
 .text.gpt_calculate_duty_cycle.isra.0
                0x0000a060       0x78 C:\Users\h\.platformio\packages\framework-arduinorenesas-uno\variants\UNOWIFIR4\libs\libfsp.a(r_gpt.o)
 .text.R_GPT_Open
                0x0000a0d8      0x264 C:\Users\h\.platformio\packages\framework-arduinorenesas-uno\variants\UNOWIFIR4\libs\libfsp.a(r_gpt.o)
                0x0000a0d8                R_GPT_Open
 .text.R_GPT_Close
                0x0000a33c       0xd4 C:\Users\h\.platformio\packages\framework-arduinorenesas-uno\variants\UNOWIFIR4\libs\libfsp.a(r_gpt.o)
                0x0000a33c                R_GPT_Close
 .text.gpt_counter_overflow_isr
                0x0000a410       0x78 C:\Users\h\.platformio\packages\framework-arduinorenesas-uno\variants\UNOWIFIR4\libs\libfsp.a(r_gpt.o)
                0x0000a410                gpt_counter_overflow_isr
 .text.R_DAC_Open
                0x0000a488       0x88 C:\Users\h\.platformio\packages\framework-arduinorenesas-uno\variants\UNOWIFIR4\libs\libfsp.a(r_dac.o)
                0x0000a488                R_DAC_Open
 .text.R_DAC_Write
                0x0000a510        0xc C:\Users\h\.platformio\packages\framework-arduinorenesas-uno\variants\UNOWIFIR4\libs\libfsp.a(r_dac.o)
                0x0000a510                R_DAC_Write
 .text.R_DAC_Start
                0x0000a51c       0x30 C:\Users\h\.platformio\packages\framework-arduinorenesas-uno\variants\UNOWIFIR4\libs\libfsp.a(r_dac.o)
                0x0000a51c                R_DAC_Start
 .text.R_DAC_Stop
                0x0000a54c       0x34 C:\Users\h\.platformio\packages\framework-arduinorenesas-uno\variants\UNOWIFIR4\libs\libfsp.a(r_dac.o)
                0x0000a54c                R_DAC_Stop
 .text.R_DAC_Close
                0x0000a580       0x40 C:\Users\h\.platformio\packages\framework-arduinorenesas-uno\variants\UNOWIFIR4\libs\libfsp.a(r_dac.o)
                0x0000a580                R_DAC_Close
 .text.r_can_call_callback
                0x0000a5c0       0x68 C:\Users\h\.platformio\packages\framework-arduinorenesas-uno\variants\UNOWIFIR4\libs\libfsp.a(r_can.o)
 .text.can_error_isr
                0x0000a628       0xd4 C:\Users\h\.platformio\packages\framework-arduinorenesas-uno\variants\UNOWIFIR4\libs\libfsp.a(r_can.o)
                0x0000a628                can_error_isr
 .text.can_rx_isr
                0x0000a6fc      0x118 C:\Users\h\.platformio\packages\framework-arduinorenesas-uno\variants\UNOWIFIR4\libs\libfsp.a(r_can.o)
                0x0000a6fc                can_rx_isr
 .text.can_tx_isr
                0x0000a814       0xa0 C:\Users\h\.platformio\packages\framework-arduinorenesas-uno\variants\UNOWIFIR4\libs\libfsp.a(r_can.o)
                0x0000a814                can_tx_isr
 .text.R_AGT_Start
                0x0000a8b4       0x38 C:\Users\h\.platformio\packages\framework-arduinorenesas-uno\variants\UNOWIFIR4\libs\libfsp.a(r_agt.o)
                0x0000a8b4                R_AGT_Start
 .text.R_AGT_Enable
                0x0000a8ec       0x14 C:\Users\h\.platformio\packages\framework-arduinorenesas-uno\variants\UNOWIFIR4\libs\libfsp.a(r_agt.o)
                0x0000a8ec                R_AGT_Enable
 .text.R_AGT_Close
                0x0000a900       0x84 C:\Users\h\.platformio\packages\framework-arduinorenesas-uno\variants\UNOWIFIR4\libs\libfsp.a(r_agt.o)
                0x0000a900                R_AGT_Close
 .text.R_AGT_Open
                0x0000a984      0x118 C:\Users\h\.platformio\packages\framework-arduinorenesas-uno\variants\UNOWIFIR4\libs\libfsp.a(r_agt.o)
                0x0000a984                R_AGT_Open
 .text.agt_int_isr
                0x0000aa9c       0x88 C:\Users\h\.platformio\packages\framework-arduinorenesas-uno\variants\UNOWIFIR4\libs\libfsp.a(r_agt.o)
                0x0000aa9c                agt_int_isr
 .text.R_ADC_ScanStart
                0x0000ab24        0xc C:\Users\h\.platformio\packages\framework-arduinorenesas-uno\variants\UNOWIFIR4\libs\libfsp.a(r_adc.o)
                0x0000ab24                R_ADC_ScanStart
 .text.R_ADC_StatusGet
                0x0000ab30       0x10 C:\Users\h\.platformio\packages\framework-arduinorenesas-uno\variants\UNOWIFIR4\libs\libfsp.a(r_adc.o)
                0x0000ab30                R_ADC_StatusGet
 .text.R_ADC_Read
                0x0000ab40       0x10 C:\Users\h\.platformio\packages\framework-arduinorenesas-uno\variants\UNOWIFIR4\libs\libfsp.a(r_adc.o)
                0x0000ab40                R_ADC_Read
 .text.R_ADC_ScanCfg
                0x0000ab50      0x1a0 C:\Users\h\.platformio\packages\framework-arduinorenesas-uno\variants\UNOWIFIR4\libs\libfsp.a(r_adc.o)
                0x0000ab50                R_ADC_ScanCfg
 .text.R_ADC_Open
                0x0000acf0      0x240 C:\Users\h\.platformio\packages\framework-arduinorenesas-uno\variants\UNOWIFIR4\libs\libfsp.a(r_adc.o)
                0x0000acf0                R_ADC_Open
 .text.R_ADC_Close
                0x0000af30       0xfc C:\Users\h\.platformio\packages\framework-arduinorenesas-uno\variants\UNOWIFIR4\libs\libfsp.a(r_adc.o)
                0x0000af30                R_ADC_Close
 .text.SystemCoreClockUpdate
                0x0000b02c       0x28 C:\Users\h\.platformio\packages\framework-arduinorenesas-uno\variants\UNOWIFIR4\libs\libfsp.a(bsp_clocks.o)
                0x0000b02c                SystemCoreClockUpdate
 .text.bsp_clock_init
                0x0000b054      0x12c C:\Users\h\.platformio\packages\framework-arduinorenesas-uno\variants\UNOWIFIR4\libs\libfsp.a(bsp_clocks.o)
                0x0000b054                bsp_clock_init
 .text.bsp_prv_software_delay_loop
                0x0000b180        0xc C:\Users\h\.platformio\packages\framework-arduinorenesas-uno\variants\UNOWIFIR4\libs\libfsp.a(bsp_delay.o)
                0x0000b180                bsp_prv_software_delay_loop
 .text.R_BSP_SoftwareDelay
                0x0000b18c       0x5c C:\Users\h\.platformio\packages\framework-arduinorenesas-uno\variants\UNOWIFIR4\libs\libfsp.a(bsp_delay.o)
                0x0000b18c                R_BSP_SoftwareDelay
 .text.NMI_Handler
                0x0000b1e8       0x38 C:\Users\h\.platformio\packages\framework-arduinorenesas-uno\variants\UNOWIFIR4\libs\libfsp.a(bsp_group_irq.o)
                0x0000b1e8                NMI_Handler
 .text.bsp_irq_cfg
                0x0000b220       0x2c C:\Users\h\.platformio\packages\framework-arduinorenesas-uno\variants\UNOWIFIR4\libs\libfsp.a(bsp_irq.o)
                0x0000b220                bsp_irq_cfg
 .text.R_BSP_RegisterProtectEnable
                0x0000b24c       0x60 C:\Users\h\.platformio\packages\framework-arduinorenesas-uno\variants\UNOWIFIR4\libs\libfsp.a(bsp_register_protection.o)
                0x0000b24c                R_BSP_RegisterProtectEnable
 .text.R_BSP_RegisterProtectDisable
                0x0000b2ac       0x54 C:\Users\h\.platformio\packages\framework-arduinorenesas-uno\variants\UNOWIFIR4\libs\libfsp.a(bsp_register_protection.o)
                0x0000b2ac                R_BSP_RegisterProtectDisable
 .text.Default_Handler
                0x0000b300        0x4 C:\Users\h\.platformio\packages\framework-arduinorenesas-uno\variants\UNOWIFIR4\libs\libfsp.a(startup.o)
                0x0000b300                DebugMon_Handler
                0x0000b300                HardFault_Handler
                0x0000b300                SysTick_Handler
                0x0000b300                PendSV_Handler
                0x0000b300                UsageFault_Handler
                0x0000b300                SecureFault_Handler
                0x0000b300                Default_Handler
                0x0000b300                MemManage_Handler
                0x0000b300                SVC_Handler
                0x0000b300                BusFault_Handler
 .text.Reset_Handler
                0x0000b304        0xc C:\Users\h\.platformio\packages\framework-arduinorenesas-uno\variants\UNOWIFIR4\libs\libfsp.a(startup.o)
                0x0000b304                Reset_Handler
 .text.R_BSP_WarmStart
                0x0000b310        0x4 C:\Users\h\.platformio\packages\framework-arduinorenesas-uno\variants\UNOWIFIR4\libs\libfsp.a(system.o)
                0x0000b310                R_BSP_WarmStart
 .text.SystemInit
                0x0000b314      0x15c C:\Users\h\.platformio\packages\framework-arduinorenesas-uno\variants\UNOWIFIR4\libs\libfsp.a(system.o)
                0x0000b314                SystemInit
 .text.bsp_init_internal
                0x0000b470        0x4 C:\Users\h\.platformio\packages\framework-arduinorenesas-uno\variants\UNOWIFIR4\libs\libfsp.a(bsp_common.o)
                0x0000b470                bsp_init_internal
                0x0000b470                bsp_init
 .text._Znwj    0x0000b474       0x22 c:/users/h/.platformio/packages/toolchain-gccarmnoneeabi/bin/../lib/gcc/arm-none-eabi/7.2.1/../../../../arm-none-eabi/lib/thumb/v7e-m/fpv4-sp/hard\libstdc++_nano.a(new_op.o)
                0x0000b474                operator new(unsigned int)
 .text.__cxa_guard_acquire
                0x0000b496       0x18 c:/users/h/.platformio/packages/toolchain-gccarmnoneeabi/bin/../lib/gcc/arm-none-eabi/7.2.1/../../../../arm-none-eabi/lib/thumb/v7e-m/fpv4-sp/hard\libstdc++_nano.a(guard.o)
                0x0000b496                __cxa_guard_acquire
 .text.__cxa_guard_release
                0x0000b4ae        0x6 c:/users/h/.platformio/packages/toolchain-gccarmnoneeabi/bin/../lib/gcc/arm-none-eabi/7.2.1/../../../../arm-none-eabi/lib/thumb/v7e-m/fpv4-sp/hard\libstdc++_nano.a(guard.o)
                0x0000b4ae                __cxa_guard_release
 .text._ZSt15get_new_handlerv
                0x0000b4b4       0x10 c:/users/h/.platformio/packages/toolchain-gccarmnoneeabi/bin/../lib/gcc/arm-none-eabi/7.2.1/../../../../arm-none-eabi/lib/thumb/v7e-m/fpv4-sp/hard\libstdc++_nano.a(new_handler.o)
                0x0000b4b4                std::get_new_handler()
 .text._ZdlPvj  0x0000b4c4        0x4 c:/users/h/.platformio/packages/toolchain-gccarmnoneeabi/bin/../lib/gcc/arm-none-eabi/7.2.1/../../../../arm-none-eabi/lib/thumb/v7e-m/fpv4-sp/hard\libstdc++_nano.a(del_ops.o)
                0x0000b4c4                operator delete(void*, unsigned int)
 .text._ZdlPv   0x0000b4c8        0x4 c:/users/h/.platformio/packages/toolchain-gccarmnoneeabi/bin/../lib/gcc/arm-none-eabi/7.2.1/../../../../arm-none-eabi/lib/thumb/v7e-m/fpv4-sp/hard\libstdc++_nano.a(del_op.o)
                0x0000b4c8                operator delete(void*)
 .text          0x0000b4cc      0x378 c:/users/h/.platformio/packages/toolchain-gccarmnoneeabi/bin/../lib/gcc/arm-none-eabi/7.2.1/thumb/v7e-m/fpv4-sp/hard\libgcc.a(_arm_addsubdf3.o)
                0x0000b4cc                __aeabi_drsub
                0x0000b4d4                __aeabi_dsub
                0x0000b4d4                __subdf3
                0x0000b4d8                __aeabi_dadd
                0x0000b4d8                __adddf3
                0x0000b750                __floatunsidf
                0x0000b750                __aeabi_ui2d
                0x0000b770                __floatsidf
                0x0000b770                __aeabi_i2d
                0x0000b794                __aeabi_f2d
                0x0000b794                __extendsfdf2
                0x0000b7d8                __floatundidf
                0x0000b7d8                __aeabi_ul2d
                0x0000b7e8                __floatdidf
                0x0000b7e8                __aeabi_l2d
 .text          0x0000b844      0x424 c:/users/h/.platformio/packages/toolchain-gccarmnoneeabi/bin/../lib/gcc/arm-none-eabi/7.2.1/thumb/v7e-m/fpv4-sp/hard\libgcc.a(_arm_muldivdf3.o)
                0x0000b844                __aeabi_dmul
                0x0000b844                __muldf3
                0x0000ba98                __divdf3
                0x0000ba98                __aeabi_ddiv
 .text          0x0000bc68       0xa0 c:/users/h/.platformio/packages/toolchain-gccarmnoneeabi/bin/../lib/gcc/arm-none-eabi/7.2.1/thumb/v7e-m/fpv4-sp/hard\libgcc.a(_arm_truncdfsf2.o)
                0x0000bc68                __truncdfsf2
                0x0000bc68                __aeabi_d2f
 .text          0x0000bd08       0xa0 c:/users/h/.platformio/packages/toolchain-gccarmnoneeabi/bin/../lib/gcc/arm-none-eabi/7.2.1/thumb/v7e-m/fpv4-sp/hard\libgcc.a(_aeabi_ldivmod.o)
                0x0000bd08                __aeabi_ldivmod
 .text          0x0000bda8      0x2cc c:/users/h/.platformio/packages/toolchain-gccarmnoneeabi/bin/../lib/gcc/arm-none-eabi/7.2.1/thumb/v7e-m/fpv4-sp/hard\libgcc.a(_udivmoddi4.o)
                0x0000bda8                __udivmoddi4
 .text          0x0000c074        0x4 c:/users/h/.platformio/packages/toolchain-gccarmnoneeabi/bin/../lib/gcc/arm-none-eabi/7.2.1/thumb/v7e-m/fpv4-sp/hard\libgcc.a(_dvmd_tls.o)
                0x0000c074                __aeabi_idiv0
                0x0000c074                __aeabi_ldiv0
 .text.abort    0x0000c078        0xe c:/users/h/.platformio/packages/toolchain-gccarmnoneeabi/bin/../lib/gcc/arm-none-eabi/7.2.1/../../../../arm-none-eabi/lib/thumb/v7e-m/fpv4-sp/hard\libc_nano.a(lib_a-abort.o)
                0x0000c078                abort
 *fill*         0x0000c086        0x2 ff
 .text.malloc   0x0000c088       0x10 c:/users/h/.platformio/packages/toolchain-gccarmnoneeabi/bin/../lib/gcc/arm-none-eabi/7.2.1/../../../../arm-none-eabi/lib/thumb/v7e-m/fpv4-sp/hard\libc_nano.a(lib_a-malloc.o)
                0x0000c088                malloc
 .text.free     0x0000c098       0x10 c:/users/h/.platformio/packages/toolchain-gccarmnoneeabi/bin/../lib/gcc/arm-none-eabi/7.2.1/../../../../arm-none-eabi/lib/thumb/v7e-m/fpv4-sp/hard\libc_nano.a(lib_a-malloc.o)
                0x0000c098                free
 .text.memcpy   0x0000c0a8       0x16 c:/users/h/.platformio/packages/toolchain-gccarmnoneeabi/bin/../lib/gcc/arm-none-eabi/7.2.1/../../../../arm-none-eabi/lib/thumb/v7e-m/fpv4-sp/hard\libc_nano.a(lib_a-memcpy-stub.o)
                0x0000c0a8                memcpy
 .text.memset   0x0000c0be       0x10 c:/users/h/.platformio/packages/toolchain-gccarmnoneeabi/bin/../lib/gcc/arm-none-eabi/7.2.1/../../../../arm-none-eabi/lib/thumb/v7e-m/fpv4-sp/hard\libc_nano.a(lib_a-memset.o)
                0x0000c0be                memset
 *fill*         0x0000c0ce        0x2 ff
 .text._free_r  0x0000c0d0       0x9c c:/users/h/.platformio/packages/toolchain-gccarmnoneeabi/bin/../lib/gcc/arm-none-eabi/7.2.1/../../../../arm-none-eabi/lib/thumb/v7e-m/fpv4-sp/hard\libc_nano.a(lib_a-nano-freer.o)
                0x0000c0d0                _free_r
 .text._malloc_r
                0x0000c16c       0xb4 c:/users/h/.platformio/packages/toolchain-gccarmnoneeabi/bin/../lib/gcc/arm-none-eabi/7.2.1/../../../../arm-none-eabi/lib/thumb/v7e-m/fpv4-sp/hard\libc_nano.a(lib_a-nano-mallocr.o)
                0x0000c16c                _malloc_r
 .text.printf   0x0000c220       0x30 c:/users/h/.platformio/packages/toolchain-gccarmnoneeabi/bin/../lib/gcc/arm-none-eabi/7.2.1/../../../../arm-none-eabi/lib/thumb/v7e-m/fpv4-sp/hard\libc_nano.a(lib_a-printf.o)
                0x0000c220                iprintf
                0x0000c220                printf
 .text._sbrk_r  0x0000c250       0x20 c:/users/h/.platformio/packages/toolchain-gccarmnoneeabi/bin/../lib/gcc/arm-none-eabi/7.2.1/../../../../arm-none-eabi/lib/thumb/v7e-m/fpv4-sp/hard\libc_nano.a(lib_a-sbrkr.o)
                0x0000c250                _sbrk_r
 .text._raise_r
                0x0000c270       0x50 c:/users/h/.platformio/packages/toolchain-gccarmnoneeabi/bin/../lib/gcc/arm-none-eabi/7.2.1/../../../../arm-none-eabi/lib/thumb/v7e-m/fpv4-sp/hard\libc_nano.a(lib_a-signal.o)
                0x0000c270                _raise_r
 .text.raise    0x0000c2c0       0x10 c:/users/h/.platformio/packages/toolchain-gccarmnoneeabi/bin/../lib/gcc/arm-none-eabi/7.2.1/../../../../arm-none-eabi/lib/thumb/v7e-m/fpv4-sp/hard\libc_nano.a(lib_a-signal.o)
                0x0000c2c0                raise
 .text._kill_r  0x0000c2d0       0x24 c:/users/h/.platformio/packages/toolchain-gccarmnoneeabi/bin/../lib/gcc/arm-none-eabi/7.2.1/../../../../arm-none-eabi/lib/thumb/v7e-m/fpv4-sp/hard\libc_nano.a(lib_a-signalr.o)
                0x0000c2d0                _kill_r
 .text._getpid_r
                0x0000c2f4        0x4 c:/users/h/.platformio/packages/toolchain-gccarmnoneeabi/bin/../lib/gcc/arm-none-eabi/7.2.1/../../../../arm-none-eabi/lib/thumb/v7e-m/fpv4-sp/hard\libc_nano.a(lib_a-signalr.o)
                0x0000c2f4                _getpid_r
 .text.sprintf  0x0000c2f8       0x40 c:/users/h/.platformio/packages/toolchain-gccarmnoneeabi/bin/../lib/gcc/arm-none-eabi/7.2.1/../../../../arm-none-eabi/lib/thumb/v7e-m/fpv4-sp/hard\libc_nano.a(lib_a-sprintf.o)
                0x0000c2f8                siprintf
                0x0000c2f8                sprintf
 .text          0x0000c338       0x10 c:/users/h/.platformio/packages/toolchain-gccarmnoneeabi/bin/../lib/gcc/arm-none-eabi/7.2.1/../../../../arm-none-eabi/lib/thumb/v7e-m/fpv4-sp/hard\libc_nano.a(lib_a-strlen.o)
                0x0000c338                strlen
 .text.std      0x0000c348       0x48 c:/users/h/.platformio/packages/toolchain-gccarmnoneeabi/bin/../lib/gcc/arm-none-eabi/7.2.1/../../../../arm-none-eabi/lib/thumb/v7e-m/fpv4-sp/hard\libc_nano.a(lib_a-findfp.o)
 .text._cleanup_r
                0x0000c390        0xc c:/users/h/.platformio/packages/toolchain-gccarmnoneeabi/bin/../lib/gcc/arm-none-eabi/7.2.1/../../../../arm-none-eabi/lib/thumb/v7e-m/fpv4-sp/hard\libc_nano.a(lib_a-findfp.o)
                0x0000c390                _cleanup_r
 .text.__sfmoreglue
                0x0000c39c       0x2c c:/users/h/.platformio/packages/toolchain-gccarmnoneeabi/bin/../lib/gcc/arm-none-eabi/7.2.1/../../../../arm-none-eabi/lib/thumb/v7e-m/fpv4-sp/hard\libc_nano.a(lib_a-findfp.o)
                0x0000c39c                __sfmoreglue
 .text.__sinit  0x0000c3c8       0x60 c:/users/h/.platformio/packages/toolchain-gccarmnoneeabi/bin/../lib/gcc/arm-none-eabi/7.2.1/../../../../arm-none-eabi/lib/thumb/v7e-m/fpv4-sp/hard\libc_nano.a(lib_a-findfp.o)
                0x0000c3c8                __sinit
 .text.__sfp    0x0000c428       0x78 c:/users/h/.platformio/packages/toolchain-gccarmnoneeabi/bin/../lib/gcc/arm-none-eabi/7.2.1/../../../../arm-none-eabi/lib/thumb/v7e-m/fpv4-sp/hard\libc_nano.a(lib_a-findfp.o)
                0x0000c428                __sfp
 .text._fwalk_reent
                0x0000c4a0       0x3c c:/users/h/.platformio/packages/toolchain-gccarmnoneeabi/bin/../lib/gcc/arm-none-eabi/7.2.1/../../../../arm-none-eabi/lib/thumb/v7e-m/fpv4-sp/hard\libc_nano.a(lib_a-fwalk.o)
                0x0000c4a0                _fwalk_reent
 .text.__malloc_lock
                0x0000c4dc        0x2 c:/users/h/.platformio/packages/toolchain-gccarmnoneeabi/bin/../lib/gcc/arm-none-eabi/7.2.1/../../../../arm-none-eabi/lib/thumb/v7e-m/fpv4-sp/hard\libc_nano.a(lib_a-mlock.o)
                0x0000c4dc                __malloc_lock
 .text.__malloc_unlock
                0x0000c4de        0x2 c:/users/h/.platformio/packages/toolchain-gccarmnoneeabi/bin/../lib/gcc/arm-none-eabi/7.2.1/../../../../arm-none-eabi/lib/thumb/v7e-m/fpv4-sp/hard\libc_nano.a(lib_a-mlock.o)
                0x0000c4de                __malloc_unlock
 .text.__ssputs_r
                0x0000c4e0       0xb4 c:/users/h/.platformio/packages/toolchain-gccarmnoneeabi/bin/../lib/gcc/arm-none-eabi/7.2.1/../../../../arm-none-eabi/lib/thumb/v7e-m/fpv4-sp/hard\libc_nano.a(lib_a-nano-svfprintf.o)
                0x0000c4e0                __ssputs_r
 .text._svfprintf_r
                0x0000c594      0x1ec c:/users/h/.platformio/packages/toolchain-gccarmnoneeabi/bin/../lib/gcc/arm-none-eabi/7.2.1/../../../../arm-none-eabi/lib/thumb/v7e-m/fpv4-sp/hard\libc_nano.a(lib_a-nano-svfprintf.o)
                0x0000c594                _svfiprintf_r
                0x0000c594                _svfprintf_r
 .text.__sfputc_r
                0x0000c780       0x2e c:/users/h/.platformio/packages/toolchain-gccarmnoneeabi/bin/../lib/gcc/arm-none-eabi/7.2.1/../../../../arm-none-eabi/lib/thumb/v7e-m/fpv4-sp/hard\libc_nano.a(lib_a-nano-vfprintf.o)
 .text.__sfputs_r
                0x0000c7ae       0x24 c:/users/h/.platformio/packages/toolchain-gccarmnoneeabi/bin/../lib/gcc/arm-none-eabi/7.2.1/../../../../arm-none-eabi/lib/thumb/v7e-m/fpv4-sp/hard\libc_nano.a(lib_a-nano-vfprintf.o)
                0x0000c7ae                __sfputs_r
 *fill*         0x0000c7d2        0x2 ff
 .text._vfprintf_r
                0x0000c7d4      0x228 c:/users/h/.platformio/packages/toolchain-gccarmnoneeabi/bin/../lib/gcc/arm-none-eabi/7.2.1/../../../../arm-none-eabi/lib/thumb/v7e-m/fpv4-sp/hard\libc_nano.a(lib_a-nano-vfprintf.o)
                0x0000c7d4                _vfprintf_r
                0x0000c7d4                _vfiprintf_r
 .text._printf_common
                0x0000c9fc       0xea c:/users/h/.platformio/packages/toolchain-gccarmnoneeabi/bin/../lib/gcc/arm-none-eabi/7.2.1/../../../../arm-none-eabi/lib/thumb/v7e-m/fpv4-sp/hard\libc_nano.a(lib_a-nano-vfprintf_i.o)
                0x0000c9fc                _printf_common
 *fill*         0x0000cae6        0x2 ff
 .text._printf_i
                0x0000cae8      0x224 c:/users/h/.platformio/packages/toolchain-gccarmnoneeabi/bin/../lib/gcc/arm-none-eabi/7.2.1/../../../../arm-none-eabi/lib/thumb/v7e-m/fpv4-sp/hard\libc_nano.a(lib_a-nano-vfprintf_i.o)
                0x0000cae8                _printf_i
 .text.__sread  0x0000cd0c       0x22 c:/users/h/.platformio/packages/toolchain-gccarmnoneeabi/bin/../lib/gcc/arm-none-eabi/7.2.1/../../../../arm-none-eabi/lib/thumb/v7e-m/fpv4-sp/hard\libc_nano.a(lib_a-stdio.o)
                0x0000cd0c                __sread
 .text.__swrite
                0x0000cd2e       0x38 c:/users/h/.platformio/packages/toolchain-gccarmnoneeabi/bin/../lib/gcc/arm-none-eabi/7.2.1/../../../../arm-none-eabi/lib/thumb/v7e-m/fpv4-sp/hard\libc_nano.a(lib_a-stdio.o)
                0x0000cd2e                __swrite
 .text.__sseek  0x0000cd66       0x24 c:/users/h/.platformio/packages/toolchain-gccarmnoneeabi/bin/../lib/gcc/arm-none-eabi/7.2.1/../../../../arm-none-eabi/lib/thumb/v7e-m/fpv4-sp/hard\libc_nano.a(lib_a-stdio.o)
                0x0000cd66                __sseek
 .text.__sclose
                0x0000cd8a        0x8 c:/users/h/.platformio/packages/toolchain-gccarmnoneeabi/bin/../lib/gcc/arm-none-eabi/7.2.1/../../../../arm-none-eabi/lib/thumb/v7e-m/fpv4-sp/hard\libc_nano.a(lib_a-stdio.o)
                0x0000cd8a                __sclose
 *fill*         0x0000cd92        0x2 ff
 .text.__swbuf_r
                0x0000cd94       0xa4 c:/users/h/.platformio/packages/toolchain-gccarmnoneeabi/bin/../lib/gcc/arm-none-eabi/7.2.1/../../../../arm-none-eabi/lib/thumb/v7e-m/fpv4-sp/hard\libc_nano.a(lib_a-wbuf.o)
                0x0000cd94                __swbuf_r
 .text._write_r
                0x0000ce38       0x24 c:/users/h/.platformio/packages/toolchain-gccarmnoneeabi/bin/../lib/gcc/arm-none-eabi/7.2.1/../../../../arm-none-eabi/lib/thumb/v7e-m/fpv4-sp/hard\libc_nano.a(lib_a-writer.o)
                0x0000ce38                _write_r
 .text.__swsetup_r
                0x0000ce5c       0xdc c:/users/h/.platformio/packages/toolchain-gccarmnoneeabi/bin/../lib/gcc/arm-none-eabi/7.2.1/../../../../arm-none-eabi/lib/thumb/v7e-m/fpv4-sp/hard\libc_nano.a(lib_a-wsetup.o)
                0x0000ce5c                __swsetup_r
 .text._close_r
                0x0000cf38       0x20 c:/users/h/.platformio/packages/toolchain-gccarmnoneeabi/bin/../lib/gcc/arm-none-eabi/7.2.1/../../../../arm-none-eabi/lib/thumb/v7e-m/fpv4-sp/hard\libc_nano.a(lib_a-closer.o)
                0x0000cf38                _close_r
 .text.__sflush_r
                0x0000cf58      0x10c c:/users/h/.platformio/packages/toolchain-gccarmnoneeabi/bin/../lib/gcc/arm-none-eabi/7.2.1/../../../../arm-none-eabi/lib/thumb/v7e-m/fpv4-sp/hard\libc_nano.a(lib_a-fflush.o)
                0x0000cf58                __sflush_r
 .text._fflush_r
                0x0000d064       0x54 c:/users/h/.platformio/packages/toolchain-gccarmnoneeabi/bin/../lib/gcc/arm-none-eabi/7.2.1/../../../../arm-none-eabi/lib/thumb/v7e-m/fpv4-sp/hard\libc_nano.a(lib_a-fflush.o)
                0x0000d064                _fflush_r
 .text._lseek_r
                0x0000d0b8       0x24 c:/users/h/.platformio/packages/toolchain-gccarmnoneeabi/bin/../lib/gcc/arm-none-eabi/7.2.1/../../../../arm-none-eabi/lib/thumb/v7e-m/fpv4-sp/hard\libc_nano.a(lib_a-lseekr.o)
                0x0000d0b8                _lseek_r
 .text.__swhatbuf_r
                0x0000d0dc       0x48 c:/users/h/.platformio/packages/toolchain-gccarmnoneeabi/bin/../lib/gcc/arm-none-eabi/7.2.1/../../../../arm-none-eabi/lib/thumb/v7e-m/fpv4-sp/hard\libc_nano.a(lib_a-makebuf.o)
                0x0000d0dc                __swhatbuf_r
 .text.__smakebuf_r
                0x0000d124       0x80 c:/users/h/.platformio/packages/toolchain-gccarmnoneeabi/bin/../lib/gcc/arm-none-eabi/7.2.1/../../../../arm-none-eabi/lib/thumb/v7e-m/fpv4-sp/hard\libc_nano.a(lib_a-makebuf.o)
                0x0000d124                __smakebuf_r
 *fill*         0x0000d1a4        0xc ff
 .text          0x0000d1b0       0xa0 c:/users/h/.platformio/packages/toolchain-gccarmnoneeabi/bin/../lib/gcc/arm-none-eabi/7.2.1/../../../../arm-none-eabi/lib/thumb/v7e-m/fpv4-sp/hard\libc_nano.a(lib_a-memchr.o)
                0x0000d1b0                memchr
 .text.memmove  0x0000d250       0x32 c:/users/h/.platformio/packages/toolchain-gccarmnoneeabi/bin/../lib/gcc/arm-none-eabi/7.2.1/../../../../arm-none-eabi/lib/thumb/v7e-m/fpv4-sp/hard\libc_nano.a(lib_a-memmove.o)
                0x0000d250                memmove
 .text._realloc_r
                0x0000d282       0x4c c:/users/h/.platformio/packages/toolchain-gccarmnoneeabi/bin/../lib/gcc/arm-none-eabi/7.2.1/../../../../arm-none-eabi/lib/thumb/v7e-m/fpv4-sp/hard\libc_nano.a(lib_a-nano-reallocr.o)
                0x0000d282                _realloc_r
 *fill*         0x0000d2ce        0x2 ff
 .text._read_r  0x0000d2d0       0x24 c:/users/h/.platformio/packages/toolchain-gccarmnoneeabi/bin/../lib/gcc/arm-none-eabi/7.2.1/../../../../arm-none-eabi/lib/thumb/v7e-m/fpv4-sp/hard\libc_nano.a(lib_a-readr.o)
                0x0000d2d0                _read_r
 .text._fstat_r
                0x0000d2f4       0x24 c:/users/h/.platformio/packages/toolchain-gccarmnoneeabi/bin/../lib/gcc/arm-none-eabi/7.2.1/../../../../arm-none-eabi/lib/thumb/v7e-m/fpv4-sp/hard\libc_nano.a(lib_a-fstatr.o)
                0x0000d2f4                _fstat_r
 .text._isatty_r
                0x0000d318       0x20 c:/users/h/.platformio/packages/toolchain-gccarmnoneeabi/bin/../lib/gcc/arm-none-eabi/7.2.1/../../../../arm-none-eabi/lib/thumb/v7e-m/fpv4-sp/hard\libc_nano.a(lib_a-isattyr.o)
                0x0000d318                _isatty_r
 .text._malloc_usable_size_r
                0x0000d338       0x10 c:/users/h/.platformio/packages/toolchain-gccarmnoneeabi/bin/../lib/gcc/arm-none-eabi/7.2.1/../../../../arm-none-eabi/lib/thumb/v7e-m/fpv4-sp/hard\libc_nano.a(lib_a-nano-msizer.o)
                0x0000d338                _malloc_usable_size_r
 .text._close   0x0000d348       0x10 c:/users/h/.platformio/packages/toolchain-gccarmnoneeabi/bin/../lib/gcc/arm-none-eabi/7.2.1/../../../../arm-none-eabi/lib/thumb/v7e-m/fpv4-sp/hard\libnosys.a(close.o)
                0x0000d348                _close
 .text._fstat   0x0000d358       0x10 c:/users/h/.platformio/packages/toolchain-gccarmnoneeabi/bin/../lib/gcc/arm-none-eabi/7.2.1/../../../../arm-none-eabi/lib/thumb/v7e-m/fpv4-sp/hard\libnosys.a(fstat.o)
                0x0000d358                _fstat
 .text._getpid  0x0000d368       0x10 c:/users/h/.platformio/packages/toolchain-gccarmnoneeabi/bin/../lib/gcc/arm-none-eabi/7.2.1/../../../../arm-none-eabi/lib/thumb/v7e-m/fpv4-sp/hard\libnosys.a(getpid.o)
                0x0000d368                _getpid
 .text._isatty  0x0000d378       0x10 c:/users/h/.platformio/packages/toolchain-gccarmnoneeabi/bin/../lib/gcc/arm-none-eabi/7.2.1/../../../../arm-none-eabi/lib/thumb/v7e-m/fpv4-sp/hard\libnosys.a(isatty.o)
                0x0000d378                _isatty
 .text._kill    0x0000d388       0x10 c:/users/h/.platformio/packages/toolchain-gccarmnoneeabi/bin/../lib/gcc/arm-none-eabi/7.2.1/../../../../arm-none-eabi/lib/thumb/v7e-m/fpv4-sp/hard\libnosys.a(kill.o)
                0x0000d388                _kill
 .text._lseek   0x0000d398       0x10 c:/users/h/.platformio/packages/toolchain-gccarmnoneeabi/bin/../lib/gcc/arm-none-eabi/7.2.1/../../../../arm-none-eabi/lib/thumb/v7e-m/fpv4-sp/hard\libnosys.a(lseek.o)
                0x0000d398                _lseek
 .text._read    0x0000d3a8       0x10 c:/users/h/.platformio/packages/toolchain-gccarmnoneeabi/bin/../lib/gcc/arm-none-eabi/7.2.1/../../../../arm-none-eabi/lib/thumb/v7e-m/fpv4-sp/hard\libnosys.a(read.o)
                0x0000d3a8                _read
 .text._sbrk    0x0000d3b8       0x1c c:/users/h/.platformio/packages/toolchain-gccarmnoneeabi/bin/../lib/gcc/arm-none-eabi/7.2.1/../../../../arm-none-eabi/lib/thumb/v7e-m/fpv4-sp/hard\libnosys.a(sbrk.o)
                0x0000d3b8                _sbrk
 .text._exit    0x0000d3d4        0x4 c:/users/h/.platformio/packages/toolchain-gccarmnoneeabi/bin/../lib/gcc/arm-none-eabi/7.2.1/../../../../arm-none-eabi/lib/thumb/v7e-m/fpv4-sp/hard\libnosys.a(_exit.o)
                0x0000d3d4                _exit
 *(.version)
 .version       0x0000d3d8       0x50 C:\Users\h\.platformio\packages\framework-arduinorenesas-uno\variants\UNOWIFIR4\libs\libfsp.a(bsp_common.o)
 *(.init)
 .init          0x0000d428        0x4 c:/users/h/.platformio/packages/toolchain-gccarmnoneeabi/bin/../lib/gcc/arm-none-eabi/7.2.1/thumb/v7e-m/fpv4-sp/hard/crti.o
                0x0000d428                _init
 .init          0x0000d42c        0x8 c:/users/h/.platformio/packages/toolchain-gccarmnoneeabi/bin/../lib/gcc/arm-none-eabi/7.2.1/thumb/v7e-m/fpv4-sp/hard/crtn.o
 *(.fini)
 .fini          0x0000d434        0x4 c:/users/h/.platformio/packages/toolchain-gccarmnoneeabi/bin/../lib/gcc/arm-none-eabi/7.2.1/thumb/v7e-m/fpv4-sp/hard/crti.o
                0x0000d434                _fini
 .fini          0x0000d438        0x8 c:/users/h/.platformio/packages/toolchain-gccarmnoneeabi/bin/../lib/gcc/arm-none-eabi/7.2.1/thumb/v7e-m/fpv4-sp/hard/crtn.o
 *crtbegin.o(.ctors)
 *crtbegin?.o(.ctors)
 *(EXCLUDE_FILE(*crtend.o *crtend?.o) .ctors)
 *(SORT_BY_NAME(.ctors.*))
 *(.ctors)
 *crtbegin.o(.dtors)
 *crtbegin?.o(.dtors)
 *(EXCLUDE_FILE(*crtend.o *crtend?.o) .dtors)
 *(SORT_BY_NAME(.dtors.*))
 *(.dtors)
 *(.rodata*)
 .rodata.loop.str1.1
                0x0000d440       0x20 .pio\build\ex_lcd_20x4\src\examples\20x4lcd\main.cpp.o
 .rodata.setup.str1.1
                0x0000d460       0x41 .pio\build\ex_lcd_20x4\src\examples\20x4lcd\main.cpp.o
 *fill*         0x0000d4a1        0x3 ff
 .rodata._ZTV7TwoWire
                0x0000d4a4       0x50 .pio\build\ex_lcd_20x4\libb0e\libWire.a(Wire.cpp.o)
                0x0000d4a4                vtable for TwoWire
 .rodata._ZTV21LiquidCrystal_PCF8574
                0x0000d4f4       0x18 .pio\build\ex_lcd_20x4\libbcc\libLiquidCrystal_PCF8574.a(LiquidCrystal_PCF8574.cpp.o)
                0x0000d4f4                vtable for LiquidCrystal_PCF8574
 .rodata._ZL4P000
                0x0000d50c        0x4 .pio\build\ex_lcd_20x4\libFrameworkArduinoVariant.a(variant.cpp.o)
 .rodata._ZL4P001
                0x0000d510        0x4 .pio\build\ex_lcd_20x4\libFrameworkArduinoVariant.a(variant.cpp.o)
 .rodata._ZL4P002
                0x0000d514        0x4 .pio\build\ex_lcd_20x4\libFrameworkArduinoVariant.a(variant.cpp.o)
 .rodata._ZL4P003
                0x0000d518        0x2 .pio\build\ex_lcd_20x4\libFrameworkArduinoVariant.a(variant.cpp.o)
 .rodata._ZL4P004
                0x0000d51a        0x4 .pio\build\ex_lcd_20x4\libFrameworkArduinoVariant.a(variant.cpp.o)
 .rodata._ZL4P011
                0x0000d51e        0x4 .pio\build\ex_lcd_20x4\libFrameworkArduinoVariant.a(variant.cpp.o)
 .rodata._ZL4P012
                0x0000d522        0x2 .pio\build\ex_lcd_20x4\libFrameworkArduinoVariant.a(variant.cpp.o)
 .rodata._ZL4P013
                0x0000d524        0x2 .pio\build\ex_lcd_20x4\libFrameworkArduinoVariant.a(variant.cpp.o)
 .rodata._ZL4P015
                0x0000d526        0x4 .pio\build\ex_lcd_20x4\libFrameworkArduinoVariant.a(variant.cpp.o)
 .rodata._ZL4P100
                0x0000d52a        0xe .pio\build\ex_lcd_20x4\libFrameworkArduinoVariant.a(variant.cpp.o)
 .rodata._ZL4P101
                0x0000d538        0xe .pio\build\ex_lcd_20x4\libFrameworkArduinoVariant.a(variant.cpp.o)
 .rodata._ZL4P102
                0x0000d546        0xc .pio\build\ex_lcd_20x4\libFrameworkArduinoVariant.a(variant.cpp.o)
 .rodata._ZL4P103
                0x0000d552        0x8 .pio\build\ex_lcd_20x4\libFrameworkArduinoVariant.a(variant.cpp.o)
 .rodata._ZL4P104
                0x0000d55a        0x6 .pio\build\ex_lcd_20x4\libFrameworkArduinoVariant.a(variant.cpp.o)
 .rodata._ZL4P105
                0x0000d560        0x4 .pio\build\ex_lcd_20x4\libFrameworkArduinoVariant.a(variant.cpp.o)
 .rodata._ZL4P106
                0x0000d564        0x2 .pio\build\ex_lcd_20x4\libFrameworkArduinoVariant.a(variant.cpp.o)
 .rodata._ZL4P107
                0x0000d566        0x2 .pio\build\ex_lcd_20x4\libFrameworkArduinoVariant.a(variant.cpp.o)
 .rodata._ZL4P109
                0x0000d568        0xa .pio\build\ex_lcd_20x4\libFrameworkArduinoVariant.a(variant.cpp.o)
 .rodata._ZL4P110
                0x0000d572        0xc .pio\build\ex_lcd_20x4\libFrameworkArduinoVariant.a(variant.cpp.o)
 .rodata._ZL4P111
                0x0000d57e        0xa .pio\build\ex_lcd_20x4\libFrameworkArduinoVariant.a(variant.cpp.o)
 .rodata._ZL4P112
                0x0000d588        0x6 .pio\build\ex_lcd_20x4\libFrameworkArduinoVariant.a(variant.cpp.o)
 .rodata._ZL4P204
                0x0000d58e        0xa .pio\build\ex_lcd_20x4\libFrameworkArduinoVariant.a(variant.cpp.o)
 .rodata._ZL4P205
                0x0000d598        0xa .pio\build\ex_lcd_20x4\libFrameworkArduinoVariant.a(variant.cpp.o)
 .rodata._ZL4P206
                0x0000d5a2        0x6 .pio\build\ex_lcd_20x4\libFrameworkArduinoVariant.a(variant.cpp.o)
 .rodata._ZL4P212
                0x0000d5a8        0x6 .pio\build\ex_lcd_20x4\libFrameworkArduinoVariant.a(variant.cpp.o)
 .rodata._ZL4P213
                0x0000d5ae        0x6 .pio\build\ex_lcd_20x4\libFrameworkArduinoVariant.a(variant.cpp.o)
 .rodata._ZL4P301
                0x0000d5b4        0x8 .pio\build\ex_lcd_20x4\libFrameworkArduinoVariant.a(variant.cpp.o)
 .rodata._ZL4P302
                0x0000d5bc        0x6 .pio\build\ex_lcd_20x4\libFrameworkArduinoVariant.a(variant.cpp.o)
 .rodata._ZL4P303
                0x0000d5c2        0x2 .pio\build\ex_lcd_20x4\libFrameworkArduinoVariant.a(variant.cpp.o)
 .rodata._ZL4P304
                0x0000d5c4        0x4 .pio\build\ex_lcd_20x4\libFrameworkArduinoVariant.a(variant.cpp.o)
 .rodata._ZL4P401
                0x0000d5c8        0xa .pio\build\ex_lcd_20x4\libFrameworkArduinoVariant.a(variant.cpp.o)
 .rodata._ZL4P410
                0x0000d5d2        0x8 .pio\build\ex_lcd_20x4\libFrameworkArduinoVariant.a(variant.cpp.o)
 .rodata._ZL4P411
                0x0000d5da        0x8 .pio\build\ex_lcd_20x4\libFrameworkArduinoVariant.a(variant.cpp.o)
 .rodata._ZL4P500
                0x0000d5e2        0x4 .pio\build\ex_lcd_20x4\libFrameworkArduinoVariant.a(variant.cpp.o)
 .rodata._ZL4P501
                0x0000d5e6        0x8 .pio\build\ex_lcd_20x4\libFrameworkArduinoVariant.a(variant.cpp.o)
 .rodata._ZL4P502
                0x0000d5ee        0x8 .pio\build\ex_lcd_20x4\libFrameworkArduinoVariant.a(variant.cpp.o)
 .rodata._ZL6P014_b
                0x0000d5f6        0x4 .pio\build\ex_lcd_20x4\libFrameworkArduinoVariant.a(variant.cpp.o)
 .rodata._ZL6P400_b
                0x0000d5fa        0x8 .pio\build\ex_lcd_20x4\libFrameworkArduinoVariant.a(variant.cpp.o)
 .rodata._ZL6P408_b
                0x0000d602        0x8 .pio\build\ex_lcd_20x4\libFrameworkArduinoVariant.a(variant.cpp.o)
 *fill*         0x0000d60a        0x2 ff
 .rodata.g_pin_cfg
                0x0000d60c      0x138 .pio\build\ex_lcd_20x4\libFrameworkArduinoVariant.a(variant.cpp.o)
                0x0000d60c                g_pin_cfg
 .rodata._ZTV4UART
                0x0000d744       0x34 .pio\build\ex_lcd_20x4\libFrameworkArduino.a(Serial.cpp.o)
                0x0000d744                vtable for UART
 .rodata.CSWTCH.44
                0x0000d778        0x6 .pio\build\ex_lcd_20x4\libFrameworkArduino.a(analog.cpp.o)
 .rodata.CSWTCH.72
                0x0000d77e        0x5 .pio\build\ex_lcd_20x4\libFrameworkArduino.a(analog.cpp.o)
 .rodata._ZN7arduino5Print7printlnEv.str1.1
                0x0000d783        0x3 .pio\build\ex_lcd_20x4\libFrameworkArduino.a(Print.cpp.o)
 .rodata        0x0000d786        0xd .pio\build\ex_lcd_20x4\libFrameworkArduino.a(main.cpp.o)
 .rodata._Z12arduino_mainv.str1.1
                0x0000d793       0x10 .pio\build\ex_lcd_20x4\libFrameworkArduino.a(main.cpp.o)
 .rodata.g_interrupt_event_link_select
                0x0000d7a3       0x20 .pio\build\ex_lcd_20x4\libFrameworkArduino.a(vector_table.c.o)
                0x0000d7a3                g_interrupt_event_link_select
 .rodata.__FUNCTION__.6535
                0x0000d7c3       0x13 .pio\build\ex_lcd_20x4\libFrameworkArduino.a(cm_backtrace.c.o)
 .rodata.cm_backtrace_assert.str1.1
                0x0000d7d6       0x26 .pio\build\ex_lcd_20x4\libFrameworkArduino.a(cm_backtrace.c.o)
                                 0x28 (size before relaxing)
 .rodata.cm_backtrace_fault.str1.1
                0x0000d7fc      0x6ae .pio\build\ex_lcd_20x4\libFrameworkArduino.a(cm_backtrace.c.o)
 .rodata.cm_backtrace_firmware_info.str1.1
                0x0000deaa       0x23 .pio\build\ex_lcd_20x4\libFrameworkArduino.a(cm_backtrace.c.o)
 .rodata.cm_backtrace_init.str1.1
                0x0000decd       0x62 .pio\build\ex_lcd_20x4\libFrameworkArduino.a(cm_backtrace.c.o)
 .rodata.dump_stack.str1.1
                0x0000df2f       0x65 .pio\build\ex_lcd_20x4\libFrameworkArduino.a(cm_backtrace.c.o)
                                 0x8d (size before relaxing)
 .rodata.print_call_stack.str1.1
                0x0000df94       0x65 .pio\build\ex_lcd_20x4\libFrameworkArduino.a(cm_backtrace.c.o)
 .rodata.str1.1
                0x0000dff9       0x20 .pio\build\ex_lcd_20x4\libFrameworkArduino.a(cm_backtrace.c.o)
 *fill*         0x0000e019        0x3 ff
 .rodata.g_async_baud
                0x0000e01c        0xd C:\Users\h\.platformio\packages\framework-arduinorenesas-uno\variants\UNOWIFIR4\libs\libfsp.a(r_sci_uart.o)
 *fill*         0x0000e029        0x3 ff
 .rodata.g_div_coefficient
                0x0000e02c       0x1a C:\Users\h\.platformio\packages\framework-arduinorenesas-uno\variants\UNOWIFIR4\libs\libfsp.a(r_sci_uart.o)
 .rodata.g_dummy_write_data_for_read_op
                0x0000e046        0x1 C:\Users\h\.platformio\packages\framework-arduinorenesas-uno\variants\UNOWIFIR4\libs\libfsp.a(r_sci_i2c.o)
 *fill*         0x0000e047        0x1 ff
 .rodata.adc_elc_trigger_lut
                0x0000e048        0xc C:\Users\h\.platformio\packages\framework-arduinorenesas-uno\variants\UNOWIFIR4\libs\libfsp.a(r_adc.o)
 .rodata.g_prcr_masks
                0x0000e054        0x8 C:\Users\h\.platformio\packages\framework-arduinorenesas-uno\variants\UNOWIFIR4\libs\libfsp.a(bsp_register_protection.o)
 .rodata._global_impure_ptr
                0x0000e05c        0x4 c:/users/h/.platformio/packages/toolchain-gccarmnoneeabi/bin/../lib/gcc/arm-none-eabi/7.2.1/../../../../arm-none-eabi/lib/thumb/v7e-m/fpv4-sp/hard\libc_nano.a(lib_a-impure.o)
                0x0000e05c                _global_impure_ptr
 .rodata.__sf_fake_stderr
                0x0000e060       0x20 c:/users/h/.platformio/packages/toolchain-gccarmnoneeabi/bin/../lib/gcc/arm-none-eabi/7.2.1/../../../../arm-none-eabi/lib/thumb/v7e-m/fpv4-sp/hard\libc_nano.a(lib_a-findfp.o)
                0x0000e060                __sf_fake_stderr
 .rodata.__sf_fake_stdin
                0x0000e080       0x20 c:/users/h/.platformio/packages/toolchain-gccarmnoneeabi/bin/../lib/gcc/arm-none-eabi/7.2.1/../../../../arm-none-eabi/lib/thumb/v7e-m/fpv4-sp/hard\libc_nano.a(lib_a-findfp.o)
                0x0000e080                __sf_fake_stdin
 .rodata.__sf_fake_stdout
                0x0000e0a0       0x20 c:/users/h/.platformio/packages/toolchain-gccarmnoneeabi/bin/../lib/gcc/arm-none-eabi/7.2.1/../../../../arm-none-eabi/lib/thumb/v7e-m/fpv4-sp/hard\libc_nano.a(lib_a-findfp.o)
                0x0000e0a0                __sf_fake_stdout
 .rodata._svfprintf_r.str1.1
                0x0000e0c0       0x11 c:/users/h/.platformio/packages/toolchain-gccarmnoneeabi/bin/../lib/gcc/arm-none-eabi/7.2.1/../../../../arm-none-eabi/lib/thumb/v7e-m/fpv4-sp/hard\libc_nano.a(lib_a-nano-svfprintf.o)
 .rodata._vfprintf_r.str1.1
                0x0000e0d1       0x11 c:/users/h/.platformio/packages/toolchain-gccarmnoneeabi/bin/../lib/gcc/arm-none-eabi/7.2.1/../../../../arm-none-eabi/lib/thumb/v7e-m/fpv4-sp/hard\libc_nano.a(lib_a-nano-vfprintf.o)
 .rodata._printf_i.str1.1
                0x0000e0d1       0x22 c:/users/h/.platformio/packages/toolchain-gccarmnoneeabi/bin/../lib/gcc/arm-none-eabi/7.2.1/../../../../arm-none-eabi/lib/thumb/v7e-m/fpv4-sp/hard\libc_nano.a(lib_a-nano-vfprintf_i.o)
 *(.eh_frame*)
 *fill*         0x0000e0f3        0x1 ff