Archive member included to satisfy reference by file (symbol)

.pio\build\ex_ds18b20_probe\libf2b\libOneWire.a(OneWire.cpp.o)
                              .pio\build\ex_ds18b20_probe\src\examples\ds18b20_probe\main.cpp.o (OneWire::begin(unsigned char))
.pio\build\ex_ds18b20_probe\libfd5\libDallasTemperature.a(DallasTemperature.cpp.o)
                              .pio\build\ex_ds18b20_probe\src\examples\ds18b20_probe\main.cpp.o (DallasTemperature::DallasTemperature(OneWire*))
.pio\build\ex_ds18b20_probe\libFrameworkArduinoVariant.a(main.c.o)
                              c:/users/h/.platformio/packages/toolchain-gccarmnoneeabi/bin/../lib/gcc/arm-none-eabi/7.2.1/../../../../arm-none-eabi/lib/thumb/v7e-m/fpv4-sp/hard/crt0.o (main)
.pio\build\ex_ds18b20_probe\libFrameworkArduino.a(Serial.cpp.o)
                              .pio\build\ex_ds18b20_probe\src\examples\ds18b20_probe\main.cpp.o (UART::operator bool())
.pio\build\ex_ds18b20_probe\libFrameworkArduino.a(SerialObj1.cpp.o)
                              .pio\build\ex_ds18b20_probe\src\examples\ds18b20_probe\main.cpp.o (_UART1_)
.pio\build\ex_ds18b20_probe\libFrameworkArduino.a(Print.cpp.o)
                              .pio\build\ex_ds18b20_probe\libFrameworkArduino.a(Serial.cpp.o) (arduino::Print::write(unsigned char const*, unsigned int))
.pio\build\ex_ds18b20_probe\libFrameworkArduino.a(digital.cpp.o)
                              .pio\build\ex_ds18b20_probe\libf2b\libOneWire.a(OneWire.cpp.o) (pinMode)
.pio\build\ex_ds18b20_probe\libFrameworkArduino.a(main.cpp.o)
                              .pio\build\ex_ds18b20_probe\libFrameworkArduinoVariant.a(main.c.o) (hal_entry)
.pio\build\ex_ds18b20_probe\libFrameworkArduino.a(time.cpp.o)
                              .pio\build\ex_ds18b20_probe\libf2b\libOneWire.a(OneWire.cpp.o) (delayMicroseconds)
.pio\build\ex_ds18b20_probe\libFrameworkArduino.a(variant_helper.cpp.o)
                              .pio\build\ex_ds18b20_probe\libFrameworkArduino.a(Serial.cpp.o) (getPinCfgs(unsigned char, PinCfgReq_t))
.pio\build\ex_ds18b20_probe\libFrameworkArduino.a(vector_table.c.o)
                              .pio\build\ex_ds18b20_probe\libFrameworkArduino.a(main.cpp.o) (g_vector_table)
.pio\build\ex_ds18b20_probe\libFrameworkArduino.a(FspTimer.cpp.o)
                              .pio\build\ex_ds18b20_probe\libFrameworkArduino.a(time.cpp.o) (FspTimer::FspTimer())
.pio\build\ex_ds18b20_probe\libFrameworkArduino.a(IRQManager.cpp.o)
                              .pio\build\ex_ds18b20_probe\libFrameworkArduino.a(Serial.cpp.o) (IRQManager::getInstance())
.pio\build\ex_ds18b20_probe\libFrameworkArduino.a(analog.cpp.o)
                              .pio\build\ex_ds18b20_probe\libFrameworkArduino.a(main.cpp.o) (analogReference())
.pio\build\ex_ds18b20_probe\libFrameworkArduino.a(Common.cpp.o)
                              .pio\build\ex_ds18b20_probe\libFrameworkArduino.a(analog.cpp.o) (map(long, long, long, long, long))
.pio\build\ex_ds18b20_probe\libFrameworkArduino.a(cm_backtrace.c.o)
                              .pio\build\ex_ds18b20_probe\libFrameworkArduino.a(main.cpp.o) (cm_backtrace_init)
.pio\build\ex_ds18b20_probe\libFrameworkArduino.a(cortex_handlers.c.o)
                              .pio\build\ex_ds18b20_probe\libFrameworkArduino.a(main.cpp.o) (Stacktrace_Handler)
.pio\build\ex_ds18b20_probe\libFrameworkArduino.a(dac.cpp.o)
                              .pio\build\ex_ds18b20_probe\libFrameworkArduino.a(analog.cpp.o) (CDac::analogWrite(int))
.pio\build\ex_ds18b20_probe\libFrameworkArduino.a(pinDefinitions.cpp.o)
                              .pio\build\ex_ds18b20_probe\libFrameworkArduino.a(analog.cpp.o) (pinPeripheral(e_bsp_io_port_pin_t, unsigned long))
.pio\build\ex_ds18b20_probe\libFrameworkArduino.a(pwm.cpp.o)
                              .pio\build\ex_ds18b20_probe\libFrameworkArduino.a(analog.cpp.o) (PwmOut::PwmOut(int))
C:\Users\h\.platformio\packages\framework-arduinorenesas-uno\variants\UNOWIFIR4\libs\libfsp.a(r_spi.o)
                              .pio\build\ex_ds18b20_probe\libFrameworkArduino.a(IRQManager.cpp.o) (spi_rxi_isr)
C:\Users\h\.platformio\packages\framework-arduinorenesas-uno\variants\UNOWIFIR4\libs\libfsp.a(r_sci_uart.o)
                              .pio\build\ex_ds18b20_probe\libFrameworkArduino.a(Serial.cpp.o) (R_SCI_UART_Write)
C:\Users\h\.platformio\packages\framework-arduinorenesas-uno\variants\UNOWIFIR4\libs\libfsp.a(r_sci_spi.o)
                              .pio\build\ex_ds18b20_probe\libFrameworkArduino.a(IRQManager.cpp.o) (sci_spi_txi_isr)
C:\Users\h\.platformio\packages\framework-arduinorenesas-uno\variants\UNOWIFIR4\libs\libfsp.a(r_sci_i2c.o)
                              .pio\build\ex_ds18b20_probe\libFrameworkArduino.a(IRQManager.cpp.o) (sci_i2c_rxi_isr)
C:\Users\h\.platformio\packages\framework-arduinorenesas-uno\variants\UNOWIFIR4\libs\libfsp.a(r_rtc.o)
[...]
Memory Configuration

Name             Origin             Length             Attributes
FLASH            0x00004000         0x0003c000         xr
RAM              0x20000000         0x00008000         xrw
DATA_FLASH       0x40100000         0x00002000         xr
OPTION_SETTING   0x00000000         0x00000000         r
OPTION_SETTING_S 0x00000000         0x00000000         r
ID_CODE          0x01010018         0x00000020         xr
*default*        0x00000000         0xffffffff

Linker script and memory map

LOAD c:/users/h/.platformio/packages/toolchain-gccarmnoneeabi/bin/../lib/gcc/arm-none-eabi/7.2.1/thumb/v7e-m/fpv4-sp/hard/crti.o
LOAD c:/users/h/.platformio/packages/toolchain-gccarmnoneeabi/bin/../lib/gcc/arm-none-eabi/7.2.1/thumb/v7e-m/fpv4-sp/hard/crtbegin.o
LOAD c:/users/h/.platformio/packages/toolchain-gccarmnoneeabi/bin/../lib/gcc/arm-none-eabi/7.2.1/../../../../arm-none-eabi/lib/thumb/v7e-m/fpv4-sp/hard/crt0.o
LOAD .pio\build\ex_ds18b20_probe\src\examples\ds18b20_probe\main.cpp.o
START GROUP
LOAD .pio\build\ex_ds18b20_probe\libf2b\libOneWire.a
LOAD .pio\build\ex_ds18b20_probe\libfd5\libDallasTemperature.a
LOAD .pio\build\ex_ds18b20_probe\libb0e\libWire.a
LOAD .pio\build\ex_ds18b20_probe\libce0\libLiquidCrystal_PCF8574.a
LOAD .pio\build\ex_ds18b20_probe\libFrameworkArduinoVariant.a
LOAD .pio\build\ex_ds18b20_probe\libFrameworkArduino.a
LOAD C:\Users\h\.platformio\packages\framework-arduinorenesas-uno\variants\UNOWIFIR4\libs\libfsp.a
LOAD c:/users/h/.platformio/packages/toolchain-gccarmnoneeabi/bin/../lib/gcc/arm-none-eabi/7.2.1/../../../../arm-none-eabi/lib/thumb/v7e-m/fpv4-sp/hard\libstdc++_nano.a
LOAD c:/users/h/.platformio/packages/toolchain-gccarmnoneeabi/bin/../lib/gcc/arm-none-eabi/7.2.1/../../../../arm-none-eabi/lib/thumb/v7e-m/fpv4-sp/hard\libsupc++_nano.a
LOAD c:/users/h/.platformio/packages/toolchain-gccarmnoneeabi/bin/../lib/gcc/arm-none-eabi/7.2.1/thumb/v7e-m/fpv4-sp/hard\libgcc.a
LOAD c:/users/h/.platformio/packages/toolchain-gccarmnoneeabi/bin/../lib/gcc/arm-none-eabi/7.2.1/../../../../arm-none-eabi/lib/thumb/v7e-m/fpv4-sp/hard\libnosys.a
END GROUP
LOAD c:/users/h/.platformio/packages/toolchain-gccarmnoneeabi/bin/../lib/gcc/arm-none-eabi/7.2.1/../../../../arm-none-eabi/lib/thumb/v7e-m/fpv4-sp/hard\libstdc++_nano.a
LOAD c:/users/h/.platformio/packages/toolchain-gccarmnoneeabi/bin/../lib/gcc/arm-none-eabi/7.2.1/../../../../arm-none-eabi/lib/thumb/v7e-m/fpv4-sp/hard\libm.a
LOAD c:/users/h/.platformio/packages/toolchain-gccarmnoneeabi/bin/../lib/gcc/arm-none-eabi/7.2.1/../../../../arm-none-eabi/lib/thumb/v7e-m/fpv4-sp/hard\libc_nano.a
START GROUP
LOAD c:/users/h/.platformio/packages/toolchain-gccarmnoneeabi/bin/../lib/gcc/arm-none-eabi/7.2.1/thumb/v7e-m/fpv4-sp/hard\libgcc.a
LOAD c:/users/h/.platformio/packages/toolchain-gccarmnoneeabi/bin/../lib/gcc/arm-none-eabi/7.2.1/../../../../arm-none-eabi/lib/thumb/v7e-m/fpv4-sp/hard\libc_nano.a
END GROUP
START GROUP
LOAD c:/users/h/.platformio/packages/toolchain-gccarmnoneeabi/bin/../lib/gcc/arm-none-eabi/7.2.1/thumb/v7e-m/fpv4-sp/hard\libgcc.a
LOAD c:/users/h/.platformio/packages/toolchain-gccarmnoneeabi/bin/../lib/gcc/arm-none-eabi/7.2.1/../../../../arm-none-eabi/lib/thumb/v7e-m/fpv4-sp/hard\libc_nano.a
LOAD c:/users/h/.platformio/packages/toolchain-gccarmnoneeabi/bin/../lib/gcc/arm-none-eabi/7.2.1/../../../../arm-none-eabi/lib/thumb/v7e-m/fpv4-sp/hard\libnosys.a
END GROUP
START GROUP
LOAD c:/users/h/.platformio/packages/toolchain-gccarmnoneeabi/bin/../lib/gcc/arm-none-eabi/7.2.1/thumb/v7e-m/fpv4-sp/hard\libgcc.a
LOAD c:/users/h/.platformio/packages/toolchain-gccarmnoneeabi/bin/../lib/gcc/arm-none-eabi/7.2.1/../../../../arm-none-eabi/lib/thumb/v7e-m/fpv4-sp/hard\libc_nano.a
LOAD c:/users/h/.platformio/packages/toolchain-gccarmnoneeabi/bin/../lib/gcc/arm-none-eabi/7.2.1/../../../../arm-none-eabi/lib/thumb/v7e-m/fpv4-sp/hard\libnosys.a
END GROUP
LOAD c:/users/h/.platformio/packages/toolchain-gccarmnoneeabi/bin/../lib/gcc/arm-none-eabi/7.2.1/thumb/v7e-m/fpv4-sp/hard/crtend.o
LOAD c:/users/h/.platformio/packages/toolchain-gccarmnoneeabi/bin/../lib/gcc/arm-none-eabi/7.2.1/thumb/v7e-m/fpv4-sp/hard/crtn.o
                0x20000000                RAM_START = 0x20000000
                0x00008000                RAM_LENGTH = 0x8000
                0x00000000                FLASH_START = 0x0
                0x00040000                FLASH_LENGTH = 0x40000
                0x40100000                DATA_FLASH_START = 0x40100000
                0x00002000                DATA_FLASH_LENGTH = 0x2000
                0x00000000                OPTION_SETTING_START = 0x0
                0x00000000                OPTION_SETTING_LENGTH = 0x0
                0x00000000                OPTION_SETTING_S_START = 0x0
                0x00000000                OPTION_SETTING_S_LENGTH = 0x0
                0x01010018                ID_CODE_START = 0x1010018
                0x00000020                ID_CODE_LENGTH = 0x20
                0x90000000                SDRAM_START = 0x90000000
                0x00000000                SDRAM_LENGTH = 0x0
                0x60000000                QSPI_FLASH_START = 0x60000000
                0x00000000                QSPI_FLASH_LENGTH = 0x0
                0x68000000                OSPI_DEVICE_0_START = 0x68000000
                0x00000000                OSPI_DEVICE_0_LENGTH = 0x0
                0x70000000                OSPI_DEVICE_1_START = 0x70000000
                0x00000000                OSPI_DEVICE_1_LENGTH = 0x0
                0x00004000                FLASH_IMAGE_START = 0x4000
                0x00000100                VECTOR_TABLE_LENGTH = 0x100
                0x00000400                BSP_CFG_STACK_MAIN_BYTES = 0x400
START GROUP
LOAD c:/users/h/.platformio/packages/toolchain-gccarmnoneeabi/bin/../lib/gcc/arm-none-eabi/7.2.1/thumb/v7e-m/fpv4-sp/hard\libgcc.a
LOAD c:/users/h/.platformio/packages/toolchain-gccarmnoneeabi/bin/../lib/gcc/arm-none-eabi/7.2.1/../../../../arm-none-eabi/lib/thumb/v7e-m/fpv4-sp/hard\libc.a
LOAD c:/users/h/.platformio/packages/toolchain-gccarmnoneeabi/bin/../lib/gcc/arm-none-eabi/7.2.1/../../../../arm-none-eabi/lib/thumb/v7e-m/fpv4-sp/hard\libm.a
LOAD c:/users/h/.platformio/packages/toolchain-gccarmnoneeabi/bin/../lib/gcc/arm-none-eabi/7.2.1/../../../../arm-none-eabi/lib/thumb/v7e-m/fpv4-sp/hard\libnosys.a
END GROUP

.text           0x00004000     0x9444
                0x00000000                __tz_FLASH_S = ABSOLUTE (FLASH_START)
                0x00004000                __ROM_Start = .
 *(.sketch_boot)
                0x00004000                . = ALIGN (0x800)
 *(.fixed_vectors*)
 .fixed_vectors
                0x00004000       0x40 C:\Users\h\.platformio\packages\framework-arduinorenesas-uno\variants\UNOWIFIR4\libs\libfsp.a(startup.o)
                0x00004000                __Vectors
 *(.application_vectors*)
 .application_vectors
                0x00004040       0x80 .pio\build\ex_ds18b20_probe\libFrameworkArduino.a(vector_table.c.o)
                0x00004040                g_vector_table
                0x000040c0                __Vectors_End = .
 *(.text*)
 .text          0x000040c0       0x40 c:/users/h/.platformio/packages/toolchain-gccarmnoneeabi/bin/../lib/gcc/arm-none-eabi/7.2.1/thumb/v7e-m/fpv4-sp/hard/crtbegin.o
 .text._Z12printAddressPh
                0x00004100       0x34 .pio\build\ex_ds18b20_probe\src\examples\ds18b20_probe\main.cpp.o
                0x00004100                printAddress(unsigned char*)
 .text.loop     0x00004134       0xec .pio\build\ex_ds18b20_probe\src\examples\ds18b20_probe\main.cpp.o
                0x00004134                loop
 .text.startup._GLOBAL__sub_I_oneWire
                0x00004220       0x20 .pio\build\ex_ds18b20_probe\src\examples\ds18b20_probe\main.cpp.o
 .text.setup    0x00004240       0xd0 .pio\build\ex_ds18b20_probe\src\examples\ds18b20_probe\main.cpp.o
                0x00004240                setup
 .text._ZN7OneWire5resetEv
                0x00004310       0x72 .pio\build\ex_ds18b20_probe\libf2b\libOneWire.a(OneWire.cpp.o)
                0x00004310                OneWire::reset()
 .text._ZN7OneWire9write_bitEh
                0x00004382       0x5a .pio\build\ex_ds18b20_probe\libf2b\libOneWire.a(OneWire.cpp.o)
                0x00004382                OneWire::write_bit(unsigned char)
 .text._ZN7OneWire8read_bitEv
                0x000043dc       0x40 .pio\build\ex_ds18b20_probe\libf2b\libOneWire.a(OneWire.cpp.o)
                0x000043dc                OneWire::read_bit()
 .text._ZN7OneWire5writeEhh
                0x0000441c       0x40 .pio\build\ex_ds18b20_probe\libf2b\libOneWire.a(OneWire.cpp.o)
                0x0000441c                OneWire::write(unsigned char, unsigned char)
 .text._ZN7OneWire4readEv
                0x0000445c       0x20 .pio\build\ex_ds18b20_probe\libf2b\libOneWire.a(OneWire.cpp.o)
                0x0000445c                OneWire::read()
 .text._ZN7OneWire6selectEPKh
                0x0000447c       0x24 .pio\build\ex_ds18b20_probe\libf2b\libOneWire.a(OneWire.cpp.o)
                0x0000447c                OneWire::select(unsigned char const*)
 .text._ZN7OneWire4skipEv
                0x000044a0        0x8 .pio\build\ex_ds18b20_probe\libf2b\libOneWire.a(OneWire.cpp.o)
                0x000044a0                OneWire::skip()
 .text._ZN7OneWire12reset_searchEv
                0x000044a8        0xc .pio\build\ex_ds18b20_probe\libf2b\libOneWire.a(OneWire.cpp.o)
                0x000044a8                OneWire::reset_search()
 .text._ZN7OneWire5beginEh
                0x000044b4       0x1e .pio\build\ex_ds18b20_probe\libf2b\libOneWire.a(OneWire.cpp.o)
                0x000044b4                OneWire::begin(unsigned char)
 .text._ZN7OneWire6searchEPhb
                0x000044d2       0xf2 .pio\build\ex_ds18b20_probe\libf2b\libOneWire.a(OneWire.cpp.o)
                0x000044d2                OneWire::search(unsigned char*, bool)
 .text._ZN7OneWire4crc8EPKhh
                0x000045c4       0x2c .pio\build\ex_ds18b20_probe\libf2b\libOneWire.a(OneWire.cpp.o)
                0x000045c4                OneWire::crc8(unsigned char const*, unsigned char)
 .text._ZN17DallasTemperatureC2Ev
                0x000045f0       0x20 .pio\build\ex_ds18b20_probe\libfd5\libDallasTemperature.a(DallasTemperature.cpp.o)
                0x000045f0                DallasTemperature::DallasTemperature()
                0x000045f0                DallasTemperature::DallasTemperature()
 .text._ZN17DallasTemperature10setOneWireEP7OneWire
                0x00004610       0x18 .pio\build\ex_ds18b20_probe\libfd5\libDallasTemperature.a(DallasTemperature.cpp.o)
                0x00004610                DallasTemperature::setOneWire(OneWire*)
 .text._ZN17DallasTemperatureC2EP7OneWire
                0x00004628       0x14 .pio\build\ex_ds18b20_probe\libfd5\libDallasTemperature.a(DallasTemperature.cpp.o)
                0x00004628                DallasTemperature::DallasTemperature(OneWire*)
                0x00004628                DallasTemperature::DallasTemperature(OneWire*)
 .text._ZN17DallasTemperature22activateExternalPullupEv
                0x0000463c        0xe .pio\build\ex_ds18b20_probe\libfd5\libDallasTemperature.a(DallasTemperature.cpp.o)
                0x0000463c                DallasTemperature::activateExternalPullup()
 .text._ZN17DallasTemperature24deactivateExternalPullupEv
                0x0000464a        0xe .pio\build\ex_ds18b20_probe\libfd5\libDallasTemperature.a(DallasTemperature.cpp.o)
                0x0000464a                DallasTemperature::deactivateExternalPullup()
 .text._ZN17DallasTemperature11validFamilyEPKh
                0x00004658       0x20 .pio\build\ex_ds18b20_probe\libfd5\libDallasTemperature.a(DallasTemperature.cpp.o)
                0x00004658                DallasTemperature::validFamily(unsigned char const*)
 .text._ZN17DallasTemperature12validAddressEPKh
                0x00004678       0x16 .pio\build\ex_ds18b20_probe\libfd5\libDallasTemperature.a(DallasTemperature.cpp.o)
                0x00004678                DallasTemperature::validAddress(unsigned char const*)
 .text._ZN17DallasTemperature10getAddressEPhh
                0x0000468e       0x42 .pio\build\ex_ds18b20_probe\libfd5\libDallasTemperature.a(DallasTemperature.cpp.o)
                0x0000468e                DallasTemperature::getAddress(unsigned char*, unsigned char)
 .text._ZN17DallasTemperature14getDeviceCountEv
                0x000046d0        0x4 .pio\build\ex_ds18b20_probe\libfd5\libDallasTemperature.a(DallasTemperature.cpp.o)
                0x000046d0                DallasTemperature::getDeviceCount()
 .text._ZN17DallasTemperature15readPowerSupplyEPKh
                0x000046d4       0x3e .pio\build\ex_ds18b20_probe\libfd5\libDallasTemperature.a(DallasTemperature.cpp.o)
                0x000046d4                DallasTemperature::readPowerSupply(unsigned char const*)
 .text._ZN17DallasTemperature10isAllZerosEPKhj
                0x00004712       0x16 .pio\build\ex_ds18b20_probe\libfd5\libDallasTemperature.a(DallasTemperature.cpp.o)
                0x00004712                DallasTemperature::isAllZeros(unsigned char const*, unsigned int)
 .text._ZN17DallasTemperature14readScratchPadEPKhPh
                0x00004728       0x42 .pio\build\ex_ds18b20_probe\libfd5\libDallasTemperature.a(DallasTemperature.cpp.o)
                0x00004728                DallasTemperature::readScratchPad(unsigned char const*, unsigned char*)
 .text._ZN17DallasTemperature11isConnectedEPKhPh
                0x0000476a       0x2e .pio\build\ex_ds18b20_probe\libfd5\libDallasTemperature.a(DallasTemperature.cpp.o)
                0x0000476a                DallasTemperature::isConnected(unsigned char const*, unsigned char*)
 .text._ZN17DallasTemperature13getResolutionEPKh
                0x00004798       0x48 .pio\build\ex_ds18b20_probe\libfd5\libDallasTemperature.a(DallasTemperature.cpp.o)
                0x00004798                DallasTemperature::getResolution(unsigned char const*)
 .text._ZN17DallasTemperature5beginEv
                0x000047e0       0x7c .pio\build\ex_ds18b20_probe\libfd5\libDallasTemperature.a(DallasTemperature.cpp.o)
                0x000047e0                DallasTemperature::begin()
 .text._ZN17DallasTemperature12rawToCelsiusEl
                0x0000485c       0x18 .pio\build\ex_ds18b20_probe\libfd5\libDallasTemperature.a(DallasTemperature.cpp.o)
                0x0000485c                DallasTemperature::rawToCelsius(long)
 .text._ZN17DallasTemperature25millisToWaitForConversionEh
                0x00004874       0x18 .pio\build\ex_ds18b20_probe\libfd5\libDallasTemperature.a(DallasTemperature.cpp.o)
                0x00004874                DallasTemperature::millisToWaitForConversion(unsigned char)
 .text._ZN17DallasTemperature20isConversionCompleteEv
                0x0000488c       0x10 .pio\build\ex_ds18b20_probe\libfd5\libDallasTemperature.a(DallasTemperature.cpp.o)
                0x0000488c                DallasTemperature::isConversionComplete()
 .text._ZN17DallasTemperature27blockTillConversionCompleteEhm
                0x0000489c       0x4a .pio\build\ex_ds18b20_probe\libfd5\libDallasTemperature.a(DallasTemperature.cpp.o)
                0x0000489c                DallasTemperature::blockTillConversionComplete(unsigned char, unsigned long)
 .text._ZN17DallasTemperature19requestTemperaturesEv
                0x000048e6       0x3c .pio\build\ex_ds18b20_probe\libfd5\libDallasTemperature.a(DallasTemperature.cpp.o)
                0x000048e6                DallasTemperature::requestTemperatures()
 *fill*         0x00004922        0x2 ff
 .text._ZN17DallasTemperature20calculateTemperatureEPKhPh
                0x00004924       0x94 .pio\build\ex_ds18b20_probe\libfd5\libDallasTemperature.a(DallasTemperature.cpp.o)
                0x00004924                DallasTemperature::calculateTemperature(unsigned char const*, unsigned char*)
 .text._ZN17DallasTemperature7getTempEPKhh
                0x000049b8       0x38 .pio\build\ex_ds18b20_probe\libfd5\libDallasTemperature.a(DallasTemperature.cpp.o)
                0x000049b8                DallasTemperature::getTemp(unsigned char const*, unsigned char)
 .text._ZN17DallasTemperature8getTempCEPKhh
                0x000049f0        0xe .pio\build\ex_ds18b20_probe\libfd5\libDallasTemperature.a(DallasTemperature.cpp.o)
                0x000049f0                DallasTemperature::getTempC(unsigned char const*, unsigned char)
 .text.startup.main
                0x000049fe        0xa .pio\build\ex_ds18b20_probe\libFrameworkArduinoVariant.a(main.c.o)
                0x000049fe                main
 .text._ZN7arduino5Print17availableForWriteEv
                0x00004a08        0x4 .pio\build\ex_ds18b20_probe\libFrameworkArduino.a(Serial.cpp.o)
                0x00004a08                arduino::Print::availableForWrite()
 .text._ZN4UARTcvbEv
                0x00004a0c        0x4 .pio\build\ex_ds18b20_probe\libFrameworkArduino.a(Serial.cpp.o)
                0x00004a0c                UART::operator bool()
 .text._ZN4UART5beginEm
                0x00004a10        0xa .pio\build\ex_ds18b20_probe\libFrameworkArduino.a(Serial.cpp.o)
                0x00004a10                UART::begin(unsigned long)
 .text._ZN4UART5flushEv
                0x00004a1a        0xa .pio\build\ex_ds18b20_probe\libFrameworkArduino.a(Serial.cpp.o)
                0x00004a1a                UART::flush()
 .text._ZN4UART4peekEv
                0x00004a24       0x18 .pio\build\ex_ds18b20_probe\libFrameworkArduino.a(Serial.cpp.o)
                0x00004a24                UART::peek()
 .text._ZN4UART5writeEh
                0x00004a3c       0x34 .pio\build\ex_ds18b20_probe\libFrameworkArduino.a(Serial.cpp.o)
                0x00004a3c                UART::write(unsigned char)
 .text._ZN4UART3endEv
                0x00004a70       0x22 .pio\build\ex_ds18b20_probe\libFrameworkArduino.a(Serial.cpp.o)
                0x00004a70                UART::end()
 .text._ZN7__GuardD2Ev
                0x00004a92        0xc .pio\build\ex_ds18b20_probe\libFrameworkArduino.a(Serial.cpp.o)
                0x00004a92                __Guard::~__Guard()
                0x00004a92                __Guard::~__Guard()
 .text._ZN4UART9availableEv
                0x00004a9e       0x32 .pio\build\ex_ds18b20_probe\libFrameworkArduino.a(Serial.cpp.o)
                0x00004a9e                UART::available()
 .text._ZN4UART15WrapperCallbackEP20st_uart_callback_arg
                0x00004ad0       0x90 .pio\build\ex_ds18b20_probe\libFrameworkArduino.a(Serial.cpp.o)
                0x00004ad0                UART::WrapperCallback(st_uart_callback_arg*)
 .text._ZN4UART4readEv
                0x00004b60       0x5c .pio\build\ex_ds18b20_probe\libFrameworkArduino.a(Serial.cpp.o)
                0x00004b60                UART::read()
 .text._ZN4UARTC2Eiiii
                0x00004bbc       0x78 .pio\build\ex_ds18b20_probe\libFrameworkArduino.a(Serial.cpp.o)
                0x00004bbc                UART::UART(int, int, int, int)
                0x00004bbc                UART::UART(int, int, int, int)
 .text._ZN4UART13setUpUartIrqsER11st_uart_cfg
                0x00004c34       0x14 .pio\build\ex_ds18b20_probe\libFrameworkArduino.a(Serial.cpp.o)
                0x00004c34                UART::setUpUartIrqs(st_uart_cfg&)
 .text._ZN4UART8cfg_pinsEi
                0x00004c48       0xe8 .pio\build\ex_ds18b20_probe\libFrameworkArduino.a(Serial.cpp.o)
                0x00004c48                UART::cfg_pins(int)
 .text._ZN4UART5beginEmt
                0x00004d30      0x1a8 .pio\build\ex_ds18b20_probe\libFrameworkArduino.a(Serial.cpp.o)
                0x00004d30                UART::begin(unsigned long, unsigned short)
 .text._ZN4UART9write_rawEPhj
                0x00004ed8       0x1e .pio\build\ex_ds18b20_probe\libFrameworkArduino.a(Serial.cpp.o)
                0x00004ed8                UART::write_raw(unsigned char*, unsigned int)
 *fill*         0x00004ef6        0x2 ff
 .text.startup._GLOBAL__sub_I__UART1_
                0x00004ef8       0x1c .pio\build\ex_ds18b20_probe\libFrameworkArduino.a(SerialObj1.cpp.o)
 .text._ZN7arduino5Print5writeEPKhj
                0x00004f14       0x2c .pio\build\ex_ds18b20_probe\libFrameworkArduino.a(Print.cpp.o)
                0x00004f14                arduino::Print::write(unsigned char const*, unsigned int)
 .text._ZN7arduino5Print5writeEPKc.part.2
                0x00004f40       0x1e .pio\build\ex_ds18b20_probe\libFrameworkArduino.a(Print.cpp.o)
 .text._ZN7arduino5Print5writeEPKc
                0x00004f5e        0xa .pio\build\ex_ds18b20_probe\libFrameworkArduino.a(Print.cpp.o)
                0x00004f5e                arduino::Print::write(char const*)
 .text._ZN7arduino5Print5printEPKc
                0x00004f68        0x8 .pio\build\ex_ds18b20_probe\libFrameworkArduino.a(Print.cpp.o)
                0x00004f68                arduino::Print::print(char const*)
 .text._ZN7arduino5Print5printEc
                0x00004f70        0x8 .pio\build\ex_ds18b20_probe\libFrameworkArduino.a(Print.cpp.o)
                0x00004f70                arduino::Print::print(char)
 .text._ZN7arduino5Print7printlnEv
                0x00004f78        0xc .pio\build\ex_ds18b20_probe\libFrameworkArduino.a(Print.cpp.o)
                0x00004f78                arduino::Print::println()
 .text._ZN7arduino5Print7printlnEPKc
                0x00004f84       0x14 .pio\build\ex_ds18b20_probe\libFrameworkArduino.a(Print.cpp.o)
                0x00004f84                arduino::Print::println(char const*)
 .text._ZN7arduino5Print11printNumberEmh
                0x00004f98       0x3c .pio\build\ex_ds18b20_probe\libFrameworkArduino.a(Print.cpp.o)
                0x00004f98                arduino::Print::printNumber(unsigned long, unsigned char)
 .text._ZN7arduino5Print5printEmi
                0x00004fd4       0x1a .pio\build\ex_ds18b20_probe\libFrameworkArduino.a(Print.cpp.o)
                0x00004fd4                arduino::Print::print(unsigned long, int)
 .text._ZN7arduino5Print5printEhi
                0x00004fee        0x4 .pio\build\ex_ds18b20_probe\libFrameworkArduino.a(Print.cpp.o)
                0x00004fee                arduino::Print::print(unsigned char, int)
 *fill*         0x00004ff2        0x2 ff
 .text._ZN7arduino5Print10printFloatEdi
                0x00004ff4      0x17c .pio\build\ex_ds18b20_probe\libFrameworkArduino.a(Print.cpp.o)
                0x00004ff4                arduino::Print::printFloat(double, int)
 .text._ZN7arduino5Print5printEdi
                0x00005170        0x4 .pio\build\ex_ds18b20_probe\libFrameworkArduino.a(Print.cpp.o)
                0x00005170                arduino::Print::print(double, int)
 .text.pinMode  0x00005174       0x30 .pio\build\ex_ds18b20_probe\libFrameworkArduino.a(digital.cpp.o)
                0x00005174                pinMode
 .text.digitalWrite
                0x000051a4       0x18 .pio\build\ex_ds18b20_probe\libFrameworkArduino.a(digital.cpp.o)
                0x000051a4                digitalWrite
 .text.digitalRead
                0x000051bc       0x28 .pio\build\ex_ds18b20_probe\libFrameworkArduino.a(digital.cpp.o)
                0x000051bc                digitalRead
 .text.R_BSP_PinAccessEnable
                0x000051e4       0x2c .pio\build\ex_ds18b20_probe\libFrameworkArduino.a(main.cpp.o)
 .text.start_freertos_on_header_inclusion
                0x00005210        0x2 .pio\build\ex_ds18b20_probe\libFrameworkArduino.a(main.cpp.o)
                0x00005210                start_freertos_on_header_inclusion
 .text.early_start_freertos_on_header_inclusion
                0x00005212        0x2 .pio\build\ex_ds18b20_probe\libFrameworkArduino.a(main.cpp.o)
                0x00005212                early_start_freertos_on_header_inclusion
 .text._Z12arduino_mainv
                0x00005214       0x94 .pio\build\ex_ds18b20_probe\libFrameworkArduino.a(main.cpp.o)
                0x00005214                arduino_main()
 .text._write   0x000052a8        0xc .pio\build\ex_ds18b20_probe\libFrameworkArduino.a(main.cpp.o)
                0x000052a8                _write
 .text.hal_entry
                0x000052b4        0x6 .pio\build\ex_ds18b20_probe\libFrameworkArduino.a(main.cpp.o)
                0x000052b4                hal_entry
 .text.atexit   0x000052ba        0x4 .pio\build\ex_ds18b20_probe\libFrameworkArduino.a(main.cpp.o)
                0x000052ba                atexit
 *fill*         0x000052be        0x2 ff
 .text._ZL21timer_micros_callbackP22st_timer_callback_args
                0x000052c0       0x10 .pio\build\ex_ds18b20_probe\libFrameworkArduino.a(time.cpp.o)
 .text.delayMicroseconds
                0x000052d0        0x6 .pio\build\ex_ds18b20_probe\libFrameworkArduino.a(time.cpp.o)
                0x000052d0                delayMicroseconds
 .text.yield    0x000052d6        0x2 .pio\build\ex_ds18b20_probe\libFrameworkArduino.a(time.cpp.o)
                0x000052d6                yield
 .text.delay    0x000052d8       0x1c .pio\build\ex_ds18b20_probe\libFrameworkArduino.a(time.cpp.o)
                0x000052d8                delay
 .text._Z8startAgtv
                0x000052f4       0x6c .pio\build\ex_ds18b20_probe\libFrameworkArduino.a(time.cpp.o)
                0x000052f4                startAgt()
 .text.millis   0x00005360        0xc .pio\build\ex_ds18b20_probe\libFrameworkArduino.a(time.cpp.o)
                0x00005360                millis
 .text.startup._GLOBAL__sub_I_delayMicroseconds
                0x0000536c        0xc .pio\build\ex_ds18b20_probe\libFrameworkArduino.a(time.cpp.o)
 .text.exit._GLOBAL__sub_D_delayMicroseconds
                0x00005378        0xc .pio\build\ex_ds18b20_probe\libFrameworkArduino.a(time.cpp.o)
 .text._Z10getPinCfgsh11PinCfgReq_t
                0x00005384       0xe0 .pio\build\ex_ds18b20_probe\libFrameworkArduino.a(variant_helper.cpp.o)
                0x00005384                getPinCfgs(unsigned char, PinCfgReq_t)
 .text._ZN8FspTimerC2Ev
                0x00005464       0x18 .pio\build\ex_ds18b20_probe\libFrameworkArduino.a(FspTimer.cpp.o)
                0x00005464                FspTimer::FspTimer()
                0x00005464                FspTimer::FspTimer()
 .text._ZN8FspTimer5beginE12e_timer_modehhmm18e_timer_source_divPFvP22st_timer_callback_argsEPv
                0x0000547c      0x16c .pio\build\ex_ds18b20_probe\libFrameworkArduino.a(FspTimer.cpp.o)
                0x0000547c                FspTimer::begin(e_timer_mode, unsigned char, unsigned char, unsigned long, unsigned long, e_timer_source_div, void (*)(st_timer_callback_args*), void*)
 .text._ZN8FspTimer4openEv
                0x000055e8       0x4e .pio\build\ex_ds18b20_probe\libFrameworkArduino.a(FspTimer.cpp.o)
                0x000055e8                FspTimer::open()
 .text._ZN8FspTimer5startEv
                0x00005636       0x2e .pio\build\ex_ds18b20_probe\libFrameworkArduino.a(FspTimer.cpp.o)
                0x00005636                FspTimer::start()
 .text._ZN8FspTimer5closeEv
                0x00005664       0x2e .pio\build\ex_ds18b20_probe\libFrameworkArduino.a(FspTimer.cpp.o)
                0x00005664                FspTimer::close()
 *fill*         0x00005692        0x2 ff
 .text._ZN8FspTimer3endEv
                0x00005694       0x48 .pio\build\ex_ds18b20_probe\libFrameworkArduino.a(FspTimer.cpp.o)
                0x00005694                FspTimer::end()
 .text._ZN8FspTimerD2Ev
                0x000056dc        0xc .pio\build\ex_ds18b20_probe\libFrameworkArduino.a(FspTimer.cpp.o)
                0x000056dc                FspTimer::~FspTimer()
                0x000056dc                FspTimer::~FspTimer()
 .text._ZN8FspTimer15get_cfg_for_irqEv
                0x000056e8       0x14 .pio\build\ex_ds18b20_probe\libFrameworkArduino.a(FspTimer.cpp.o)
                0x000056e8                FspTimer::get_cfg_for_irq()
 .text._ZN8FspTimer9is_openedEv
                0x000056fc       0x18 .pio\build\ex_ds18b20_probe\libFrameworkArduino.a(FspTimer.cpp.o)
                0x000056fc                FspTimer::is_opened()
 .text._ZN8FspTimer18setup_overflow_irqEhPFvvE
                0x00005714       0x4e .pio\build\ex_ds18b20_probe\libFrameworkArduino.a(FspTimer.cpp.o)
                0x00005714                FspTimer::setup_overflow_irq(unsigned char, void (*)())
 *fill*         0x00005762        0x2 ff
 .text.__NVIC_SetPriority
                0x00005764       0x28 .pio\build\ex_ds18b20_probe\libFrameworkArduino.a(IRQManager.cpp.o)
 .text.R_BSP_IrqEnable
                0x0000578c       0x34 .pio\build\ex_ds18b20_probe\libFrameworkArduino.a(IRQManager.cpp.o)
 .text.R_BSP_IrqDisable
                0x000057c0       0x24 .pio\build\ex_ds18b20_probe\libFrameworkArduino.a(IRQManager.cpp.o)
 .text.__tcf_0  0x000057e4        0x2 .pio\build\ex_ds18b20_probe\libFrameworkArduino.a(IRQManager.cpp.o)
 *fill*         0x000057e6        0x2 ff
 .text._ZN10IRQManager11getInstanceEv
                0x000057e8       0x38 .pio\build\ex_ds18b20_probe\libFrameworkArduino.a(IRQManager.cpp.o)
                0x000057e8                IRQManager::getInstance()
 .text._ZN10IRQManager18set_ext_link_eventEii
                0x00005820       0xc8 .pio\build\ex_ds18b20_probe\libFrameworkArduino.a(IRQManager.cpp.o)
                0x00005820                IRQManager::set_ext_link_event(int, int)
 .text._ZN10IRQManager23set_gpt_over_link_eventEii
                0x000058e8       0x70 .pio\build\ex_ds18b20_probe\libFrameworkArduino.a(IRQManager.cpp.o)
                0x000058e8                IRQManager::set_gpt_over_link_event(int, int)
 .text._ZN10IRQManager18set_agt_link_eventEii
                0x00005958       0x28 .pio\build\ex_ds18b20_probe\libFrameworkArduino.a(IRQManager.cpp.o)
                0x00005958                IRQManager::set_agt_link_event(int, int)
 .text._ZN10IRQManager16addTimerOverflowER5timerPFvvE
                0x00005980       0x80 .pio\build\ex_ds18b20_probe\libFrameworkArduino.a(IRQManager.cpp.o)
                0x00005980                IRQManager::addTimerOverflow(timer&, void (*)())
 .text._ZN10IRQManager21set_iic_tx_link_eventEii
                0x00005a00       0x20 .pio\build\ex_ds18b20_probe\libFrameworkArduino.a(IRQManager.cpp.o)
                0x00005a00                IRQManager::set_iic_tx_link_event(int, int)
 .text._ZN10IRQManager21set_iic_rx_link_eventEii
                0x00005a20       0x20 .pio\build\ex_ds18b20_probe\libFrameworkArduino.a(IRQManager.cpp.o)
                0x00005a20                IRQManager::set_iic_rx_link_event(int, int)
 .text._ZN10IRQManager22set_iic_tei_link_eventEii
                0x00005a40       0x20 .pio\build\ex_ds18b20_probe\libFrameworkArduino.a(IRQManager.cpp.o)
                0x00005a40                IRQManager::set_iic_tei_link_event(int, int)
 .text._ZN10IRQManager22set_iic_eri_link_eventEii
                0x00005a60       0x20 .pio\build\ex_ds18b20_probe\libFrameworkArduino.a(IRQManager.cpp.o)
                0x00005a60                IRQManager::set_iic_eri_link_event(int, int)
 .text._ZN10IRQManager21set_sci_tx_link_eventEii
                0x00005a80       0x38 .pio\build\ex_ds18b20_probe\libFrameworkArduino.a(IRQManager.cpp.o)
                0x00005a80                IRQManager::set_sci_tx_link_event(int, int)
 .text._ZN10IRQManager21set_sci_rx_link_eventEii
                0x00005ab8       0x38 .pio\build\ex_ds18b20_probe\libFrameworkArduino.a(IRQManager.cpp.o)
                0x00005ab8                IRQManager::set_sci_rx_link_event(int, int)
 .text._ZN10IRQManager22set_sci_tei_link_eventEii
                0x00005af0       0x38 .pio\build\ex_ds18b20_probe\libFrameworkArduino.a(IRQManager.cpp.o)
                0x00005af0                IRQManager::set_sci_tei_link_event(int, int)
 .text._ZN10IRQManager22set_sci_eri_link_eventEii
                0x00005b28       0x38 .pio\build\ex_ds18b20_probe\libFrameworkArduino.a(IRQManager.cpp.o)
                0x00005b28                IRQManager::set_sci_eri_link_event(int, int)
 .text._ZN10IRQManager21set_spi_tx_link_eventEii
                0x00005b60       0x20 .pio\build\ex_ds18b20_probe\libFrameworkArduino.a(IRQManager.cpp.o)
                0x00005b60                IRQManager::set_spi_tx_link_event(int, int)
 .text._ZN10IRQManager21set_spi_rx_link_eventEii
                0x00005b80       0x20 .pio\build\ex_ds18b20_probe\libFrameworkArduino.a(IRQManager.cpp.o)
                0x00005b80                IRQManager::set_spi_rx_link_event(int, int)
 .text._ZN10IRQManager22set_spi_tei_link_eventEii
                0x00005ba0       0x20 .pio\build\ex_ds18b20_probe\libFrameworkArduino.a(IRQManager.cpp.o)
                0x00005ba0                IRQManager::set_spi_tei_link_event(int, int)
 .text._ZN10IRQManager22set_spi_eri_link_eventEii
                0x00005bc0       0x20 .pio\build\ex_ds18b20_probe\libFrameworkArduino.a(IRQManager.cpp.o)
                0x00005bc0                IRQManager::set_spi_eri_link_event(int, int)
 .text._ZN10IRQManager13addPeripheralE12Peripheral_tPv
                0x00005be0      0x904 .pio\build\ex_ds18b20_probe\libFrameworkArduino.a(IRQManager.cpp.o)
                0x00005be0                IRQManager::addPeripheral(Peripheral_t, void*)
 .text._ZL13readAllGroupAP13ADC_Container
                0x000064e4       0x2c .pio\build\ex_ds18b20_probe\libFrameworkArduino.a(analog.cpp.o)
 .text._ZL11ADC_irq_cbkP20st_adc_callback_args
                0x00006510       0x58 .pio\build\ex_ds18b20_probe\libFrameworkArduino.a(analog.cpp.o)
 .text._ZL10adcConvertP13ADC_Containert
                0x00006568       0xa4 .pio\build\ex_ds18b20_probe\libFrameworkArduino.a(analog.cpp.o)
 .text._ZL21get_ADC_container_ptrlRt.constprop.4
                0x0000660c       0x38 .pio\build\ex_ds18b20_probe\libFrameworkArduino.a(analog.cpp.o)
 .text._ZN13ADC_ContainerC2EhPFvP20st_adc_callback_argsEPv
                0x00006644       0x6e .pio\build\ex_ds18b20_probe\libFrameworkArduino.a(analog.cpp.o)
                0x00006644                ADC_Container::ADC_Container(unsigned char, void (*)(st_adc_callback_args*), void*)
                0x00006644                ADC_Container::ADC_Container(unsigned char, void (*)(st_adc_callback_args*), void*)
 .text._ZN13ADC_ContainerD2Ev
                0x000066b2       0x12 .pio\build\ex_ds18b20_probe\libFrameworkArduino.a(analog.cpp.o)
                0x000066b2                ADC_Container::~ADC_Container()
                0x000066b2                ADC_Container::~ADC_Container()
 .text.analogRead
                0x000066c4       0x3c .pio\build\ex_ds18b20_probe\libFrameworkArduino.a(analog.cpp.o)
                0x000066c4                analogRead
 .text.analogReference
                0x00006700       0x5c .pio\build\ex_ds18b20_probe\libFrameworkArduino.a(analog.cpp.o)
                0x00006700                analogReference
 *fill*         0x0000675c        0x4 ff
 .text._Z15analogReferencev
                0x00006760      0x10c .pio\build\ex_ds18b20_probe\libFrameworkArduino.a(analog.cpp.o)
                0x00006760                analogReference()
 .text._Z23__get_timer_for_channeli
                0x0000686c       0x2c .pio\build\ex_ds18b20_probe\libFrameworkArduino.a(analog.cpp.o)
                0x0000686c                __get_timer_for_channel(int)
 .text.startup._GLOBAL__sub_I__ZN13ADC_ContainerC2EhPFvP20st_adc_callback_argsEPv
                0x00006898       0x4c .pio\build\ex_ds18b20_probe\libFrameworkArduino.a(analog.cpp.o)
 .text.exit._GLOBAL__sub_D__ZN13ADC_ContainerC2EhPFvP20st_adc_callback_argsEPv
                0x000068e4       0x1c .pio\build\ex_ds18b20_probe\libFrameworkArduino.a(analog.cpp.o)
 .text._Z3maplllll
                0x00006900       0x14 .pio\build\ex_ds18b20_probe\libFrameworkArduino.a(Common.cpp.o)
                0x00006900                map(long, long, long, long, long)
 .text.dump_stack
                0x00006914       0x7c .pio\build\ex_ds18b20_probe\libFrameworkArduino.a(cm_backtrace.c.o)
 .text.cm_backtrace_init
                0x00006990       0x74 .pio\build\ex_ds18b20_probe\libFrameworkArduino.a(cm_backtrace.c.o)
                0x00006990                cm_backtrace_init
 .text.cm_backtrace_firmware_info
                0x00006a04       0x2c .pio\build\ex_ds18b20_probe\libFrameworkArduino.a(cm_backtrace.c.o)
                0x00006a04                cm_backtrace_firmware_info
 .text.cm_backtrace_call_stack
                0x00006a30       0xe4 .pio\build\ex_ds18b20_probe\libFrameworkArduino.a(cm_backtrace.c.o)
                0x00006a30                cm_backtrace_call_stack
 .text.print_call_stack
                0x00006b14       0x94 .pio\build\ex_ds18b20_probe\libFrameworkArduino.a(cm_backtrace.c.o)
 .text.cm_backtrace_fault
                0x00006ba8      0x470 .pio\build\ex_ds18b20_probe\libFrameworkArduino.a(cm_backtrace.c.o)
                0x00006ba8                cm_backtrace_fault
 .text.Stacktrace_Handler
                0x00007018        0xa .pio\build\ex_ds18b20_probe\libFrameworkArduino.a(cortex_handlers.c.o)
                0x00007018                Stacktrace_Handler
 *fill*         0x00007022        0x2 ff
 .text._ZN4CDacC2Eh
                0x00007024       0x6c .pio\build\ex_ds18b20_probe\libFrameworkArduino.a(dac.cpp.o)
                0x00007024                CDac::CDac(unsigned char)
                0x00007024                CDac::CDac(unsigned char)
 .text.startup._GLOBAL__sub_I__ZN4CDacC2Eh
                0x00007090        0xc .pio\build\ex_ds18b20_probe\libFrameworkArduino.a(dac.cpp.o)
 .text._Z13pinPeripheral19e_bsp_io_port_pin_tm
                0x0000709c       0x10 .pio\build\ex_ds18b20_probe\libFrameworkArduino.a(pinDefinitions.cpp.o)
                0x0000709c                pinPeripheral(e_bsp_io_port_pin_t, unsigned long)
 .text.r_spi_call_callback
                0x000070ac       0x40 C:\Users\h\.platformio\packages\framework-arduinorenesas-uno\variants\UNOWIFIR4\libs\libfsp.a(r_spi.o)
 .text.spi_rxi_isr
                0x000070ec       0x9c C:\Users\h\.platformio\packages\framework-arduinorenesas-uno\variants\UNOWIFIR4\libs\libfsp.a(r_spi.o)
                0x000070ec                spi_rxi_isr
 .text.spi_txi_isr
                0x00007188       0xd8 C:\Users\h\.platformio\packages\framework-arduinorenesas-uno\variants\UNOWIFIR4\libs\libfsp.a(r_spi.o)
                0x00007188                spi_txi_isr
 .text.spi_tei_isr
                0x00007260       0xe0 C:\Users\h\.platformio\packages\framework-arduinorenesas-uno\variants\UNOWIFIR4\libs\libfsp.a(r_spi.o)
                0x00007260                spi_tei_isr
 .text.spi_eri_isr
                0x00007340       0xdc C:\Users\h\.platformio\packages\framework-arduinorenesas-uno\variants\UNOWIFIR4\libs\libfsp.a(r_spi.o)
                0x00007340                spi_eri_isr
 .text.R_SCI_UART_Write
                0x0000741c       0xb0 C:\Users\h\.platformio\packages\framework-arduinorenesas-uno\variants\UNOWIFIR4\libs\libfsp.a(r_sci_uart.o)
                0x0000741c                R_SCI_UART_Write
 .text.R_SCI_UART_BaudSet
                0x000074cc       0x44 C:\Users\h\.platformio\packages\framework-arduinorenesas-uno\variants\UNOWIFIR4\libs\libfsp.a(r_sci_uart.o)
                0x000074cc                R_SCI_UART_BaudSet
 .text.R_SCI_UART_Close
                0x00007510       0xd8 C:\Users\h\.platformio\packages\framework-arduinorenesas-uno\variants\UNOWIFIR4\libs\libfsp.a(r_sci_uart.o)
                0x00007510                R_SCI_UART_Close
 .text.r_sci_uart_call_callback
                0x000075e8       0x44 C:\Users\h\.platformio\packages\framework-arduinorenesas-uno\variants\UNOWIFIR4\libs\libfsp.a(r_sci_uart.o)
 .text.r_sci_uart_transfer_configure.isra.0
                0x0000762c       0x38 C:\Users\h\.platformio\packages\framework-arduinorenesas-uno\variants\UNOWIFIR4\libs\libfsp.a(r_sci_uart.o)
 .text.R_SCI_UART_Open
                0x00007664      0x448 C:\Users\h\.platformio\packages\framework-arduinorenesas-uno\variants\UNOWIFIR4\libs\libfsp.a(r_sci_uart.o)
                0x00007664                R_SCI_UART_Open
 .text.R_SCI_UART_BaudCalculate
                0x00007aac      0x184 C:\Users\h\.platformio\packages\framework-arduinorenesas-uno\variants\UNOWIFIR4\libs\libfsp.a(r_sci_uart.o)
                0x00007aac                R_SCI_UART_BaudCalculate
 .text.sci_uart_txi_isr
                0x00007c30       0xec C:\Users\h\.platformio\packages\framework-arduinorenesas-uno\variants\UNOWIFIR4\libs\libfsp.a(r_sci_uart.o)
                0x00007c30                sci_uart_txi_isr
 .text.sci_uart_rxi_isr
                0x00007d1c      0x184 C:\Users\h\.platformio\packages\framework-arduinorenesas-uno\variants\UNOWIFIR4\libs\libfsp.a(r_sci_uart.o)
                0x00007d1c                sci_uart_rxi_isr
 .text.sci_uart_tei_isr
                0x00007ea0       0x40 C:\Users\h\.platformio\packages\framework-arduinorenesas-uno\variants\UNOWIFIR4\libs\libfsp.a(r_sci_uart.o)
                0x00007ea0                sci_uart_tei_isr
 .text.sci_uart_eri_isr
                0x00007ee0       0x78 C:\Users\h\.platformio\packages\framework-arduinorenesas-uno\variants\UNOWIFIR4\libs\libfsp.a(r_sci_uart.o)
                0x00007ee0                sci_uart_eri_isr
 .text.r_sci_spi_call_callback
                0x00007f58       0x40 C:\Users\h\.platformio\packages\framework-arduinorenesas-uno\variants\UNOWIFIR4\libs\libfsp.a(r_sci_spi.o)
 .text.sci_spi_txi_isr
                0x00007f98       0x68 C:\Users\h\.platformio\packages\framework-arduinorenesas-uno\variants\UNOWIFIR4\libs\libfsp.a(r_sci_spi.o)
                0x00007f98                sci_spi_txi_isr
 .text.sci_spi_rxi_isr
                0x00008000       0x74 C:\Users\h\.platformio\packages\framework-arduinorenesas-uno\variants\UNOWIFIR4\libs\libfsp.a(r_sci_spi.o)
                0x00008000                sci_spi_rxi_isr
 .text.sci_spi_tei_isr
                0x00008074       0x3c C:\Users\h\.platformio\packages\framework-arduinorenesas-uno\variants\UNOWIFIR4\libs\libfsp.a(r_sci_spi.o)
                0x00008074                sci_spi_tei_isr
 .text.sci_spi_eri_isr
                0x000080b0       0x44 C:\Users\h\.platformio\packages\framework-arduinorenesas-uno\variants\UNOWIFIR4\libs\libfsp.a(r_sci_spi.o)
                0x000080b0                sci_spi_eri_isr
 .text.sci_i2c_enable_transfer_support_tx
                0x000080f4       0x34 C:\Users\h\.platformio\packages\framework-arduinorenesas-uno\variants\UNOWIFIR4\libs\libfsp.a(r_sci_i2c.o)
 .text.sci_i2c_notify
                0x00008128       0x64 C:\Users\h\.platformio\packages\framework-arduinorenesas-uno\variants\UNOWIFIR4\libs\libfsp.a(r_sci_i2c.o)
                0x00008128                sci_i2c_notify
 .text.sci_i2c_rxi_isr
                0x0000818c       0x20 C:\Users\h\.platformio\packages\framework-arduinorenesas-uno\variants\UNOWIFIR4\libs\libfsp.a(r_sci_i2c.o)
                0x0000818c                sci_i2c_rxi_isr
 .text.sci_i2c_txi_isr
                0x000081ac      0x198 C:\Users\h\.platformio\packages\framework-arduinorenesas-uno\variants\UNOWIFIR4\libs\libfsp.a(r_sci_i2c.o)
                0x000081ac                sci_i2c_txi_isr
 .text.sci_i2c_tei_isr
                0x00008344       0xf0 C:\Users\h\.platformio\packages\framework-arduinorenesas-uno\variants\UNOWIFIR4\libs\libfsp.a(r_sci_i2c.o)
                0x00008344                sci_i2c_tei_isr
 .text.rtc_alarm_periodic_isr
                0x00008434       0x68 C:\Users\h\.platformio\packages\framework-arduinorenesas-uno\variants\UNOWIFIR4\libs\libfsp.a(r_rtc.o)
                0x00008434                rtc_alarm_periodic_isr
 .text.rtc_carry_isr
                0x0000849c       0x2c C:\Users\h\.platformio\packages\framework-arduinorenesas-uno\variants\UNOWIFIR4\libs\libfsp.a(r_rtc.o)
                0x0000849c                rtc_carry_isr
 .text.R_IOPORT_PinRead
                0x000084c8       0x1c C:\Users\h\.platformio\packages\framework-arduinorenesas-uno\variants\UNOWIFIR4\libs\libfsp.a(r_ioport.o)
                0x000084c8                R_IOPORT_PinRead
 .text.R_IOPORT_PinWrite
                0x000084e4       0x20 C:\Users\h\.platformio\packages\framework-arduinorenesas-uno\variants\UNOWIFIR4\libs\libfsp.a(r_ioport.o)
                0x000084e4                R_IOPORT_PinWrite
 .text.bsp_vbatt_init
                0x00008504       0xac C:\Users\h\.platformio\packages\framework-arduinorenesas-uno\variants\UNOWIFIR4\libs\libfsp.a(r_ioport.o)
 .text.R_IOPORT_PinCfg
                0x000085b0       0xa8 C:\Users\h\.platformio\packages\framework-arduinorenesas-uno\variants\UNOWIFIR4\libs\libfsp.a(r_ioport.o)
                0x000085b0                R_IOPORT_PinCfg
 .text.r_iic_slave_call_callback
                0x00008658       0x3c C:\Users\h\.platformio\packages\framework-arduinorenesas-uno\variants\UNOWIFIR4\libs\libfsp.a(r_iic_slave.o)
 .text.iic_slave_initiate_transaction
                0x00008694       0x74 C:\Users\h\.platformio\packages\framework-arduinorenesas-uno\variants\UNOWIFIR4\libs\libfsp.a(r_iic_slave.o)
 .text.iic_slave_rxi_isr
                0x00008708      0x12c C:\Users\h\.platformio\packages\framework-arduinorenesas-uno\variants\UNOWIFIR4\libs\libfsp.a(r_iic_slave.o)
                0x00008708                iic_slave_rxi_isr
 .text.iic_slave_txi_isr
                0x00008834       0xa8 C:\Users\h\.platformio\packages\framework-arduinorenesas-uno\variants\UNOWIFIR4\libs\libfsp.a(r_iic_slave.o)
                0x00008834                iic_slave_txi_isr
 .text.iic_slave_tei_isr
                0x000088dc       0x94 C:\Users\h\.platformio\packages\framework-arduinorenesas-uno\variants\UNOWIFIR4\libs\libfsp.a(r_iic_slave.o)
                0x000088dc                iic_slave_tei_isr
 .text.iic_slave_eri_isr
                0x00008970      0x10c C:\Users\h\.platformio\packages\framework-arduinorenesas-uno\variants\UNOWIFIR4\libs\libfsp.a(r_iic_slave.o)
                0x00008970                iic_slave_eri_isr
 .text.iic_master_notify
                0x00008a7c       0x3c C:\Users\h\.platformio\packages\framework-arduinorenesas-uno\variants\UNOWIFIR4\libs\libfsp.a(r_iic_master.o)
 .text.iic_master_open_hw_master
                0x00008ab8      0x184 C:\Users\h\.platformio\packages\framework-arduinorenesas-uno\variants\UNOWIFIR4\libs\libfsp.a(r_iic_master.o)
 .text.iic_master_rxi_isr
                0x00008c3c      0x13c C:\Users\h\.platformio\packages\framework-arduinorenesas-uno\variants\UNOWIFIR4\libs\libfsp.a(r_iic_master.o)
                0x00008c3c                iic_master_rxi_isr
 .text.iic_master_txi_isr
                0x00008d78       0xec C:\Users\h\.platformio\packages\framework-arduinorenesas-uno\variants\UNOWIFIR4\libs\libfsp.a(r_iic_master.o)
                0x00008d78                iic_master_txi_isr
 .text.iic_master_tei_isr
                0x00008e64       0xc4 C:\Users\h\.platformio\packages\framework-arduinorenesas-uno\variants\UNOWIFIR4\libs\libfsp.a(r_iic_master.o)
                0x00008e64                iic_master_tei_isr
 .text.iic_master_eri_isr
                0x00008f28      0x140 C:\Users\h\.platformio\packages\framework-arduinorenesas-uno\variants\UNOWIFIR4\libs\libfsp.a(r_iic_master.o)
                0x00008f28                iic_master_eri_isr
 .text.r_icu_isr
                0x00009068       0x6c C:\Users\h\.platformio\packages\framework-arduinorenesas-uno\variants\UNOWIFIR4\libs\libfsp.a(r_icu.o)
                0x00009068                r_icu_isr
 .text.R_GPT_Start
                0x000090d4        0xc C:\Users\h\.platformio\packages\framework-arduinorenesas-uno\variants\UNOWIFIR4\libs\libfsp.a(r_gpt.o)
                0x000090d4                R_GPT_Start
 .text.R_GPT_Enable
                0x000090e0       0x30 C:\Users\h\.platformio\packages\framework-arduinorenesas-uno\variants\UNOWIFIR4\libs\libfsp.a(r_gpt.o)
                0x000090e0                R_GPT_Enable
 .text.r_gpt_enable_irq
                0x00009110       0x5c C:\Users\h\.platformio\packages\framework-arduinorenesas-uno\variants\UNOWIFIR4\libs\libfsp.a(r_gpt.o)
 .text.r_gpt_call_callback
                0x0000916c       0x3c C:\Users\h\.platformio\packages\framework-arduinorenesas-uno\variants\UNOWIFIR4\libs\libfsp.a(r_gpt.o)
 .text.gpt_calculate_duty_cycle.isra.0
                0x000091a8       0x78 C:\Users\h\.platformio\packages\framework-arduinorenesas-uno\variants\UNOWIFIR4\libs\libfsp.a(r_gpt.o)
 .text.R_GPT_Open
                0x00009220      0x264 C:\Users\h\.platformio\packages\framework-arduinorenesas-uno\variants\UNOWIFIR4\libs\libfsp.a(r_gpt.o)
                0x00009220                R_GPT_Open
 .text.R_GPT_Close
                0x00009484       0xd4 C:\Users\h\.platformio\packages\framework-arduinorenesas-uno\variants\UNOWIFIR4\libs\libfsp.a(r_gpt.o)
                0x00009484                R_GPT_Close
 .text.gpt_counter_overflow_isr
                0x00009558       0x78 C:\Users\h\.platformio\packages\framework-arduinorenesas-uno\variants\UNOWIFIR4\libs\libfsp.a(r_gpt.o)
                0x00009558                gpt_counter_overflow_isr
 .text.R_DAC_Open
                0x000095d0       0x88 C:\Users\h\.platformio\packages\framework-arduinorenesas-uno\variants\UNOWIFIR4\libs\libfsp.a(r_dac.o)
                0x000095d0                R_DAC_Open
 .text.R_DAC_Write
                0x00009658        0xc C:\Users\h\.platformio\packages\framework-arduinorenesas-uno\variants\UNOWIFIR4\libs\libfsp.a(r_dac.o)
                0x00009658                R_DAC_Write
 .text.R_DAC_Start
                0x00009664       0x30 C:\Users\h\.platformio\packages\framework-arduinorenesas-uno\variants\UNOWIFIR4\libs\libfsp.a(r_dac.o)
                0x00009664                R_DAC_Start
 .text.R_DAC_Stop
                0x00009694       0x34 C:\Users\h\.platformio\packages\framework-arduinorenesas-uno\variants\UNOWIFIR4\libs\libfsp.a(r_dac.o)
                0x00009694                R_DAC_Stop
 .text.R_DAC_Close
                0x000096c8       0x40 C:\Users\h\.platformio\packages\framework-arduinorenesas-uno\variants\UNOWIFIR4\libs\libfsp.a(r_dac.o)
                0x000096c8                R_DAC_Close
 .text.r_can_call_callback
                0x00009708       0x68 C:\Users\h\.platformio\packages\framework-arduinorenesas-uno\variants\UNOWIFIR4\libs\libfsp.a(r_can.o)
 .text.can_error_isr
                0x00009770       0xd4 C:\Users\h\.platformio\packages\framework-arduinorenesas-uno\variants\UNOWIFIR4\libs\libfsp.a(r_can.o)
                0x00009770                can_error_isr
 .text.can_rx_isr
                0x00009844      0x118 C:\Users\h\.platformio\packages\framework-arduinorenesas-uno\variants\UNOWIFIR4\libs\libfsp.a(r_can.o)
                0x00009844                can_rx_isr
 .text.can_tx_isr
                0x0000995c       0xa0 C:\Users\h\.platformio\packages\framework-arduinorenesas-uno\variants\UNOWIFIR4\libs\libfsp.a(r_can.o)
                0x0000995c                can_tx_isr
 .text.R_AGT_Start
                0x000099fc       0x38 C:\Users\h\.platformio\packages\framework-arduinorenesas-uno\variants\UNOWIFIR4\libs\libfsp.a(r_agt.o)
                0x000099fc                R_AGT_Start
 .text.R_AGT_Enable
                0x00009a34       0x14 C:\Users\h\.platformio\packages\framework-arduinorenesas-uno\variants\UNOWIFIR4\libs\libfsp.a(r_agt.o)
                0x00009a34                R_AGT_Enable
 .text.R_AGT_Close
                0x00009a48       0x84 C:\Users\h\.platformio\packages\framework-arduinorenesas-uno\variants\UNOWIFIR4\libs\libfsp.a(r_agt.o)
                0x00009a48                R_AGT_Close
 .text.R_AGT_Open
                0x00009acc      0x118 C:\Users\h\.platformio\packages\framework-arduinorenesas-uno\variants\UNOWIFIR4\libs\libfsp.a(r_agt.o)
                0x00009acc                R_AGT_Open
 .text.agt_int_isr
                0x00009be4       0x88 C:\Users\h\.platformio\packages\framework-arduinorenesas-uno\variants\UNOWIFIR4\libs\libfsp.a(r_agt.o)
                0x00009be4                agt_int_isr
 .text.R_ADC_ScanStart
                0x00009c6c        0xc C:\Users\h\.platformio\packages\framework-arduinorenesas-uno\variants\UNOWIFIR4\libs\libfsp.a(r_adc.o)
                0x00009c6c                R_ADC_ScanStart
 .text.R_ADC_StatusGet
                0x00009c78       0x10 C:\Users\h\.platformio\packages\framework-arduinorenesas-uno\variants\UNOWIFIR4\libs\libfsp.a(r_adc.o)
                0x00009c78                R_ADC_StatusGet
 .text.R_ADC_Read
                0x00009c88       0x10 C:\Users\h\.platformio\packages\framework-arduinorenesas-uno\variants\UNOWIFIR4\libs\libfsp.a(r_adc.o)
                0x00009c88                R_ADC_Read
 .text.R_ADC_ScanCfg
                0x00009c98      0x1a0 C:\Users\h\.platformio\packages\framework-arduinorenesas-uno\variants\UNOWIFIR4\libs\libfsp.a(r_adc.o)
                0x00009c98                R_ADC_ScanCfg
 .text.R_ADC_Open
                0x00009e38      0x240 C:\Users\h\.platformio\packages\framework-arduinorenesas-uno\variants\UNOWIFIR4\libs\libfsp.a(r_adc.o)
                0x00009e38                R_ADC_Open
 .text.R_ADC_Close
                0x0000a078       0xfc C:\Users\h\.platformio\packages\framework-arduinorenesas-uno\variants\UNOWIFIR4\libs\libfsp.a(r_adc.o)
                0x0000a078                R_ADC_Close
 .text.bsp_prv_software_delay_loop
                0x0000a174        0xc C:\Users\h\.platformio\packages\framework-arduinorenesas-uno\variants\UNOWIFIR4\libs\libfsp.a(bsp_delay.o)
                0x0000a174                bsp_prv_software_delay_loop
 .text.R_BSP_SoftwareDelay
                0x0000a180       0x5c C:\Users\h\.platformio\packages\framework-arduinorenesas-uno\variants\UNOWIFIR4\libs\libfsp.a(bsp_delay.o)
                0x0000a180                R_BSP_SoftwareDelay
 .text.bsp_irq_cfg
                0x0000a1dc       0x2c C:\Users\h\.platformio\packages\framework-arduinorenesas-uno\variants\UNOWIFIR4\libs\libfsp.a(bsp_irq.o)
                0x0000a1dc                bsp_irq_cfg
 .text.R_BSP_RegisterProtectEnable
                0x0000a208       0x60 C:\Users\h\.platformio\packages\framework-arduinorenesas-uno\variants\UNOWIFIR4\libs\libfsp.a(bsp_register_protection.o)
                0x0000a208                R_BSP_RegisterProtectEnable
 .text.R_BSP_RegisterProtectDisable
                0x0000a268       0x54 C:\Users\h\.platformio\packages\framework-arduinorenesas-uno\variants\UNOWIFIR4\libs\libfsp.a(bsp_register_protection.o)
                0x0000a268                R_BSP_RegisterProtectDisable
 .text.Default_Handler
                0x0000a2bc        0x4 C:\Users\h\.platformio\packages\framework-arduinorenesas-uno\variants\UNOWIFIR4\libs\libfsp.a(startup.o)
                0x0000a2bc                DebugMon_Handler
                0x0000a2bc                HardFault_Handler
                0x0000a2bc                SysTick_Handler
                0x0000a2bc                PendSV_Handler
                0x0000a2bc                UsageFault_Handler
                0x0000a2bc                SecureFault_Handler
                0x0000a2bc                Default_Handler
                0x0000a2bc                MemManage_Handler
                0x0000a2bc                SVC_Handler
                0x0000a2bc                BusFault_Handler
 .text.Reset_Handler
                0x0000a2c0        0xc C:\Users\h\.platformio\packages\framework-arduinorenesas-uno\variants\UNOWIFIR4\libs\libfsp.a(startup.o)
                0x0000a2c0                Reset_Handler
 .text.R_BSP_WarmStart
                0x0000a2cc        0x4 C:\Users\h\.platformio\packages\framework-arduinorenesas-uno\variants\UNOWIFIR4\libs\libfsp.a(system.o)
                0x0000a2cc                R_BSP_WarmStart
 .text.SystemInit
                0x0000a2d0      0x15c C:\Users\h\.platformio\packages\framework-arduinorenesas-uno\variants\UNOWIFIR4\libs\libfsp.a(system.o)
                0x0000a2d0                SystemInit
 .text.SystemCoreClockUpdate
                0x0000a42c       0x28 C:\Users\h\.platformio\packages\framework-arduinorenesas-uno\variants\UNOWIFIR4\libs\libfsp.a(bsp_clocks.o)
                0x0000a42c                SystemCoreClockUpdate
 .text.bsp_clock_init
                0x0000a454      0x12c C:\Users\h\.platformio\packages\framework-arduinorenesas-uno\variants\UNOWIFIR4\libs\libfsp.a(bsp_clocks.o)
                0x0000a454                bsp_clock_init
 .text.bsp_init_internal
                0x0000a580        0x4 C:\Users\h\.platformio\packages\framework-arduinorenesas-uno\variants\UNOWIFIR4\libs\libfsp.a(bsp_common.o)
                0x0000a580                bsp_init_internal
                0x0000a580                bsp_init
 .text.NMI_Handler
                0x0000a584       0x38 C:\Users\h\.platformio\packages\framework-arduinorenesas-uno\variants\UNOWIFIR4\libs\libfsp.a(bsp_group_irq.o)
                0x0000a584                NMI_Handler
 .text._Znwj    0x0000a5bc       0x22 c:/users/h/.platformio/packages/toolchain-gccarmnoneeabi/bin/../lib/gcc/arm-none-eabi/7.2.1/../../../../arm-none-eabi/lib/thumb/v7e-m/fpv4-sp/hard\libstdc++_nano.a(new_op.o)
                0x0000a5bc                operator new(unsigned int)
 .text.__cxa_guard_acquire
                0x0000a5de       0x18 c:/users/h/.platformio/packages/toolchain-gccarmnoneeabi/bin/../lib/gcc/arm-none-eabi/7.2.1/../../../../arm-none-eabi/lib/thumb/v7e-m/fpv4-sp/hard\libstdc++_nano.a(guard.o)
                0x0000a5de                __cxa_guard_acquire
 .text.__cxa_guard_release
                0x0000a5f6        0x6 c:/users/h/.platformio/packages/toolchain-gccarmnoneeabi/bin/../lib/gcc/arm-none-eabi/7.2.1/../../../../arm-none-eabi/lib/thumb/v7e-m/fpv4-sp/hard\libstdc++_nano.a(guard.o)
                0x0000a5f6                __cxa_guard_release
 .text._ZSt15get_new_handlerv
                0x0000a5fc       0x10 c:/users/h/.platformio/packages/toolchain-gccarmnoneeabi/bin/../lib/gcc/arm-none-eabi/7.2.1/../../../../arm-none-eabi/lib/thumb/v7e-m/fpv4-sp/hard\libstdc++_nano.a(new_handler.o)
                0x0000a5fc                std::get_new_handler()
 .text._ZdlPvj  0x0000a60c        0x4 c:/users/h/.platformio/packages/toolchain-gccarmnoneeabi/bin/../lib/gcc/arm-none-eabi/7.2.1/../../../../arm-none-eabi/lib/thumb/v7e-m/fpv4-sp/hard\libstdc++_nano.a(del_ops.o)
                0x0000a60c                operator delete(void*, unsigned int)
 .text._ZdlPv   0x0000a610        0x4 c:/users/h/.platformio/packages/toolchain-gccarmnoneeabi/bin/../lib/gcc/arm-none-eabi/7.2.1/../../../../arm-none-eabi/lib/thumb/v7e-m/fpv4-sp/hard\libstdc++_nano.a(del_op.o)
                0x0000a610                operator delete(void*)
 .text          0x0000a614      0x378 c:/users/h/.platformio/packages/toolchain-gccarmnoneeabi/bin/../lib/gcc/arm-none-eabi/7.2.1/thumb/v7e-m/fpv4-sp/hard\libgcc.a(_arm_addsubdf3.o)
                0x0000a614                __aeabi_drsub
                0x0000a61c                __aeabi_dsub
                0x0000a61c                __subdf3
                0x0000a620                __aeabi_dadd
                0x0000a620                __adddf3
                0x0000a898                __floatunsidf
                0x0000a898                __aeabi_ui2d
                0x0000a8b8                __floatsidf
                0x0000a8b8                __aeabi_i2d
                0x0000a8dc                __aeabi_f2d
                0x0000a8dc                __extendsfdf2
                0x0000a920                __floatundidf
                0x0000a920                __aeabi_ul2d
                0x0000a930                __floatdidf
                0x0000a930                __aeabi_l2d
 .text          0x0000a98c      0x424 c:/users/h/.platformio/packages/toolchain-gccarmnoneeabi/bin/../lib/gcc/arm-none-eabi/7.2.1/thumb/v7e-m/fpv4-sp/hard\libgcc.a(_arm_muldivdf3.o)
                0x0000a98c                __aeabi_dmul
                0x0000a98c                __muldf3
                0x0000abe0                __divdf3
                0x0000abe0                __aeabi_ddiv
 .text          0x0000adb0      0x110 c:/users/h/.platformio/packages/toolchain-gccarmnoneeabi/bin/../lib/gcc/arm-none-eabi/7.2.1/thumb/v7e-m/fpv4-sp/hard\libgcc.a(_arm_cmpdf2.o)
                0x0000adb0                __gtdf2
                0x0000adb0                __gedf2
                0x0000adb8                __ltdf2
                0x0000adb8                __ledf2
                0x0000adc0                __nedf2
                0x0000adc0                __eqdf2
                0x0000adc0                __cmpdf2
                0x0000ae3c                __aeabi_cdrcmple
                0x0000ae4c                __aeabi_cdcmpeq
                0x0000ae4c                __aeabi_cdcmple
                0x0000ae5c                __aeabi_dcmpeq
                0x0000ae70                __aeabi_dcmplt
                0x0000ae84                __aeabi_dcmple
                0x0000ae98                __aeabi_dcmpge
                0x0000aeac                __aeabi_dcmpgt
 .text          0x0000aec0       0x2c c:/users/h/.platformio/packages/toolchain-gccarmnoneeabi/bin/../lib/gcc/arm-none-eabi/7.2.1/thumb/v7e-m/fpv4-sp/hard\libgcc.a(_arm_unorddf2.o)
                0x0000aec0                __unorddf2
                0x0000aec0                __aeabi_dcmpun
 .text          0x0000aeec       0x40 c:/users/h/.platformio/packages/toolchain-gccarmnoneeabi/bin/../lib/gcc/arm-none-eabi/7.2.1/thumb/v7e-m/fpv4-sp/hard\libgcc.a(_arm_fixunsdfsi.o)
                0x0000aeec                __aeabi_d2uiz
                0x0000aeec                __fixunsdfsi
 .text          0x0000af2c       0xa0 c:/users/h/.platformio/packages/toolchain-gccarmnoneeabi/bin/../lib/gcc/arm-none-eabi/7.2.1/thumb/v7e-m/fpv4-sp/hard\libgcc.a(_arm_truncdfsf2.o)
                0x0000af2c                __truncdfsf2
                0x0000af2c                __aeabi_d2f
 .text          0x0000afcc       0xa0 c:/users/h/.platformio/packages/toolchain-gccarmnoneeabi/bin/../lib/gcc/arm-none-eabi/7.2.1/thumb/v7e-m/fpv4-sp/hard\libgcc.a(_aeabi_ldivmod.o)
                0x0000afcc                __aeabi_ldivmod
 .text          0x0000b06c      0x2cc c:/users/h/.platformio/packages/toolchain-gccarmnoneeabi/bin/../lib/gcc/arm-none-eabi/7.2.1/thumb/v7e-m/fpv4-sp/hard\libgcc.a(_udivmoddi4.o)
                0x0000b06c                __udivmoddi4
 .text          0x0000b338        0x4 c:/users/h/.platformio/packages/toolchain-gccarmnoneeabi/bin/../lib/gcc/arm-none-eabi/7.2.1/thumb/v7e-m/fpv4-sp/hard\libgcc.a(_dvmd_tls.o)
                0x0000b338                __aeabi_idiv0
                0x0000b338                __aeabi_ldiv0
 .text.PINCOUNT_fn
                0x0000b33c        0x4 .pio\build\ex_ds18b20_probe\libFrameworkArduinoVariant.a(variant.cpp.o)
                0x0000b33c                PINCOUNT_fn
 .text._Z17__maybe_start_usbv
                0x0000b340        0x2 .pio\build\ex_ds18b20_probe\libFrameworkArduinoVariant.a(variant.cpp.o)
                0x0000b340                __maybe_start_usb()
 *fill*         0x0000b342        0x2 ff
 .text.initVariant
                0x0000b344       0x9c .pio\build\ex_ds18b20_probe\libFrameworkArduinoVariant.a(variant.cpp.o)
                0x0000b344                initVariant
 .text.abort    0x0000b3e0        0xe c:/users/h/.platformio/packages/toolchain-gccarmnoneeabi/bin/../lib/gcc/arm-none-eabi/7.2.1/../../../../arm-none-eabi/lib/thumb/v7e-m/fpv4-sp/hard\libc_nano.a(lib_a-abort.o)
                0x0000b3e0                abort
 *fill*         0x0000b3ee        0x2 ff
 .text.malloc   0x0000b3f0       0x10 c:/users/h/.platformio/packages/toolchain-gccarmnoneeabi/bin/../lib/gcc/arm-none-eabi/7.2.1/../../../../arm-none-eabi/lib/thumb/v7e-m/fpv4-sp/hard\libc_nano.a(lib_a-malloc.o)
                0x0000b3f0                malloc
 .text.free     0x0000b400       0x10 c:/users/h/.platformio/packages/toolchain-gccarmnoneeabi/bin/../lib/gcc/arm-none-eabi/7.2.1/../../../../arm-none-eabi/lib/thumb/v7e-m/fpv4-sp/hard\libc_nano.a(lib_a-malloc.o)
                0x0000b400                free
 .text.memcpy   0x0000b410       0x16 c:/users/h/.platformio/packages/toolchain-gccarmnoneeabi/bin/../lib/gcc/arm-none-eabi/7.2.1/../../../../arm-none-eabi/lib/thumb/v7e-m/fpv4-sp/hard\libc_nano.a(lib_a-memcpy-stub.o)
                0x0000b410                memcpy
 .text.memset   0x0000b426       0x10 c:/users/h/.platformio/packages/toolchain-gccarmnoneeabi/bin/../lib/gcc/arm-none-eabi/7.2.1/../../../../arm-none-eabi/lib/thumb/v7e-m/fpv4-sp/hard\libc_nano.a(lib_a-memset.o)
                0x0000b426                memset
 *fill*         0x0000b436        0x2 ff
 .text._free_r  0x0000b438       0x9c c:/users/h/.platformio/packages/toolchain-gccarmnoneeabi/bin/../lib/gcc/arm-none-eabi/7.2.1/../../../../arm-none-eabi/lib/thumb/v7e-m/fpv4-sp/hard\libc_nano.a(lib_a-nano-freer.o)
                0x0000b438                _free_r
 .text._malloc_r
                0x0000b4d4       0xb4 c:/users/h/.platformio/packages/toolchain-gccarmnoneeabi/bin/../lib/gcc/arm-none-eabi/7.2.1/../../../../arm-none-eabi/lib/thumb/v7e-m/fpv4-sp/hard\libc_nano.a(lib_a-nano-mallocr.o)
                0x0000b4d4                _malloc_r
 .text.printf   0x0000b588       0x30 c:/users/h/.platformio/packages/toolchain-gccarmnoneeabi/bin/../lib/gcc/arm-none-eabi/7.2.1/../../../../arm-none-eabi/lib/thumb/v7e-m/fpv4-sp/hard\libc_nano.a(lib_a-printf.o)
                0x0000b588                iprintf
                0x0000b588                printf
 .text._sbrk_r  0x0000b5b8       0x20 c:/users/h/.platformio/packages/toolchain-gccarmnoneeabi/bin/../lib/gcc/arm-none-eabi/7.2.1/../../../../arm-none-eabi/lib/thumb/v7e-m/fpv4-sp/hard\libc_nano.a(lib_a-sbrkr.o)
                0x0000b5b8                _sbrk_r
 .text._raise_r
                0x0000b5d8       0x50 c:/users/h/.platformio/packages/toolchain-gccarmnoneeabi/bin/../lib/gcc/arm-none-eabi/7.2.1/../../../../arm-none-eabi/lib/thumb/v7e-m/fpv4-sp/hard\libc_nano.a(lib_a-signal.o)
                0x0000b5d8                _raise_r
 .text.raise    0x0000b628       0x10 c:/users/h/.platformio/packages/toolchain-gccarmnoneeabi/bin/../lib/gcc/arm-none-eabi/7.2.1/../../../../arm-none-eabi/lib/thumb/v7e-m/fpv4-sp/hard\libc_nano.a(lib_a-signal.o)
                0x0000b628                raise
 .text._kill_r  0x0000b638       0x24 c:/users/h/.platformio/packages/toolchain-gccarmnoneeabi/bin/../lib/gcc/arm-none-eabi/7.2.1/../../../../arm-none-eabi/lib/thumb/v7e-m/fpv4-sp/hard\libc_nano.a(lib_a-signalr.o)
                0x0000b638                _kill_r
 .text._getpid_r
                0x0000b65c        0x4 c:/users/h/.platformio/packages/toolchain-gccarmnoneeabi/bin/../lib/gcc/arm-none-eabi/7.2.1/../../../../arm-none-eabi/lib/thumb/v7e-m/fpv4-sp/hard\libc_nano.a(lib_a-signalr.o)
                0x0000b65c                _getpid_r
 .text.sprintf  0x0000b660       0x40 c:/users/h/.platformio/packages/toolchain-gccarmnoneeabi/bin/../lib/gcc/arm-none-eabi/7.2.1/../../../../arm-none-eabi/lib/thumb/v7e-m/fpv4-sp/hard\libc_nano.a(lib_a-sprintf.o)
                0x0000b660                siprintf
                0x0000b660                sprintf
 .text          0x0000b6a0       0x10 c:/users/h/.platformio/packages/toolchain-gccarmnoneeabi/bin/../lib/gcc/arm-none-eabi/7.2.1/../../../../arm-none-eabi/lib/thumb/v7e-m/fpv4-sp/hard\libc_nano.a(lib_a-strlen.o)
                0x0000b6a0                strlen
 .text.std      0x0000b6b0       0x48 c:/users/h/.platformio/packages/toolchain-gccarmnoneeabi/bin/../lib/gcc/arm-none-eabi/7.2.1/../../../../arm-none-eabi/lib/thumb/v7e-m/fpv4-sp/hard\libc_nano.a(lib_a-findfp.o)
 .text._cleanup_r
                0x0000b6f8        0xc c:/users/h/.platformio/packages/toolchain-gccarmnoneeabi/bin/../lib/gcc/arm-none-eabi/7.2.1/../../../../arm-none-eabi/lib/thumb/v7e-m/fpv4-sp/hard\libc_nano.a(lib_a-findfp.o)
                0x0000b6f8                _cleanup_r
 .text.__sfmoreglue
                0x0000b704       0x2c c:/users/h/.platformio/packages/toolchain-gccarmnoneeabi/bin/../lib/gcc/arm-none-eabi/7.2.1/../../../../arm-none-eabi/lib/thumb/v7e-m/fpv4-sp/hard\libc_nano.a(lib_a-findfp.o)
                0x0000b704                __sfmoreglue
 .text.__sinit  0x0000b730       0x60 c:/users/h/.platformio/packages/toolchain-gccarmnoneeabi/bin/../lib/gcc/arm-none-eabi/7.2.1/../../../../arm-none-eabi/lib/thumb/v7e-m/fpv4-sp/hard\libc_nano.a(lib_a-findfp.o)
                0x0000b730                __sinit
 .text.__sfp    0x0000b790       0x78 c:/users/h/.platformio/packages/toolchain-gccarmnoneeabi/bin/../lib/gcc/arm-none-eabi/7.2.1/../../../../arm-none-eabi/lib/thumb/v7e-m/fpv4-sp/hard\libc_nano.a(lib_a-findfp.o)
                0x0000b790                __sfp
 .text._fwalk_reent
                0x0000b808       0x3c c:/users/h/.platformio/packages/toolchain-gccarmnoneeabi/bin/../lib/gcc/arm-none-eabi/7.2.1/../../../../arm-none-eabi/lib/thumb/v7e-m/fpv4-sp/hard\libc_nano.a(lib_a-fwalk.o)
                0x0000b808                _fwalk_reent
 .text.__malloc_lock
                0x0000b844        0x2 c:/users/h/.platformio/packages/toolchain-gccarmnoneeabi/bin/../lib/gcc/arm-none-eabi/7.2.1/../../../../arm-none-eabi/lib/thumb/v7e-m/fpv4-sp/hard\libc_nano.a(lib_a-mlock.o)
                0x0000b844                __malloc_lock
 .text.__malloc_unlock
                0x0000b846        0x2 c:/users/h/.platformio/packages/toolchain-gccarmnoneeabi/bin/../lib/gcc/arm-none-eabi/7.2.1/../../../../arm-none-eabi/lib/thumb/v7e-m/fpv4-sp/hard\libc_nano.a(lib_a-mlock.o)
                0x0000b846                __malloc_unlock
 .text.__ssputs_r
                0x0000b848       0xb4 c:/users/h/.platformio/packages/toolchain-gccarmnoneeabi/bin/../lib/gcc/arm-none-eabi/7.2.1/../../../../arm-none-eabi/lib/thumb/v7e-m/fpv4-sp/hard\libc_nano.a(lib_a-nano-svfprintf.o)
                0x0000b848                __ssputs_r
 .text._svfprintf_r
                0x0000b8fc      0x1ec c:/users/h/.platformio/packages/toolchain-gccarmnoneeabi/bin/../lib/gcc/arm-none-eabi/7.2.1/../../../../arm-none-eabi/lib/thumb/v7e-m/fpv4-sp/hard\libc_nano.a(lib_a-nano-svfprintf.o)
                0x0000b8fc                _svfiprintf_r
                0x0000b8fc                _svfprintf_r
 .text.__sfputc_r
                0x0000bae8       0x2e c:/users/h/.platformio/packages/toolchain-gccarmnoneeabi/bin/../lib/gcc/arm-none-eabi/7.2.1/../../../../arm-none-eabi/lib/thumb/v7e-m/fpv4-sp/hard\libc_nano.a(lib_a-nano-vfprintf.o)
 .text.__sfputs_r
                0x0000bb16       0x24 c:/users/h/.platformio/packages/toolchain-gccarmnoneeabi/bin/../lib/gcc/arm-none-eabi/7.2.1/../../../../arm-none-eabi/lib/thumb/v7e-m/fpv4-sp/hard\libc_nano.a(lib_a-nano-vfprintf.o)
                0x0000bb16                __sfputs_r
 *fill*         0x0000bb3a        0x2 ff
 .text._vfprintf_r
                0x0000bb3c      0x228 c:/users/h/.platformio/packages/toolchain-gccarmnoneeabi/bin/../lib/gcc/arm-none-eabi/7.2.1/../../../../arm-none-eabi/lib/thumb/v7e-m/fpv4-sp/hard\libc_nano.a(lib_a-nano-vfprintf.o)
                0x0000bb3c                _vfprintf_r
                0x0000bb3c                _vfiprintf_r
 .text._printf_common
                0x0000bd64       0xea c:/users/h/.platformio/packages/toolchain-gccarmnoneeabi/bin/../lib/gcc/arm-none-eabi/7.2.1/../../../../arm-none-eabi/lib/thumb/v7e-m/fpv4-sp/hard\libc_nano.a(lib_a-nano-vfprintf_i.o)
                0x0000bd64                _printf_common
 *fill*         0x0000be4e        0x2 ff
 .text._printf_i
                0x0000be50      0x224 c:/users/h/.platformio/packages/toolchain-gccarmnoneeabi/bin/../lib/gcc/arm-none-eabi/7.2.1/../../../../arm-none-eabi/lib/thumb/v7e-m/fpv4-sp/hard\libc_nano.a(lib_a-nano-vfprintf_i.o)
                0x0000be50                _printf_i
 .text.__sread  0x0000c074       0x22 c:/users/h/.platformio/packages/toolchain-gccarmnoneeabi/bin/../lib/gcc/arm-none-eabi/7.2.1/../../../../arm-none-eabi/lib/thumb/v7e-m/fpv4-sp/hard\libc_nano.a(lib_a-stdio.o)
                0x0000c074                __sread
 .text.__swrite
                0x0000c096       0x38 c:/users/h/.platformio/packages/toolchain-gccarmnoneeabi/bin/../lib/gcc/arm-none-eabi/7.2.1/../../../../arm-none-eabi/lib/thumb/v7e-m/fpv4-sp/hard\libc_nano.a(lib_a-stdio.o)
                0x0000c096                __swrite
 .text.__sseek  0x0000c0ce       0x24 c:/users/h/.platformio/packages/toolchain-gccarmnoneeabi/bin/../lib/gcc/arm-none-eabi/7.2.1/../../../../arm-none-eabi/lib/thumb/v7e-m/fpv4-sp/hard\libc_nano.a(lib_a-stdio.o)
                0x0000c0ce                __sseek
 .text.__sclose
                0x0000c0f2        0x8 c:/users/h/.platformio/packages/toolchain-gccarmnoneeabi/bin/../lib/gcc/arm-none-eabi/7.2.1/../../../../arm-none-eabi/lib/thumb/v7e-m/fpv4-sp/hard\libc_nano.a(lib_a-stdio.o)
                0x0000c0f2                __sclose
 *fill*         0x0000c0fa        0x2 ff
 .text.__swbuf_r
                0x0000c0fc       0xa4 c:/users/h/.platformio/packages/toolchain-gccarmnoneeabi/bin/../lib/gcc/arm-none-eabi/7.2.1/../../../../arm-none-eabi/lib/thumb/v7e-m/fpv4-sp/hard\libc_nano.a(lib_a-wbuf.o)
                0x0000c0fc                __swbuf_r
 .text._write_r
                0x0000c1a0       0x24 c:/users/h/.platformio/packages/toolchain-gccarmnoneeabi/bin/../lib/gcc/arm-none-eabi/7.2.1/../../../../arm-none-eabi/lib/thumb/v7e-m/fpv4-sp/hard\libc_nano.a(lib_a-writer.o)
                0x0000c1a0                _write_r
 .text.__swsetup_r
                0x0000c1c4       0xdc c:/users/h/.platformio/packages/toolchain-gccarmnoneeabi/bin/../lib/gcc/arm-none-eabi/7.2.1/../../../../arm-none-eabi/lib/thumb/v7e-m/fpv4-sp/hard\libc_nano.a(lib_a-wsetup.o)
                0x0000c1c4                __swsetup_r
 .text._close_r
                0x0000c2a0       0x20 c:/users/h/.platformio/packages/toolchain-gccarmnoneeabi/bin/../lib/gcc/arm-none-eabi/7.2.1/../../../../arm-none-eabi/lib/thumb/v7e-m/fpv4-sp/hard\libc_nano.a(lib_a-closer.o)
                0x0000c2a0                _close_r
 .text.__sflush_r
                0x0000c2c0      0x10c c:/users/h/.platformio/packages/toolchain-gccarmnoneeabi/bin/../lib/gcc/arm-none-eabi/7.2.1/../../../../arm-none-eabi/lib/thumb/v7e-m/fpv4-sp/hard\libc_nano.a(lib_a-fflush.o)
                0x0000c2c0                __sflush_r
 .text._fflush_r
                0x0000c3cc       0x54 c:/users/h/.platformio/packages/toolchain-gccarmnoneeabi/bin/../lib/gcc/arm-none-eabi/7.2.1/../../../../arm-none-eabi/lib/thumb/v7e-m/fpv4-sp/hard\libc_nano.a(lib_a-fflush.o)
                0x0000c3cc                _fflush_r
 .text._lseek_r
                0x0000c420       0x24 c:/users/h/.platformio/packages/toolchain-gccarmnoneeabi/bin/../lib/gcc/arm-none-eabi/7.2.1/../../../../arm-none-eabi/lib/thumb/v7e-m/fpv4-sp/hard\libc_nano.a(lib_a-lseekr.o)
                0x0000c420                _lseek_r
 .text.__swhatbuf_r
                0x0000c444       0x48 c:/users/h/.platformio/packages/toolchain-gccarmnoneeabi/bin/../lib/gcc/arm-none-eabi/7.2.1/../../../../arm-none-eabi/lib/thumb/v7e-m/fpv4-sp/hard\libc_nano.a(lib_a-makebuf.o)
                0x0000c444                __swhatbuf_r
 .text.__smakebuf_r
                0x0000c48c       0x80 c:/users/h/.platformio/packages/toolchain-gccarmnoneeabi/bin/../lib/gcc/arm-none-eabi/7.2.1/../../../../arm-none-eabi/lib/thumb/v7e-m/fpv4-sp/hard\libc_nano.a(lib_a-makebuf.o)
                0x0000c48c                __smakebuf_r
 *fill*         0x0000c50c        0x4 ff
 .text          0x0000c510       0xa0 c:/users/h/.platformio/packages/toolchain-gccarmnoneeabi/bin/../lib/gcc/arm-none-eabi/7.2.1/../../../../arm-none-eabi/lib/thumb/v7e-m/fpv4-sp/hard\libc_nano.a(lib_a-memchr.o)
                0x0000c510                memchr
 .text.memmove  0x0000c5b0       0x32 c:/users/h/.platformio/packages/toolchain-gccarmnoneeabi/bin/../lib/gcc/arm-none-eabi/7.2.1/../../../../arm-none-eabi/lib/thumb/v7e-m/fpv4-sp/hard\libc_nano.a(lib_a-memmove.o)
                0x0000c5b0                memmove
 .text._realloc_r
                0x0000c5e2       0x4c c:/users/h/.platformio/packages/toolchain-gccarmnoneeabi/bin/../lib/gcc/arm-none-eabi/7.2.1/../../../../arm-none-eabi/lib/thumb/v7e-m/fpv4-sp/hard\libc_nano.a(lib_a-nano-reallocr.o)
                0x0000c5e2                _realloc_r
 *fill*         0x0000c62e        0x2 ff
 .text._read_r  0x0000c630       0x24 c:/users/h/.platformio/packages/toolchain-gccarmnoneeabi/bin/../lib/gcc/arm-none-eabi/7.2.1/../../../../arm-none-eabi/lib/thumb/v7e-m/fpv4-sp/hard\libc_nano.a(lib_a-readr.o)
                0x0000c630                _read_r
 .text._fstat_r
                0x0000c654       0x24 c:/users/h/.platformio/packages/toolchain-gccarmnoneeabi/bin/../lib/gcc/arm-none-eabi/7.2.1/../../../../arm-none-eabi/lib/thumb/v7e-m/fpv4-sp/hard\libc_nano.a(lib_a-fstatr.o)
                0x0000c654                _fstat_r
 .text._isatty_r
                0x0000c678       0x20 c:/users/h/.platformio/packages/toolchain-gccarmnoneeabi/bin/../lib/gcc/arm-none-eabi/7.2.1/../../../../arm-none-eabi/lib/thumb/v7e-m/fpv4-sp/hard\libc_nano.a(lib_a-isattyr.o)
                0x0000c678                _isatty_r
 .text._malloc_usable_size_r
                0x0000c698       0x10 c:/users/h/.platformio/packages/toolchain-gccarmnoneeabi/bin/../lib/gcc/arm-none-eabi/7.2.1/../../../../arm-none-eabi/lib/thumb/v7e-m/fpv4-sp/hard\libc_nano.a(lib_a-nano-msizer.o)
                0x0000c698                _malloc_usable_size_r
 .text._close   0x0000c6a8       0x10 c:/users/h/.platformio/packages/toolchain-gccarmnoneeabi/bin/../lib/gcc/arm-none-eabi/7.2.1/../../../../arm-none-eabi/lib/thumb/v7e-m/fpv4-sp/hard\libnosys.a(close.o)
                0x0000c6a8                _close
 .text._fstat   0x0000c6b8       0x10 c:/users/h/.platformio/packages/toolchain-gccarmnoneeabi/bin/../lib/gcc/arm-none-eabi/7.2.1/../../../../arm-none-eabi/lib/thumb/v7e-m/fpv4-sp/hard\libnosys.a(fstat.o)
                0x0000c6b8                _fstat
 .text._getpid  0x0000c6c8       0x10 c:/users/h/.platformio/packages/toolchain-gccarmnoneeabi/bin/../lib/gcc/arm-none-eabi/7.2.1/../../../../arm-none-eabi/lib/thumb/v7e-m/fpv4-sp/hard\libnosys.a(getpid.o)
                0x0000c6c8                _getpid
 .text._isatty  0x0000c6d8       0x10 c:/users/h/.platformio/packages/toolchain-gccarmnoneeabi/bin/../lib/gcc/arm-none-eabi/7.2.1/../../../../arm-none-eabi/lib/thumb/v7e-m/fpv4-sp/hard\libnosys.a(isatty.o)
                0x0000c6d8                _isatty
 .text._kill    0x0000c6e8       0x10 c:/users/h/.platformio/packages/toolchain-gccarmnoneeabi/bin/../lib/gcc/arm-none-eabi/7.2.1/../../../../arm-none-eabi/lib/thumb/v7e-m/fpv4-sp/hard\libnosys.a(kill.o)
                0x0000c6e8                _kill
 .text._lseek   0x0000c6f8       0x10 c:/users/h/.platformio/packages/toolchain-gccarmnoneeabi/bin/../lib/gcc/arm-none-eabi/7.2.1/../../../../arm-none-eabi/lib/thumb/v7e-m/fpv4-sp/hard\libnosys.a(lseek.o)
                0x0000c6f8                _lseek
 .text._read    0x0000c708       0x10 c:/users/h/.platformio/packages/toolchain-gccarmnoneeabi/bin/../lib/gcc/arm-none-eabi/7.2.1/../../../../arm-none-eabi/lib/thumb/v7e-m/fpv4-sp/hard\libnosys.a(read.o)
                0x0000c708                _read
 .text._sbrk    0x0000c718       0x1c c:/users/h/.platformio/packages/toolchain-gccarmnoneeabi/bin/../lib/gcc/arm-none-eabi/7.2.1/../../../../arm-none-eabi/lib/thumb/v7e-m/fpv4-sp/hard\libnosys.a(sbrk.o)
                0x0000c718                _sbrk
 .text._exit    0x0000c734        0x4 c:/users/h/.platformio/packages/toolchain-gccarmnoneeabi/bin/../lib/gcc/arm-none-eabi/7.2.1/../../../../arm-none-eabi/lib/thumb/v7e-m/fpv4-sp/hard\libnosys.a(_exit.o)
                0x0000c734                _exit
 *(.version)
 .version       0x0000c738       0x50 C:\Users\h\.platformio\packages\framework-arduinorenesas-uno\variants\UNOWIFIR4\libs\libfsp.a(bsp_common.o)
 *(.init)
 .init          0x0000c788        0x4 c:/users/h/.platformio/packages/toolchain-gccarmnoneeabi/bin/../lib/gcc/arm-none-eabi/7.2.1/thumb/v7e-m/fpv4-sp/hard/crti.o
                0x0000c788                _init
 .init          0x0000c78c        0x8 c:/users/h/.platformio/packages/toolchain-gccarmnoneeabi/bin/../lib/gcc/arm-none-eabi/7.2.1/thumb/v7e-m/fpv4-sp/hard/crtn.o
 *(.fini)
 .fini          0x0000c794        0x4 c:/users/h/.platformio/packages/toolchain-gccarmnoneeabi/bin/../lib/gcc/arm-none-eabi/7.2.1/thumb/v7e-m/fpv4-sp/hard/crti.o
                0x0000c794                _fini
 .fini          0x0000c798        0x8 c:/users/h/.platformio/packages/toolchain-gccarmnoneeabi/bin/../lib/gcc/arm-none-eabi/7.2.1/thumb/v7e-m/fpv4-sp/hard/crtn.o
 *crtbegin.o(.ctors)
 *crtbegin?.o(.ctors)
 *(EXCLUDE_FILE(*crtend.o *crtend?.o) .ctors)
 *(SORT_BY_NAME(.ctors.*))
 *(.ctors)
 *crtbegin.o(.dtors)
 *crtbegin?.o(.dtors)
 *(EXCLUDE_FILE(*crtend.o *crtend?.o) .dtors)
 *(SORT_BY_NAME(.dtors.*))
 *(.dtors)
 *(.rodata*)
 .rodata._Z12printAddressPh.str1.1
                0x0000c7a0        0x2 .pio\build\ex_ds18b20_probe\src\examples\ds18b20_probe\main.cpp.o
 .rodata.loop.str1.1
                0x0000c7a2       0x4f .pio\build\ex_ds18b20_probe\src\examples\ds18b20_probe\main.cpp.o
                                 0x52 (size before relaxing)
 .rodata.setup.str1.1
                0x0000c7f1       0x35 .pio\build\ex_ds18b20_probe\src\examples\ds18b20_probe\main.cpp.o
 .rodata._ZL15dscrc2x16_table
                0x0000c826       0x20 .pio\build\ex_ds18b20_probe\libf2b\libOneWire.a(OneWire.cpp.o)
 .rodata.CSWTCH.94
                0x0000c846        0x6 .pio\build\ex_ds18b20_probe\libfd5\libDallasTemperature.a(DallasTemperature.cpp.o)
 .rodata._ZTV4UART
                0x0000c84c       0x34 .pio\build\ex_ds18b20_probe\libFrameworkArduino.a(Serial.cpp.o)
                0x0000c84c                vtable for UART
 .rodata._ZN7arduino5Print10printFloatEdi.str1.1
                0x0000c880        0xc .pio\build\ex_ds18b20_probe\libFrameworkArduino.a(Print.cpp.o)
                                  0xe (size before relaxing)
 .rodata._ZN7arduino5Print7printlnEv.str1.1
                0x0000c88c        0x3 .pio\build\ex_ds18b20_probe\libFrameworkArduino.a(Print.cpp.o)
 .rodata        0x0000c88f        0xd .pio\build\ex_ds18b20_probe\libFrameworkArduino.a(main.cpp.o)
 .rodata._Z12arduino_mainv.str1.1
                0x0000c89c       0x10 .pio\build\ex_ds18b20_probe\libFrameworkArduino.a(main.cpp.o)
 .rodata.g_interrupt_event_link_select
                0x0000c8ac       0x20 .pio\build\ex_ds18b20_probe\libFrameworkArduino.a(vector_table.c.o)
                0x0000c8ac                g_interrupt_event_link_select
 .rodata.CSWTCH.44
                0x0000c8cc        0x6 .pio\build\ex_ds18b20_probe\libFrameworkArduino.a(analog.cpp.o)
 .rodata.CSWTCH.72
                0x0000c8d2        0x5 .pio\build\ex_ds18b20_probe\libFrameworkArduino.a(analog.cpp.o)
 .rodata.__FUNCTION__.6535
                0x0000c8d7       0x13 .pio\build\ex_ds18b20_probe\libFrameworkArduino.a(cm_backtrace.c.o)
 .rodata.cm_backtrace_assert.str1.1
                0x0000c8ea       0x26 .pio\build\ex_ds18b20_probe\libFrameworkArduino.a(cm_backtrace.c.o)
                                 0x28 (size before relaxing)
 .rodata.cm_backtrace_fault.str1.1
                0x0000c910      0x6ae .pio\build\ex_ds18b20_probe\libFrameworkArduino.a(cm_backtrace.c.o)
 .rodata.cm_backtrace_firmware_info.str1.1
                0x0000cfbe       0x23 .pio\build\ex_ds18b20_probe\libFrameworkArduino.a(cm_backtrace.c.o)
 .rodata.cm_backtrace_init.str1.1
                0x0000cfe1       0x62 .pio\build\ex_ds18b20_probe\libFrameworkArduino.a(cm_backtrace.c.o)
 .rodata.dump_stack.str1.1
                0x0000d043       0x65 .pio\build\ex_ds18b20_probe\libFrameworkArduino.a(cm_backtrace.c.o)
                                 0x8d (size before relaxing)
 .rodata.print_call_stack.str1.1
                0x0000d0a8       0x65 .pio\build\ex_ds18b20_probe\libFrameworkArduino.a(cm_backtrace.c.o)
 .rodata.str1.1
                0x0000d10d       0x20 .pio\build\ex_ds18b20_probe\libFrameworkArduino.a(cm_backtrace.c.o)
 *fill*         0x0000d12d        0x3 ff
 .rodata.g_async_baud
                0x0000d130        0xd C:\Users\h\.platformio\packages\framework-arduinorenesas-uno\variants\UNOWIFIR4\libs\libfsp.a(r_sci_uart.o)
 *fill*         0x0000d13d        0x3 ff
 .rodata.g_div_coefficient
                0x0000d140       0x1a C:\Users\h\.platformio\packages\framework-arduinorenesas-uno\variants\UNOWIFIR4\libs\libfsp.a(r_sci_uart.o)
 *fill*         0x0000d15a        0x2 ff
 .rodata.adc_elc_trigger_lut
                0x0000d15c        0xc C:\Users\h\.platformio\packages\framework-arduinorenesas-uno\variants\UNOWIFIR4\libs\libfsp.a(r_adc.o)
 .rodata.g_prcr_masks
                0x0000d168        0x8 C:\Users\h\.platformio\packages\framework-arduinorenesas-uno\variants\UNOWIFIR4\libs\libfsp.a(bsp_register_protection.o)
 .rodata._ZL4P000
                0x0000d170        0x4 .pio\build\ex_ds18b20_probe\libFrameworkArduinoVariant.a(variant.cpp.o)
 .rodata._ZL4P001
                0x0000d174        0x4 .pio\build\ex_ds18b20_probe\libFrameworkArduinoVariant.a(variant.cpp.o)
 .rodata._ZL4P002
                0x0000d178        0x4 .pio\build\ex_ds18b20_probe\libFrameworkArduinoVariant.a(variant.cpp.o)
 .rodata._ZL4P003
                0x0000d17c        0x2 .pio\build\ex_ds18b20_probe\libFrameworkArduinoVariant.a(variant.cpp.o)
 .rodata._ZL4P004
                0x0000d17e        0x4 .pio\build\ex_ds18b20_probe\libFrameworkArduinoVariant.a(variant.cpp.o)
 .rodata._ZL4P011
                0x0000d182        0x4 .pio\build\ex_ds18b20_probe\libFrameworkArduinoVariant.a(variant.cpp.o)
 .rodata._ZL4P012
                0x0000d186        0x2 .pio\build\ex_ds18b20_probe\libFrameworkArduinoVariant.a(variant.cpp.o)
 .rodata._ZL4P013
                0x0000d188        0x2 .pio\build\ex_ds18b20_probe\libFrameworkArduinoVariant.a(variant.cpp.o)
 .rodata._ZL4P015
                0x0000d18a        0x4 .pio\build\ex_ds18b20_probe\libFrameworkArduinoVariant.a(variant.cpp.o)
 .rodata._ZL4P100
                0x0000d18e        0xe .pio\build\ex_ds18b20_probe\libFrameworkArduinoVariant.a(variant.cpp.o)
 .rodata._ZL4P101
                0x0000d19c        0xe .pio\build\ex_ds18b20_probe\libFrameworkArduinoVariant.a(variant.cpp.o)
 .rodata._ZL4P102
                0x0000d1aa        0xc .pio\build\ex_ds18b20_probe\libFrameworkArduinoVariant.a(variant.cpp.o)
 .rodata._ZL4P103
                0x0000d1b6        0x8 .pio\build\ex_ds18b20_probe\libFrameworkArduinoVariant.a(variant.cpp.o)
 .rodata._ZL4P104
                0x0000d1be        0x6 .pio\build\ex_ds18b20_probe\libFrameworkArduinoVariant.a(variant.cpp.o)
 .rodata._ZL4P105
                0x0000d1c4        0x4 .pio\build\ex_ds18b20_probe\libFrameworkArduinoVariant.a(variant.cpp.o)
 .rodata._ZL4P106
                0x0000d1c8        0x2 .pio\build\ex_ds18b20_probe\libFrameworkArduinoVariant.a(variant.cpp.o)
 .rodata._ZL4P107
                0x0000d1ca        0x2 .pio\build\ex_ds18b20_probe\libFrameworkArduinoVariant.a(variant.cpp.o)
 .rodata._ZL4P109
                0x0000d1cc        0xa .pio\build\ex_ds18b20_probe\libFrameworkArduinoVariant.a(variant.cpp.o)
 .rodata._ZL4P110
                0x0000d1d6        0xc .pio\build\ex_ds18b20_probe\libFrameworkArduinoVariant.a(variant.cpp.o)
 .rodata._ZL4P111
                0x0000d1e2        0xa .pio\build\ex_ds18b20_probe\libFrameworkArduinoVariant.a(variant.cpp.o)
 .rodata._ZL4P112
                0x0000d1ec        0x6 .pio\build\ex_ds18b20_probe\libFrameworkArduinoVariant.a(variant.cpp.o)
 .rodata._ZL4P204
                0x0000d1f2        0xa .pio\build\ex_ds18b20_probe\libFrameworkArduinoVariant.a(variant.cpp.o)
 .rodata._ZL4P205
                0x0000d1fc        0xa .pio\build\ex_ds18b20_probe\libFrameworkArduinoVariant.a(variant.cpp.o)
 .rodata._ZL4P206
                0x0000d206        0x6 .pio\build\ex_ds18b20_probe\libFrameworkArduinoVariant.a(variant.cpp.o)
 .rodata._ZL4P212
                0x0000d20c        0x6 .pio\build\ex_ds18b20_probe\libFrameworkArduinoVariant.a(variant.cpp.o)
 .rodata._ZL4P213
                0x0000d212        0x6 .pio\build\ex_ds18b20_probe\libFrameworkArduinoVariant.a(variant.cpp.o)
 .rodata._ZL4P301
                0x0000d218        0x8 .pio\build\ex_ds18b20_probe\libFrameworkArduinoVariant.a(variant.cpp.o)
 .rodata._ZL4P302
                0x0000d220        0x6 .pio\build\ex_ds18b20_probe\libFrameworkArduinoVariant.a(variant.cpp.o)
 .rodata._ZL4P303
                0x0000d226        0x2 .pio\build\ex_ds18b20_probe\libFrameworkArduinoVariant.a(variant.cpp.o)
 .rodata._ZL4P304
                0x0000d228        0x4 .pio\build\ex_ds18b20_probe\libFrameworkArduinoVariant.a(variant.cpp.o)
 .rodata._ZL4P401
                0x0000d22c        0xa .pio\build\ex_ds18b20_probe\libFrameworkArduinoVariant.a(variant.cpp.o)
 .rodata._ZL4P410
                0x0000d236        0x8 .pio\build\ex_ds18b20_probe\libFrameworkArduinoVariant.a(variant.cpp.o)
 .rodata._ZL4P411
                0x0000d23e        0x8 .pio\build\ex_ds18b20_probe\libFrameworkArduinoVariant.a(variant.cpp.o)
 .rodata._ZL4P500
                0x0000d246        0x4 .pio\build\ex_ds18b20_probe\libFrameworkArduinoVariant.a(variant.cpp.o)
 .rodata._ZL4P501
                0x0000d24a        0x8 .pio\build\ex_ds18b20_probe\libFrameworkArduinoVariant.a(variant.cpp.o)
 .rodata._ZL4P502
                0x0000d252        0x8 .pio\build\ex_ds18b20_probe\libFrameworkArduinoVariant.a(variant.cpp.o)
 .rodata._ZL6P014_b
                0x0000d25a        0x4 .pio\build\ex_ds18b20_probe\libFrameworkArduinoVariant.a(variant.cpp.o)
 .rodata._ZL6P400_b
                0x0000d25e        0x8 .pio\build\ex_ds18b20_probe\libFrameworkArduinoVariant.a(variant.cpp.o)
 .rodata._ZL6P408_b
                0x0000d266        0x8 .pio\build\ex_ds18b20_probe\libFrameworkArduinoVariant.a(variant.cpp.o)
 *fill*         0x0000d26e        0x2 ff
 .rodata.g_pin_cfg
                0x0000d270      0x138 .pio\build\ex_ds18b20_probe\libFrameworkArduinoVariant.a(variant.cpp.o)
                0x0000d270                g_pin_cfg
 .rodata._global_impure_ptr
                0x0000d3a8        0x4 c:/users/h/.platformio/packages/toolchain-gccarmnoneeabi/bin/../lib/gcc/arm-none-eabi/7.2.1/../../../../arm-none-eabi/lib/thumb/v7e-m/fpv4-sp/hard\libc_nano.a(lib_a-impure.o)
                0x0000d3a8                _global_impure_ptr
 .rodata.__sf_fake_stderr
                0x0000d3ac       0x20 c:/users/h/.platformio/packages/toolchain-gccarmnoneeabi/bin/../lib/gcc/arm-none-eabi/7.2.1/../../../../arm-none-eabi/lib/thumb/v7e-m/fpv4-sp/hard\libc_nano.a(lib_a-findfp.o)
                0x0000d3ac                __sf_fake_stderr
 .rodata.__sf_fake_stdin
                0x0000d3cc       0x20 c:/users/h/.platformio/packages/toolchain-gccarmnoneeabi/bin/../lib/gcc/arm-none-eabi/7.2.1/../../../../arm-none-eabi/lib/thumb/v7e-m/fpv4-sp/hard\libc_nano.a(lib_a-findfp.o)
                0x0000d3cc                __sf_fake_stdin
 .rodata.__sf_fake_stdout
                0x0000d3ec       0x20 c:/users/h/.platformio/packages/toolchain-gccarmnoneeabi/bin/../lib/gcc/arm-none-eabi/7.2.1/../../../../arm-none-eabi/lib/thumb/v7e-m/fpv4-sp/hard\libc_nano.a(lib_a-findfp.o)
                0x0000d3ec                __sf_fake_stdout
 .rodata._svfprintf_r.str1.1
                0x0000d40c       0x11 c:/users/h/.platformio/packages/toolchain-gccarmnoneeabi/bin/../lib/gcc/arm-none-eabi/7.2.1/../../../../arm-none-eabi/lib/thumb/v7e-m/fpv4-sp/hard\libc_nano.a(lib_a-nano-svfprintf.o)
 .rodata._vfprintf_r.str1.1
                0x0000d41d       0x11 c:/users/h/.platformio/packages/toolchain-gccarmnoneeabi/bin/../lib/gcc/arm-none-eabi/7.2.1/../../../../arm-none-eabi/lib/thumb/v7e-m/fpv4-sp/hard\libc_nano.a(lib_a-nano-vfprintf.o)
 .rodata._printf_i.str1.1
                0x0000d41d       0x22 c:/users/h/.platformio/packages/toolchain-gccarmnoneeabi/bin/../lib/gcc/arm-none-eabi/7.2.1/../../../../arm-none-eabi/lib/thumb/v7e-m/fpv4-sp/hard\libc_nano.a(lib_a-nano-vfprintf_i.o)
 *(.eh_frame*)
 *fill*         0x0000d43f        0x1 ff
 .eh_frame      0x0000d440        0x0 c:/users/h/.platformio/packages/toolchain-gccarmnoneeabi/bin/../lib/gcc/arm-none-eabi/7.2.1/thumb/v7e-m/fpv4-sp/hard/crtbegin.o
 .eh_frame      0x0000d440        0x4 c:/users/h/.platformio/packages/toolchain-gccarmnoneeabi/bin/../lib/gcc/arm-none-eabi/7.2.1/thumb/v7e-m/fpv4-sp/hard/crtend.o
                0x0000d444                __ROM_End = .
                0x000000c0                __Vectors_Size = (__Vectors_End - __Vectors)

.glue_7         0x0000d444        0x0
 .glue_7        0x0000d444        0x0 linker stubs

.glue_7t        0x0000d444        0x0
 .glue_7t       0x0000d444        0x0 linker stubs

.vfp11_veneer   0x0000d444        0x0
 .vfp11_veneer  0x0000d444        0x0 linker stubs

.v4_bx          0x0000d444        0x0
 .v4_bx         0x0000d444        0x0 linker stubs

.iplt           0x0000d444        0x0
 .iplt          0x0000d444        0x0 c:/users/h/.platformio/packages/toolchain-gccarmnoneeabi/bin/../lib/gcc/arm-none-eabi/7.2.1/thumb/v7e-m/fpv4-sp/hard/crtbegin.o

.ARM.extab
 *(.ARM.extab* .gnu.linkonce.armextab.*)
                0x0000d444                __exidx_start = .

.ARM.exidx      0x0000d444        0x8
 *(.ARM.exidx* .gnu.linkonce.armexidx.*)
 .ARM.exidx     0x0000d444        0x8 c:/users/h/.platformio/packages/toolchain-gccarmnoneeabi/bin/../lib/gcc/arm-none-eabi/7.2.1/thumb/v7e-m/fpv4-sp/hard\libgcc.a(_udivmoddi4.o)
                0x0000d44c                __exidx_end = .
                0x0000d44c                __etext = .
                0x20000000                __tz_RAM_S = ORIGIN (RAM)

.rel.dyn        0x0000d44c        0x0
 .rel.iplt      0x0000d44c        0x0 c:/users/h/.platformio/packages/toolchain-gccarmnoneeabi/bin/../lib/gcc/arm-none-eabi/7.2.1/thumb/v7e-m/fpv4-sp/hard/crtbegin.o

.fsp_dtc_vector_table
                0x20000000        0x0
                0x20000000                . = ORIGIN (RAM)
 *(.fsp_dtc_vector_table)

.data           0x20000000       0x8c load address 0x0000d44c
                0x20000000                __data_start__ = .
                0x20000000                . = ALIGN (0x4)
                0x20000000                __Code_In_RAM_Start = .
 *(.code_in_ram*)
                0x20000000                __Code_In_RAM_End = .
 *(vtable)
 *(.data.*)
 .data._ZL30_analogRequestedReadResolution
                0x20000000        0x4 .pio\build\ex_ds18b20_probe\libFrameworkArduino.a(analog.cpp.o)
 .data._impure_ptr