Archive member included to satisfy reference by file (symbol)

.pio\build\main_rev01\lib5ad\libOneWire.a(OneWire.cpp.o)
                              .pio\build\main_rev01\src\main\mainRev01\main.cpp.o (OneWire::begin(unsigned char))
.pio\build\main_rev01\lib576\libDallasTemperature.a(DallasTemperature.cpp.o)
                              .pio\build\main_rev01\src\main\mainRev01\main.cpp.o (DallasTemperature::DallasTemperature(OneWire*))
.pio\build\main_rev01\libb0e\libWire.a(Wire.cpp.o)
                              .pio\build\main_rev01\src\main\mainRev01\main.cpp.o (Wire)
.pio\build\main_rev01\lib129\libLiquidCrystal_PCF8574.a(LiquidCrystal_PCF8574.cpp.o)
                              .pio\build\main_rev01\src\main\mainRev01\main.cpp.o (LiquidCrystal_PCF8574::LiquidCrystal_PCF8574(unsigned char))
.pio\build\main_rev01\libFrameworkArduinoVariant.a(common_data.c.o)
                              .pio\build\main_rev01\libb0e\libWire.a(Wire.cpp.o) (g_ioport_ctrl)
.pio\build\main_rev01\libFrameworkArduinoVariant.a(main.c.o)
                              c:/users/h/.platformio/packages/toolchain-gccarmnoneeabi/bin/../lib/gcc/arm-none-eabi/7.2.1/../../../../arm-none-eabi/lib/thumb/v7e-m/fpv4-sp/hard/crt0.o (main)
.pio\build\main_rev01\libFrameworkArduinoVariant.a(pin_data.c.o)
                              .pio\build\main_rev01\libFrameworkArduinoVariant.a(common_data.c.o) (g_bsp_pin_cfg)
.pio\build\main_rev01\libFrameworkArduinoVariant.a(variant.cpp.o)
                              .pio\build\main_rev01\libb0e\libWire.a(Wire.cpp.o) (PINCOUNT_fn)
.pio\build\main_rev01\libFrameworkArduino.a(FspTimer.cpp.o)
                              .pio\build\main_rev01\libFrameworkArduinoVariant.a(variant.cpp.o) (FspTimer::gpt_used_channel)
.pio\build\main_rev01\libFrameworkArduino.a(IRQManager.cpp.o)
                              .pio\build\main_rev01\libb0e\libWire.a(Wire.cpp.o) (IRQManager::getInstance())
.pio\build\main_rev01\libFrameworkArduino.a(Serial.cpp.o)
                              .pio\build\main_rev01\src\main\mainRev01\main.cpp.o (UART::operator bool())
.pio\build\main_rev01\libFrameworkArduino.a(SerialObj1.cpp.o)
                              .pio\build\main_rev01\src\main\mainRev01\main.cpp.o (_UART1_)
.pio\build\main_rev01\libFrameworkArduino.a(analog.cpp.o)
                              .pio\build\main_rev01\libFrameworkArduino.a(FspTimer.cpp.o) (__get_timer_for_channel(int))
.pio\build\main_rev01\libFrameworkArduino.a(Common.cpp.o)
                              .pio\build\main_rev01\libFrameworkArduino.a(analog.cpp.o) (map(long, long, long, long, long))
.pio\build\main_rev01\libFrameworkArduino.a(Print.cpp.o)
                              .pio\build\main_rev01\lib129\libLiquidCrystal_PCF8574.a(LiquidCrystal_PCF8574.cpp.o) (arduino::Print::write(unsigned char const*, unsigned int))
.pio\build\main_rev01\libFrameworkArduino.a(dac.cpp.o)
                              .pio\build\main_rev01\libFrameworkArduino.a(analog.cpp.o) (CDac::analogWrite(int))
.pio\build\main_rev01\libFrameworkArduino.a(digital.cpp.o)
                              .pio\build\main_rev01\lib5ad\libOneWire.a(OneWire.cpp.o) (pinMode)
.pio\build\main_rev01\libFrameworkArduino.a(main.cpp.o)
                              .pio\build\main_rev01\libFrameworkArduinoVariant.a(main.c.o) (hal_entry)
.pio\build\main_rev01\libFrameworkArduino.a(pinDefinitions.cpp.o)
                              .pio\build\main_rev01\libFrameworkArduino.a(analog.cpp.o) (pinPeripheral(e_bsp_io_port_pin_t, unsigned long))
.pio\build\main_rev01\libFrameworkArduino.a(pwm.cpp.o)
                              .pio\build\main_rev01\libFrameworkArduino.a(analog.cpp.o) (PwmOut::PwmOut(int))
.pio\build\main_rev01\libFrameworkArduino.a(time.cpp.o)
                              .pio\build\main_rev01\lib5ad\libOneWire.a(OneWire.cpp.o) (delayMicroseconds)
.pio\build\main_rev01\libFrameworkArduino.a(variant_helper.cpp.o)
                              .pio\build\main_rev01\libb0e\libWire.a(Wire.cpp.o) (getPinCfgs(unsigned char, PinCfgReq_t))
.pio\build\main_rev01\libFrameworkArduino.a(vector_table.c.o)
                              .pio\build\main_rev01\libFrameworkArduino.a(main.cpp.o) (g_vector_table)
.pio\build\main_rev01\libFrameworkArduino.a(cm_backtrace.c.o)
                              .pio\build\main_rev01\libFrameworkArduino.a(main.cpp.o) (cm_backtrace_init)
.pio\build\main_rev01\libFrameworkArduino.a(cortex_handlers.c.o)
                              .pio\build\main_rev01\libFrameworkArduino.a(main.cpp.o) (Stacktrace_Handler)
C:\Users\h\.platformio\packages\framework-arduinorenesas-uno\variants\UNOWIFIR4\libs\libfsp.a(r_spi.o)
                              .pio\build\main_rev01\libFrameworkArduino.a(IRQManager.cpp.o) (spi_rxi_isr)
C:\Users\h\.platformio\packages\framework-arduinorenesas-uno\variants\UNOWIFIR4\libs\libfsp.a(r_sci_uart.o)
                              .pio\build\main_rev01\libFrameworkArduino.a(Serial.cpp.o) (R_SCI_UART_Write)
[...]
Memory Configuration

Name             Origin             Length             Attributes
FLASH            0x00004000         0x0003c000         xr
RAM              0x20000000         0x00008000         xrw
DATA_FLASH       0x40100000         0x00002000         xr
OPTION_SETTING   0x00000000         0x00000000         r
OPTION_SETTING_S 0x00000000         0x00000000         r
ID_CODE          0x01010018         0x00000020         xr
*default*        0x00000000         0xffffffff

Linker script and memory map

LOAD c:/users/h/.platformio/packages/toolchain-gccarmnoneeabi/bin/../lib/gcc/arm-none-eabi/7.2.1/thumb/v7e-m/fpv4-sp/hard/crti.o
LOAD c:/users/h/.platformio/packages/toolchain-gccarmnoneeabi/bin/../lib/gcc/arm-none-eabi/7.2.1/thumb/v7e-m/fpv4-sp/hard/crtbegin.o
LOAD c:/users/h/.platformio/packages/toolchain-gccarmnoneeabi/bin/../lib/gcc/arm-none-eabi/7.2.1/../../../../arm-none-eabi/lib/thumb/v7e-m/fpv4-sp/hard/crt0.o
LOAD .pio\build\main_rev01\src\main\mainRev01\main.cpp.o
START GROUP
LOAD .pio\build\main_rev01\lib5ad\libOneWire.a
LOAD .pio\build\main_rev01\lib576\libDallasTemperature.a
LOAD .pio\build\main_rev01\libb0e\libWire.a
LOAD .pio\build\main_rev01\lib129\libLiquidCrystal_PCF8574.a
LOAD .pio\build\main_rev01\libFrameworkArduinoVariant.a
LOAD .pio\build\main_rev01\libFrameworkArduino.a
LOAD C:\Users\h\.platformio\packages\framework-arduinorenesas-uno\variants\UNOWIFIR4\libs\libfsp.a
LOAD c:/users/h/.platformio/packages/toolchain-gccarmnoneeabi/bin/../lib/gcc/arm-none-eabi/7.2.1/../../../../arm-none-eabi/lib/thumb/v7e-m/fpv4-sp/hard\libstdc++_nano.a
LOAD c:/users/h/.platformio/packages/toolchain-gccarmnoneeabi/bin/../lib/gcc/arm-none-eabi/7.2.1/../../../../arm-none-eabi/lib/thumb/v7e-m/fpv4-sp/hard\libsupc++_nano.a
LOAD c:/users/h/.platformio/packages/toolchain-gccarmnoneeabi/bin/../lib/gcc/arm-none-eabi/7.2.1/thumb/v7e-m/fpv4-sp/hard\libgcc.a
LOAD c:/users/h/.platformio/packages/toolchain-gccarmnoneeabi/bin/../lib/gcc/arm-none-eabi/7.2.1/../../../../arm-none-eabi/lib/thumb/v7e-m/fpv4-sp/hard\libnosys.a
END GROUP
LOAD c:/users/h/.platformio/packages/toolchain-gccarmnoneeabi/bin/../lib/gcc/arm-none-eabi/7.2.1/../../../../arm-none-eabi/lib/thumb/v7e-m/fpv4-sp/hard\libstdc++_nano.a
LOAD c:/users/h/.platformio/packages/toolchain-gccarmnoneeabi/bin/../lib/gcc/arm-none-eabi/7.2.1/../../../../arm-none-eabi/lib/thumb/v7e-m/fpv4-sp/hard\libm.a
LOAD c:/users/h/.platformio/packages/toolchain-gccarmnoneeabi/bin/../lib/gcc/arm-none-eabi/7.2.1/../../../../arm-none-eabi/lib/thumb/v7e-m/fpv4-sp/hard\libc_nano.a
START GROUP
LOAD c:/users/h/.platformio/packages/toolchain-gccarmnoneeabi/bin/../lib/gcc/arm-none-eabi/7.2.1/thumb/v7e-m/fpv4-sp/hard\libgcc.a
LOAD c:/users/h/.platformio/packages/toolchain-gccarmnoneeabi/bin/../lib/gcc/arm-none-eabi/7.2.1/../../../../arm-none-eabi/lib/thumb/v7e-m/fpv4-sp/hard\libc_nano.a
END GROUP
START GROUP
LOAD c:/users/h/.platformio/packages/toolchain-gccarmnoneeabi/bin/../lib/gcc/arm-none-eabi/7.2.1/thumb/v7e-m/fpv4-sp/hard\libgcc.a
LOAD c:/users/h/.platformio/packages/toolchain-gccarmnoneeabi/bin/../lib/gcc/arm-none-eabi/7.2.1/../../../../arm-none-eabi/lib/thumb/v7e-m/fpv4-sp/hard\libc_nano.a
LOAD c:/users/h/.platformio/packages/toolchain-gccarmnoneeabi/bin/../lib/gcc/arm-none-eabi/7.2.1/../../../../arm-none-eabi/lib/thumb/v7e-m/fpv4-sp/hard\libnosys.a
END GROUP
START GROUP
LOAD c:/users/h/.platformio/packages/toolchain-gccarmnoneeabi/bin/../lib/gcc/arm-none-eabi/7.2.1/thumb/v7e-m/fpv4-sp/hard\libgcc.a
LOAD c:/users/h/.platformio/packages/toolchain-gccarmnoneeabi/bin/../lib/gcc/arm-none-eabi/7.2.1/../../../../arm-none-eabi/lib/thumb/v7e-m/fpv4-sp/hard\libc_nano.a
LOAD c:/users/h/.platformio/packages/toolchain-gccarmnoneeabi/bin/../lib/gcc/arm-none-eabi/7.2.1/../../../../arm-none-eabi/lib/thumb/v7e-m/fpv4-sp/hard\libnosys.a
END GROUP
LOAD c:/users/h/.platformio/packages/toolchain-gccarmnoneeabi/bin/../lib/gcc/arm-none-eabi/7.2.1/thumb/v7e-m/fpv4-sp/hard/crtend.o
LOAD c:/users/h/.platformio/packages/toolchain-gccarmnoneeabi/bin/../lib/gcc/arm-none-eabi/7.2.1/thumb/v7e-m/fpv4-sp/hard/crtn.o
                0x20000000                RAM_START = 0x20000000
                0x00008000                RAM_LENGTH = 0x8000
                0x00000000                FLASH_START = 0x0
                0x00040000                FLASH_LENGTH = 0x40000
                0x40100000                DATA_FLASH_START = 0x40100000
                0x00002000                DATA_FLASH_LENGTH = 0x2000
                0x00000000                OPTION_SETTING_START = 0x0
                0x00000000                OPTION_SETTING_LENGTH = 0x0
                0x00000000                OPTION_SETTING_S_START = 0x0
                0x00000000                OPTION_SETTING_S_LENGTH = 0x0
                0x01010018                ID_CODE_START = 0x1010018
                0x00000020                ID_CODE_LENGTH = 0x20
                0x90000000                SDRAM_START = 0x90000000
                0x00000000                SDRAM_LENGTH = 0x0
                0x60000000                QSPI_FLASH_START = 0x60000000
                0x00000000                QSPI_FLASH_LENGTH = 0x0
                0x68000000                OSPI_DEVICE_0_START = 0x68000000
                0x00000000                OSPI_DEVICE_0_LENGTH = 0x0
                0x70000000                OSPI_DEVICE_1_START = 0x70000000
                0x00000000                OSPI_DEVICE_1_LENGTH = 0x0
                0x00004000                FLASH_IMAGE_START = 0x4000
                0x00000100                VECTOR_TABLE_LENGTH = 0x100
                0x00000400                BSP_CFG_STACK_MAIN_BYTES = 0x400
START GROUP
LOAD c:/users/h/.platformio/packages/toolchain-gccarmnoneeabi/bin/../lib/gcc/arm-none-eabi/7.2.1/thumb/v7e-m/fpv4-sp/hard\libgcc.a
LOAD c:/users/h/.platformio/packages/toolchain-gccarmnoneeabi/bin/../lib/gcc/arm-none-eabi/7.2.1/../../../../arm-none-eabi/lib/thumb/v7e-m/fpv4-sp/hard\libc.a
LOAD c:/users/h/.platformio/packages/toolchain-gccarmnoneeabi/bin/../lib/gcc/arm-none-eabi/7.2.1/../../../../arm-none-eabi/lib/thumb/v7e-m/fpv4-sp/hard\libm.a
LOAD c:/users/h/.platformio/packages/toolchain-gccarmnoneeabi/bin/../lib/gcc/arm-none-eabi/7.2.1/../../../../arm-none-eabi/lib/thumb/v7e-m/fpv4-sp/hard\libnosys.a
END GROUP

.text           0x00004000     0xb290
                0x00000000                __tz_FLASH_S = ABSOLUTE (FLASH_START)
                0x00004000                __ROM_Start = .
 *(.sketch_boot)
                0x00004000                . = ALIGN (0x800)
 *(.fixed_vectors*)
 .fixed_vectors
                0x00004000       0x40 C:\Users\h\.platformio\packages\framework-arduinorenesas-uno\variants\UNOWIFIR4\libs\libfsp.a(startup.o)
                0x00004000                __Vectors
 *(.application_vectors*)
 .application_vectors
                0x00004040       0x80 .pio\build\main_rev01\libFrameworkArduino.a(vector_table.c.o)
                0x00004040                g_vector_table
                0x000040c0                __Vectors_End = .
 *(.text*)
 .text          0x000040c0       0x40 c:/users/h/.platformio/packages/toolchain-gccarmnoneeabi/bin/../lib/gcc/arm-none-eabi/7.2.1/thumb/v7e-m/fpv4-sp/hard/crtbegin.o
 .text._Z12printAddressPh
                0x00004100       0x34 .pio\build\main_rev01\src\main\mainRev01\main.cpp.o
                0x00004100                printAddress(unsigned char*)
 .text._Z11initSensorsv
                0x00004134       0xec .pio\build\main_rev01\src\main\mainRev01\main.cpp.o
                0x00004134                initSensors()
 .text._Z11initDisplayv
                0x00004220       0x40 .pio\build\main_rev01\src\main\mainRev01\main.cpp.o
                0x00004220                initDisplay()
 .text._Z24showSensorShortAddressesm
                0x00004260      0x110 .pio\build\main_rev01\src\main\mainRev01\main.cpp.o
                0x00004260                showSensorShortAddresses(unsigned long)
 .text._Z16readTemperaturesv
                0x00004370       0xcc .pio\build\main_rev01\src\main\mainRev01\main.cpp.o
                0x00004370                readTemperatures()
 .text._Z27updateDisplayModeIndividualv
                0x0000443c       0xc8 .pio\build\main_rev01\src\main\mainRev01\main.cpp.o
                0x0000443c                updateDisplayModeIndividual()
 .text._Z21updateDisplayModeDiffv
                0x00004504      0x1d8 .pio\build\main_rev01\src\main\mainRev01\main.cpp.o
                0x00004504                updateDisplayModeDiff()
 .text._Z12updateSystemv
                0x000046dc       0x74 .pio\build\main_rev01\src\main\mainRev01\main.cpp.o
                0x000046dc                updateSystem()
 .text.loop     0x00004750        0x4 .pio\build\main_rev01\src\main\mainRev01\main.cpp.o
                0x00004750                loop
 .text.startup._GLOBAL__sub_I_oneWire
                0x00004754       0x2c .pio\build\main_rev01\src\main\mainRev01\main.cpp.o
 .text.setup    0x00004780       0x60 .pio\build\main_rev01\src\main\mainRev01\main.cpp.o
                0x00004780                setup
 .text._ZN7OneWire5resetEv
                0x000047e0       0x72 .pio\build\main_rev01\lib5ad\libOneWire.a(OneWire.cpp.o)
                0x000047e0                OneWire::reset()
 .text._ZN7OneWire9write_bitEh
                0x00004852       0x5a .pio\build\main_rev01\lib5ad\libOneWire.a(OneWire.cpp.o)
                0x00004852                OneWire::write_bit(unsigned char)
 .text._ZN7OneWire8read_bitEv
                0x000048ac       0x40 .pio\build\main_rev01\lib5ad\libOneWire.a(OneWire.cpp.o)
                0x000048ac                OneWire::read_bit()
 .text._ZN7OneWire5writeEhh
                0x000048ec       0x40 .pio\build\main_rev01\lib5ad\libOneWire.a(OneWire.cpp.o)
                0x000048ec                OneWire::write(unsigned char, unsigned char)
 .text._ZN7OneWire4readEv
                0x0000492c       0x20 .pio\build\main_rev01\lib5ad\libOneWire.a(OneWire.cpp.o)
                0x0000492c                OneWire::read()
 .text._ZN7OneWire6selectEPKh
                0x0000494c       0x24 .pio\build\main_rev01\lib5ad\libOneWire.a(OneWire.cpp.o)
                0x0000494c                OneWire::select(unsigned char const*)
 .text._ZN7OneWire4skipEv
                0x00004970        0x8 .pio\build\main_rev01\lib5ad\libOneWire.a(OneWire.cpp.o)
                0x00004970                OneWire::skip()
 .text._ZN7OneWire12reset_searchEv
                0x00004978        0xc .pio\build\main_rev01\lib5ad\libOneWire.a(OneWire.cpp.o)
                0x00004978                OneWire::reset_search()
 .text._ZN7OneWire5beginEh
                0x00004984       0x1e .pio\build\main_rev01\lib5ad\libOneWire.a(OneWire.cpp.o)
                0x00004984                OneWire::begin(unsigned char)
 .text._ZN7OneWire6searchEPhb
                0x000049a2       0xf2 .pio\build\main_rev01\lib5ad\libOneWire.a(OneWire.cpp.o)
                0x000049a2                OneWire::search(unsigned char*, bool)
 .text._ZN7OneWire4crc8EPKhh
                0x00004a94       0x2c .pio\build\main_rev01\lib5ad\libOneWire.a(OneWire.cpp.o)
                0x00004a94                OneWire::crc8(unsigned char const*, unsigned char)
 .text._ZN17DallasTemperatureC2Ev
                0x00004ac0       0x20 .pio\build\main_rev01\lib576\libDallasTemperature.a(DallasTemperature.cpp.o)
                0x00004ac0                DallasTemperature::DallasTemperature()
                0x00004ac0                DallasTemperature::DallasTemperature()
 .text._ZN17DallasTemperature10setOneWireEP7OneWire
                0x00004ae0       0x18 .pio\build\main_rev01\lib576\libDallasTemperature.a(DallasTemperature.cpp.o)
                0x00004ae0                DallasTemperature::setOneWire(OneWire*)
 .text._ZN17DallasTemperatureC2EP7OneWire
                0x00004af8       0x14 .pio\build\main_rev01\lib576\libDallasTemperature.a(DallasTemperature.cpp.o)
                0x00004af8                DallasTemperature::DallasTemperature(OneWire*)
                0x00004af8                DallasTemperature::DallasTemperature(OneWire*)
 .text._ZN17DallasTemperature22activateExternalPullupEv
                0x00004b0c        0xe .pio\build\main_rev01\lib576\libDallasTemperature.a(DallasTemperature.cpp.o)
                0x00004b0c                DallasTemperature::activateExternalPullup()
 .text._ZN17DallasTemperature24deactivateExternalPullupEv
                0x00004b1a        0xe .pio\build\main_rev01\lib576\libDallasTemperature.a(DallasTemperature.cpp.o)
                0x00004b1a                DallasTemperature::deactivateExternalPullup()
 .text._ZN17DallasTemperature11validFamilyEPKh
                0x00004b28       0x20 .pio\build\main_rev01\lib576\libDallasTemperature.a(DallasTemperature.cpp.o)
                0x00004b28                DallasTemperature::validFamily(unsigned char const*)
 .text._ZN17DallasTemperature12validAddressEPKh
                0x00004b48       0x16 .pio\build\main_rev01\lib576\libDallasTemperature.a(DallasTemperature.cpp.o)
                0x00004b48                DallasTemperature::validAddress(unsigned char const*)
 .text._ZN17DallasTemperature10getAddressEPhh
                0x00004b5e       0x42 .pio\build\main_rev01\lib576\libDallasTemperature.a(DallasTemperature.cpp.o)
                0x00004b5e                DallasTemperature::getAddress(unsigned char*, unsigned char)
 .text._ZN17DallasTemperature14getDeviceCountEv
                0x00004ba0        0x4 .pio\build\main_rev01\lib576\libDallasTemperature.a(DallasTemperature.cpp.o)
                0x00004ba0                DallasTemperature::getDeviceCount()
 .text._ZN17DallasTemperature15readPowerSupplyEPKh
                0x00004ba4       0x3e .pio\build\main_rev01\lib576\libDallasTemperature.a(DallasTemperature.cpp.o)
                0x00004ba4                DallasTemperature::readPowerSupply(unsigned char const*)
 .text._ZN17DallasTemperature10isAllZerosEPKhj
                0x00004be2       0x16 .pio\build\main_rev01\lib576\libDallasTemperature.a(DallasTemperature.cpp.o)
                0x00004be2                DallasTemperature::isAllZeros(unsigned char const*, unsigned int)
 .text._ZN17DallasTemperature14readScratchPadEPKhPh
                0x00004bf8       0x42 .pio\build\main_rev01\lib576\libDallasTemperature.a(DallasTemperature.cpp.o)
                0x00004bf8                DallasTemperature::readScratchPad(unsigned char const*, unsigned char*)
 .text._ZN17DallasTemperature11isConnectedEPKhPh
                0x00004c3a       0x2e .pio\build\main_rev01\lib576\libDallasTemperature.a(DallasTemperature.cpp.o)
                0x00004c3a                DallasTemperature::isConnected(unsigned char const*, unsigned char*)
 .text._ZN17DallasTemperature13getResolutionEPKh
                0x00004c68       0x48 .pio\build\main_rev01\lib576\libDallasTemperature.a(DallasTemperature.cpp.o)
                0x00004c68                DallasTemperature::getResolution(unsigned char const*)
 .text._ZN17DallasTemperature5beginEv
                0x00004cb0       0x7c .pio\build\main_rev01\lib576\libDallasTemperature.a(DallasTemperature.cpp.o)
                0x00004cb0                DallasTemperature::begin()
 .text._ZN17DallasTemperature12rawToCelsiusEl
                0x00004d2c       0x18 .pio\build\main_rev01\lib576\libDallasTemperature.a(DallasTemperature.cpp.o)
                0x00004d2c                DallasTemperature::rawToCelsius(long)
 .text._ZN17DallasTemperature25millisToWaitForConversionEh
                0x00004d44       0x18 .pio\build\main_rev01\lib576\libDallasTemperature.a(DallasTemperature.cpp.o)
                0x00004d44                DallasTemperature::millisToWaitForConversion(unsigned char)
 .text._ZN17DallasTemperature20isConversionCompleteEv
                0x00004d5c       0x10 .pio\build\main_rev01\lib576\libDallasTemperature.a(DallasTemperature.cpp.o)
                0x00004d5c                DallasTemperature::isConversionComplete()
 .text._ZN17DallasTemperature27blockTillConversionCompleteEhm
                0x00004d6c       0x4a .pio\build\main_rev01\lib576\libDallasTemperature.a(DallasTemperature.cpp.o)
                0x00004d6c                DallasTemperature::blockTillConversionComplete(unsigned char, unsigned long)
 .text._ZN17DallasTemperature19requestTemperaturesEv
                0x00004db6       0x3c .pio\build\main_rev01\lib576\libDallasTemperature.a(DallasTemperature.cpp.o)
                0x00004db6                DallasTemperature::requestTemperatures()
 *fill*         0x00004df2        0x2 ff
 .text._ZN17DallasTemperature20calculateTemperatureEPKhPh
                0x00004df4       0x94 .pio\build\main_rev01\lib576\libDallasTemperature.a(DallasTemperature.cpp.o)
                0x00004df4                DallasTemperature::calculateTemperature(unsigned char const*, unsigned char*)
 .text._ZN17DallasTemperature7getTempEPKhh
                0x00004e88       0x38 .pio\build\main_rev01\lib576\libDallasTemperature.a(DallasTemperature.cpp.o)
                0x00004e88                DallasTemperature::getTemp(unsigned char const*, unsigned char)
 .text._ZN17DallasTemperature8getTempCEPKhh
                0x00004ec0        0xe .pio\build\main_rev01\lib576\libDallasTemperature.a(DallasTemperature.cpp.o)
                0x00004ec0                DallasTemperature::getTempC(unsigned char const*, unsigned char)
 .text._ZN7arduino5Print17availableForWriteEv
                0x00004ece        0x4 .pio\build\main_rev01\libb0e\libWire.a(Wire.cpp.o)
                0x00004ece                arduino::Print::availableForWrite()
 *fill*         0x00004ed2        0x2 ff
 .text.R_BSP_IrqDisable
                0x00004ed4       0x24 .pio\build\main_rev01\libb0e\libWire.a(Wire.cpp.o)
 .text._ZN7TwoWire21WireSCIMasterCallbackEP27st_i2c_master_callback_args
                0x00004ef8       0x38 .pio\build\main_rev01\libb0e\libWire.a(Wire.cpp.o)
                0x00004ef8                TwoWire::WireSCIMasterCallback(st_i2c_master_callback_args*)
 .text._ZN7TwoWire18WireMasterCallbackEP27st_i2c_master_callback_args
                0x00004f30       0x38 .pio\build\main_rev01\libb0e\libWire.a(Wire.cpp.o)
                0x00004f30                TwoWire::WireMasterCallback(st_i2c_master_callback_args*)
 .text._ZN7TwoWire15endTransmissionEv
                0x00004f68        0x8 .pio\build\main_rev01\libb0e\libWire.a(Wire.cpp.o)
                0x00004f68                TwoWire::endTransmission()
 .text._ZN7TwoWire11requestFromEhj
                0x00004f70       0x10 .pio\build\main_rev01\libb0e\libWire.a(Wire.cpp.o)
                0x00004f70                TwoWire::requestFrom(unsigned char, unsigned int)
 .text._ZN7TwoWire5writeEh
                0x00004f80       0x54 .pio\build\main_rev01\libb0e\libWire.a(Wire.cpp.o)
                0x00004f80                TwoWire::write(unsigned char)
 .text._ZN7TwoWire9onReceiveEPFviE
                0x00004fd4        0x6 .pio\build\main_rev01\libb0e\libWire.a(Wire.cpp.o)
                0x00004fd4                TwoWire::onReceive(void (*)(int))
 .text._ZN7TwoWire9onRequestEPFvvE
                0x00004fda        0x6 .pio\build\main_rev01\libb0e\libWire.a(Wire.cpp.o)
                0x00004fda                TwoWire::onRequest(void (*)())
 .text._ZN7TwoWire9availableEv
                0x00004fe0        0xc .pio\build\main_rev01\libb0e\libWire.a(Wire.cpp.o)
                0x00004fe0                TwoWire::available()
 .text._ZN7TwoWire4readEv
                0x00004fec       0x22 .pio\build\main_rev01\libb0e\libWire.a(Wire.cpp.o)
                0x00004fec                TwoWire::read()
 .text._ZN7TwoWire4peekEv
                0x0000500e       0x18 .pio\build\main_rev01\libb0e\libWire.a(Wire.cpp.o)
                0x0000500e                TwoWire::peek()
 .text._ZN7TwoWire5flushEv
                0x00005026       0x12 .pio\build\main_rev01\libb0e\libWire.a(Wire.cpp.o)
                0x00005026                TwoWire::flush()
 .text._ZN7TwoWire3endEv
                0x00005038       0x98 .pio\build\main_rev01\libb0e\libWire.a(Wire.cpp.o)
                0x00005038                TwoWire::end()
 .text._ZN7TwoWire5writeEPKhj
                0x000050d0       0x36 .pio\build\main_rev01\libb0e\libWire.a(Wire.cpp.o)
                0x000050d0                TwoWire::write(unsigned char const*, unsigned int)
 *fill*         0x00005106        0x2 ff
 .text._ZN7TwoWire8setClockEm
                0x00005108       0xd8 .pio\build\main_rev01\libb0e\libWire.a(Wire.cpp.o)
                0x00005108                TwoWire::setClock(unsigned long)
 .text._ZN7TwoWire10slave_readEm
                0x000051e0       0x28 .pio\build\main_rev01\libb0e\libWire.a(Wire.cpp.o)
                0x000051e0                TwoWire::slave_read(unsigned long)
 .text._ZN7TwoWire17WireSlaveCallbackEP26st_i2c_slave_callback_args
                0x00005208      0x104 .pio\build\main_rev01\libb0e\libWire.a(Wire.cpp.o)
                0x00005208                TwoWire::WireSlaveCallback(st_i2c_slave_callback_args*)
 .text._ZN7TwoWireC2Eii17WireAddressMode_tb
                0x0000530c       0x98 .pio\build\main_rev01\libb0e\libWire.a(Wire.cpp.o)
                0x0000530c                TwoWire::TwoWire(int, int, WireAddressMode_t, bool)
                0x0000530c                TwoWire::TwoWire(int, int, WireAddressMode_t, bool)
 .text._ZN7TwoWire8cfg_pinsEi
                0x000053a4       0xf4 .pio\build\main_rev01\libb0e\libWire.a(Wire.cpp.o)
                0x000053a4                TwoWire::cfg_pins(int)
 .text._ZN7TwoWire6_beginEv
                0x00005498      0x244 .pio\build\main_rev01\libb0e\libWire.a(Wire.cpp.o)
                0x00005498                TwoWire::_begin()
 .text._ZN7TwoWire5beginEv
                0x000056dc       0x18 .pio\build\main_rev01\libb0e\libWire.a(Wire.cpp.o)
                0x000056dc                TwoWire::begin()
 .text._ZN7TwoWire5beginEt
                0x000056f4       0x1e .pio\build\main_rev01\libb0e\libWire.a(Wire.cpp.o)
                0x000056f4                TwoWire::begin(unsigned short)
 .text._ZN7TwoWire5beginEh
                0x00005712        0x4 .pio\build\main_rev01\libb0e\libWire.a(Wire.cpp.o)
                0x00005712                TwoWire::begin(unsigned char)
 .text._ZN7TwoWire9read_fromEhPhhjb
                0x00005716       0x72 .pio\build\main_rev01\libb0e\libWire.a(Wire.cpp.o)
                0x00005716                TwoWire::read_from(unsigned char, unsigned char*, unsigned char, unsigned int, bool)
 .text._ZN7TwoWire8write_toEhPhhjb
                0x00005788       0x92 .pio\build\main_rev01\libb0e\libWire.a(Wire.cpp.o)
                0x00005788                TwoWire::write_to(unsigned char, unsigned char*, unsigned char, unsigned int, bool)
 .text._ZN7TwoWire15endTransmissionEb
                0x0000581a       0x26 .pio\build\main_rev01\libb0e\libWire.a(Wire.cpp.o)
                0x0000581a                TwoWire::endTransmission(bool)
 .text._ZN7TwoWire17beginTransmissionEm
                0x00005840       0x1a .pio\build\main_rev01\libb0e\libWire.a(Wire.cpp.o)
                0x00005840                TwoWire::beginTransmission(unsigned long)
 .text._ZN7TwoWire17beginTransmissionEh
                0x0000585a        0x4 .pio\build\main_rev01\libb0e\libWire.a(Wire.cpp.o)
                0x0000585a                TwoWire::beginTransmission(unsigned char)
 .text._ZN7TwoWire11requestFromEhjmhh
                0x0000585e       0x7e .pio\build\main_rev01\libb0e\libWire.a(Wire.cpp.o)
                0x0000585e                TwoWire::requestFrom(unsigned char, unsigned int, unsigned long, unsigned char, unsigned char)
 .text._ZN7TwoWire11requestFromEhjb
                0x000058dc       0x12 .pio\build\main_rev01\libb0e\libWire.a(Wire.cpp.o)
                0x000058dc                TwoWire::requestFrom(unsigned char, unsigned int, bool)
 *fill*         0x000058ee        0x2 ff
 .text.startup._GLOBAL__sub_I__ZN7TwoWire10g_SCIWiresE
                0x000058f0       0x2c .pio\build\main_rev01\libb0e\libWire.a(Wire.cpp.o)
 .text._ZN7arduino5Print5flushEv
                0x0000591c        0x2 .pio\build\main_rev01\lib129\libLiquidCrystal_PCF8574.a(LiquidCrystal_PCF8574.cpp.o)
                0x0000591c                arduino::Print::flush()
 *fill*         0x0000591e        0x2 ff
 .text._ZN21LiquidCrystal_PCF8574C2Eh
                0x00005920       0x34 .pio\build\main_rev01\lib129\libLiquidCrystal_PCF8574.a(LiquidCrystal_PCF8574.cpp.o)
                0x00005920                LiquidCrystal_PCF8574::LiquidCrystal_PCF8574(unsigned char)
                0x00005920                LiquidCrystal_PCF8574::LiquidCrystal_PCF8574(unsigned char)
 .text._ZN21LiquidCrystal_PCF857412_writeNibbleEhb
                0x00005954       0x52 .pio\build\main_rev01\lib129\libLiquidCrystal_PCF8574.a(LiquidCrystal_PCF8574.cpp.o)
                0x00005954                LiquidCrystal_PCF8574::_writeNibble(unsigned char, bool)
 .text._ZN21LiquidCrystal_PCF85745_sendEhb
                0x000059a6       0x34 .pio\build\main_rev01\lib129\libLiquidCrystal_PCF8574.a(LiquidCrystal_PCF8574.cpp.o)
                0x000059a6                LiquidCrystal_PCF8574::_send(unsigned char, bool)
 .text._ZN21LiquidCrystal_PCF85745writeEh
                0x000059da        0xc .pio\build\main_rev01\lib129\libLiquidCrystal_PCF8574.a(LiquidCrystal_PCF8574.cpp.o)
                0x000059da                LiquidCrystal_PCF8574::write(unsigned char)
 .text._ZN21LiquidCrystal_PCF85745clearEv
                0x000059e6       0x16 .pio\build\main_rev01\lib129\libLiquidCrystal_PCF8574.a(LiquidCrystal_PCF8574.cpp.o)
                0x000059e6                LiquidCrystal_PCF8574::clear()
 .text._ZN21LiquidCrystal_PCF85749setCursorEhh
                0x000059fc       0x2c .pio\build\main_rev01\lib129\libLiquidCrystal_PCF8574.a(LiquidCrystal_PCF8574.cpp.o)
                0x000059fc                LiquidCrystal_PCF8574::setCursor(unsigned char, unsigned char)
 .text._ZN21LiquidCrystal_PCF85747displayEv
                0x00005a28       0x12 .pio\build\main_rev01\lib129\libLiquidCrystal_PCF8574.a(LiquidCrystal_PCF8574.cpp.o)
                0x00005a28                LiquidCrystal_PCF8574::display()
 .text._ZN21LiquidCrystal_PCF857411leftToRightEv
                0x00005a3a       0x12 .pio\build\main_rev01\lib129\libLiquidCrystal_PCF8574.a(LiquidCrystal_PCF8574.cpp.o)
                0x00005a3a                LiquidCrystal_PCF8574::leftToRight()
 .text._ZN21LiquidCrystal_PCF857411_sendNibbleEhb
                0x00005a4c       0x28 .pio\build\main_rev01\lib129\libLiquidCrystal_PCF8574.a(LiquidCrystal_PCF8574.cpp.o)
                0x00005a4c                LiquidCrystal_PCF8574::_sendNibble(unsigned char, bool)
 .text._ZN21LiquidCrystal_PCF857411_write2WireEhbb
                0x00005a74       0x3a .pio\build\main_rev01\lib129\libLiquidCrystal_PCF8574.a(LiquidCrystal_PCF8574.cpp.o)
                0x00005a74                LiquidCrystal_PCF8574::_write2Wire(unsigned char, bool, bool)
 .text._ZN21LiquidCrystal_PCF857412setBacklightEh
                0x00005aae        0xc .pio\build\main_rev01\lib129\libLiquidCrystal_PCF8574.a(LiquidCrystal_PCF8574.cpp.o)
                0x00005aae                LiquidCrystal_PCF8574::setBacklight(unsigned char)
 .text._ZN21LiquidCrystal_PCF85745beginEhhR7TwoWire
                0x00005aba       0xae .pio\build\main_rev01\lib129\libLiquidCrystal_PCF8574.a(LiquidCrystal_PCF8574.cpp.o)
                0x00005aba                LiquidCrystal_PCF8574::begin(unsigned char, unsigned char, TwoWire&)
 .text.startup.main
                0x00005b68        0xa .pio\build\main_rev01\libFrameworkArduinoVariant.a(main.c.o)
                0x00005b68                main
 .text.PINCOUNT_fn
                0x00005b72        0x4 .pio\build\main_rev01\libFrameworkArduinoVariant.a(variant.cpp.o)
                0x00005b72                PINCOUNT_fn
 .text._Z17__maybe_start_usbv
                0x00005b76        0x2 .pio\build\main_rev01\libFrameworkArduinoVariant.a(variant.cpp.o)
                0x00005b76                __maybe_start_usb()
 .text.initVariant
                0x00005b78       0x9c .pio\build\main_rev01\libFrameworkArduinoVariant.a(variant.cpp.o)
                0x00005b78                initVariant
 .text._ZN8FspTimerC2Ev
                0x00005c14       0x18 .pio\build\main_rev01\libFrameworkArduino.a(FspTimer.cpp.o)
                0x00005c14                FspTimer::FspTimer()
                0x00005c14                FspTimer::FspTimer()
 .text._ZN8FspTimer5beginE12e_timer_modehhmm18e_timer_source_divPFvP22st_timer_callback_argsEPv
                0x00005c2c      0x16c .pio\build\main_rev01\libFrameworkArduino.a(FspTimer.cpp.o)
                0x00005c2c                FspTimer::begin(e_timer_mode, unsigned char, unsigned char, unsigned long, unsigned long, e_timer_source_div, void (*)(st_timer_callback_args*), void*)
 .text._ZN8FspTimer4openEv
                0x00005d98       0x4e .pio\build\main_rev01\libFrameworkArduino.a(FspTimer.cpp.o)
                0x00005d98                FspTimer::open()
 .text._ZN8FspTimer5startEv
                0x00005de6       0x2e .pio\build\main_rev01\libFrameworkArduino.a(FspTimer.cpp.o)
                0x00005de6                FspTimer::start()
 .text._ZN8FspTimer5closeEv
                0x00005e14       0x2e .pio\build\main_rev01\libFrameworkArduino.a(FspTimer.cpp.o)
                0x00005e14                FspTimer::close()
 *fill*         0x00005e42        0x2 ff
 .text._ZN8FspTimer3endEv
                0x00005e44       0x48 .pio\build\main_rev01\libFrameworkArduino.a(FspTimer.cpp.o)
                0x00005e44                FspTimer::end()
 .text._ZN8FspTimerD2Ev
                0x00005e8c        0xc .pio\build\main_rev01\libFrameworkArduino.a(FspTimer.cpp.o)
                0x00005e8c                FspTimer::~FspTimer()
                0x00005e8c                FspTimer::~FspTimer()
 .text._ZN8FspTimer15get_cfg_for_irqEv
                0x00005e98       0x14 .pio\build\main_rev01\libFrameworkArduino.a(FspTimer.cpp.o)
                0x00005e98                FspTimer::get_cfg_for_irq()
 .text._ZN8FspTimer9is_openedEv
                0x00005eac       0x18 .pio\build\main_rev01\libFrameworkArduino.a(FspTimer.cpp.o)
                0x00005eac                FspTimer::is_opened()
 .text._ZN8FspTimer18setup_overflow_irqEhPFvvE
                0x00005ec4       0x4e .pio\build\main_rev01\libFrameworkArduino.a(FspTimer.cpp.o)
                0x00005ec4                FspTimer::setup_overflow_irq(unsigned char, void (*)())
 *fill*         0x00005f12        0x2 ff
 .text.__NVIC_SetPriority
                0x00005f14       0x28 .pio\build\main_rev01\libFrameworkArduino.a(IRQManager.cpp.o)
 .text.R_BSP_IrqEnable
                0x00005f3c       0x34 .pio\build\main_rev01\libFrameworkArduino.a(IRQManager.cpp.o)
 .text.R_BSP_IrqDisable
                0x00005f70       0x24 .pio\build\main_rev01\libFrameworkArduino.a(IRQManager.cpp.o)
 .text.__tcf_0  0x00005f94        0x2 .pio\build\main_rev01\libFrameworkArduino.a(IRQManager.cpp.o)
 *fill*         0x00005f96        0x2 ff
 .text._ZN10IRQManager11getInstanceEv
                0x00005f98       0x38 .pio\build\main_rev01\libFrameworkArduino.a(IRQManager.cpp.o)
                0x00005f98                IRQManager::getInstance()
 .text._ZN10IRQManager18set_ext_link_eventEii
                0x00005fd0       0xc8 .pio\build\main_rev01\libFrameworkArduino.a(IRQManager.cpp.o)
                0x00005fd0                IRQManager::set_ext_link_event(int, int)
 .text._ZN10IRQManager23set_gpt_over_link_eventEii
                0x00006098       0x70 .pio\build\main_rev01\libFrameworkArduino.a(IRQManager.cpp.o)
                0x00006098                IRQManager::set_gpt_over_link_event(int, int)
 .text._ZN10IRQManager18set_agt_link_eventEii
                0x00006108       0x28 .pio\build\main_rev01\libFrameworkArduino.a(IRQManager.cpp.o)
                0x00006108                IRQManager::set_agt_link_event(int, int)
 .text._ZN10IRQManager16addTimerOverflowER5timerPFvvE
                0x00006130       0x80 .pio\build\main_rev01\libFrameworkArduino.a(IRQManager.cpp.o)
                0x00006130                IRQManager::addTimerOverflow(timer&, void (*)())
 .text._ZN10IRQManager21set_iic_tx_link_eventEii
                0x000061b0       0x20 .pio\build\main_rev01\libFrameworkArduino.a(IRQManager.cpp.o)
                0x000061b0                IRQManager::set_iic_tx_link_event(int, int)
 .text._ZN10IRQManager21set_iic_rx_link_eventEii
                0x000061d0       0x20 .pio\build\main_rev01\libFrameworkArduino.a(IRQManager.cpp.o)
                0x000061d0                IRQManager::set_iic_rx_link_event(int, int)
 .text._ZN10IRQManager22set_iic_tei_link_eventEii
                0x000061f0       0x20 .pio\build\main_rev01\libFrameworkArduino.a(IRQManager.cpp.o)
                0x000061f0                IRQManager::set_iic_tei_link_event(int, int)
 .text._ZN10IRQManager22set_iic_eri_link_eventEii
                0x00006210       0x20 .pio\build\main_rev01\libFrameworkArduino.a(IRQManager.cpp.o)
                0x00006210                IRQManager::set_iic_eri_link_event(int, int)
 .text._ZN10IRQManager21set_sci_tx_link_eventEii
                0x00006230       0x38 .pio\build\main_rev01\libFrameworkArduino.a(IRQManager.cpp.o)
                0x00006230                IRQManager::set_sci_tx_link_event(int, int)
 .text._ZN10IRQManager21set_sci_rx_link_eventEii
                0x00006268       0x38 .pio\build\main_rev01\libFrameworkArduino.a(IRQManager.cpp.o)
                0x00006268                IRQManager::set_sci_rx_link_event(int, int)
 .text._ZN10IRQManager22set_sci_tei_link_eventEii
                0x000062a0       0x38 .pio\build\main_rev01\libFrameworkArduino.a(IRQManager.cpp.o)
                0x000062a0                IRQManager::set_sci_tei_link_event(int, int)
 .text._ZN10IRQManager22set_sci_eri_link_eventEii
                0x000062d8       0x38 .pio\build\main_rev01\libFrameworkArduino.a(IRQManager.cpp.o)
                0x000062d8                IRQManager::set_sci_eri_link_event(int, int)
 .text._ZN10IRQManager21set_spi_tx_link_eventEii
                0x00006310       0x20 .pio\build\main_rev01\libFrameworkArduino.a(IRQManager.cpp.o)
                0x00006310                IRQManager::set_spi_tx_link_event(int, int)
 .text._ZN10IRQManager21set_spi_rx_link_eventEii
                0x00006330       0x20 .pio\build\main_rev01\libFrameworkArduino.a(IRQManager.cpp.o)
                0x00006330                IRQManager::set_spi_rx_link_event(int, int)
 .text._ZN10IRQManager22set_spi_tei_link_eventEii
                0x00006350       0x20 .pio\build\main_rev01\libFrameworkArduino.a(IRQManager.cpp.o)
                0x00006350                IRQManager::set_spi_tei_link_event(int, int)
 .text._ZN10IRQManager22set_spi_eri_link_eventEii
                0x00006370       0x20 .pio\build\main_rev01\libFrameworkArduino.a(IRQManager.cpp.o)
                0x00006370                IRQManager::set_spi_eri_link_event(int, int)
 .text._ZN10IRQManager13addPeripheralE12Peripheral_tPv
                0x00006390      0x904 .pio\build\main_rev01\libFrameworkArduino.a(IRQManager.cpp.o)
                0x00006390                IRQManager::addPeripheral(Peripheral_t, void*)
 .text._ZN4UARTcvbEv
                0x00006c94        0x4 .pio\build\main_rev01\libFrameworkArduino.a(Serial.cpp.o)
                0x00006c94                UART::operator bool()
 .text._ZN4UART5beginEm
                0x00006c98        0xa .pio\build\main_rev01\libFrameworkArduino.a(Serial.cpp.o)
                0x00006c98                UART::begin(unsigned long)
 .text._ZN4UART5flushEv
                0x00006ca2        0xa .pio\build\main_rev01\libFrameworkArduino.a(Serial.cpp.o)
                0x00006ca2                UART::flush()
 .text._ZN4UART4peekEv
                0x00006cac       0x18 .pio\build\main_rev01\libFrameworkArduino.a(Serial.cpp.o)
                0x00006cac                UART::peek()
 .text._ZN4UART5writeEh
                0x00006cc4       0x34 .pio\build\main_rev01\libFrameworkArduino.a(Serial.cpp.o)
                0x00006cc4                UART::write(unsigned char)
 .text._ZN4UART3endEv
                0x00006cf8       0x22 .pio\build\main_rev01\libFrameworkArduino.a(Serial.cpp.o)
                0x00006cf8                UART::end()
 .text._ZN7__GuardD2Ev
                0x00006d1a        0xc .pio\build\main_rev01\libFrameworkArduino.a(Serial.cpp.o)
                0x00006d1a                __Guard::~__Guard()
                0x00006d1a                __Guard::~__Guard()
 .text._ZN4UART9availableEv
                0x00006d26       0x32 .pio\build\main_rev01\libFrameworkArduino.a(Serial.cpp.o)
                0x00006d26                UART::available()
 .text._ZN4UART15WrapperCallbackEP20st_uart_callback_arg
                0x00006d58       0x90 .pio\build\main_rev01\libFrameworkArduino.a(Serial.cpp.o)
                0x00006d58                UART::WrapperCallback(st_uart_callback_arg*)
 .text._ZN4UART4readEv
                0x00006de8       0x5c .pio\build\main_rev01\libFrameworkArduino.a(Serial.cpp.o)
                0x00006de8                UART::read()
 .text._ZN4UARTC2Eiiii
                0x00006e44       0x78 .pio\build\main_rev01\libFrameworkArduino.a(Serial.cpp.o)
                0x00006e44                UART::UART(int, int, int, int)
                0x00006e44                UART::UART(int, int, int, int)
 .text._ZN4UART13setUpUartIrqsER11st_uart_cfg
                0x00006ebc       0x14 .pio\build\main_rev01\libFrameworkArduino.a(Serial.cpp.o)
                0x00006ebc                UART::setUpUartIrqs(st_uart_cfg&)
 .text._ZN4UART8cfg_pinsEi
                0x00006ed0       0xe8 .pio\build\main_rev01\libFrameworkArduino.a(Serial.cpp.o)
                0x00006ed0                UART::cfg_pins(int)
 .text._ZN4UART5beginEmt
                0x00006fb8      0x1a8 .pio\build\main_rev01\libFrameworkArduino.a(Serial.cpp.o)
                0x00006fb8                UART::begin(unsigned long, unsigned short)
 .text._ZN4UART9write_rawEPhj
                0x00007160       0x1e .pio\build\main_rev01\libFrameworkArduino.a(Serial.cpp.o)
                0x00007160                UART::write_raw(unsigned char*, unsigned int)
 *fill*         0x0000717e        0x2 ff
 .text.startup._GLOBAL__sub_I__UART1_
                0x00007180       0x1c .pio\build\main_rev01\libFrameworkArduino.a(SerialObj1.cpp.o)
 .text._ZL13readAllGroupAP13ADC_Container
                0x0000719c       0x2c .pio\build\main_rev01\libFrameworkArduino.a(analog.cpp.o)
 .text._ZL11ADC_irq_cbkP20st_adc_callback_args
                0x000071c8       0x58 .pio\build\main_rev01\libFrameworkArduino.a(analog.cpp.o)
 .text._ZL10adcConvertP13ADC_Containert
                0x00007220       0xa4 .pio\build\main_rev01\libFrameworkArduino.a(analog.cpp.o)
 .text._ZL21get_ADC_container_ptrlRt.constprop.4
                0x000072c4       0x38 .pio\build\main_rev01\libFrameworkArduino.a(analog.cpp.o)
 .text._ZN13ADC_ContainerC2EhPFvP20st_adc_callback_argsEPv
                0x000072fc       0x6e .pio\build\main_rev01\libFrameworkArduino.a(analog.cpp.o)
                0x000072fc                ADC_Container::ADC_Container(unsigned char, void (*)(st_adc_callback_args*), void*)
                0x000072fc                ADC_Container::ADC_Container(unsigned char, void (*)(st_adc_callback_args*), void*)
 .text._ZN13ADC_ContainerD2Ev
                0x0000736a       0x12 .pio\build\main_rev01\libFrameworkArduino.a(analog.cpp.o)
                0x0000736a                ADC_Container::~ADC_Container()
                0x0000736a                ADC_Container::~ADC_Container()
 .text.analogRead
                0x0000737c       0x3c .pio\build\main_rev01\libFrameworkArduino.a(analog.cpp.o)
                0x0000737c                analogRead
 .text.analogReference
                0x000073b8       0x5c .pio\build\main_rev01\libFrameworkArduino.a(analog.cpp.o)
                0x000073b8                analogReference
 *fill*         0x00007414        0x4 ff
 .text._Z15analogReferencev
                0x00007418      0x10c .pio\build\main_rev01\libFrameworkArduino.a(analog.cpp.o)
                0x00007418                analogReference()
 .text._Z23__get_timer_for_channeli
                0x00007524       0x2c .pio\build\main_rev01\libFrameworkArduino.a(analog.cpp.o)
                0x00007524                __get_timer_for_channel(int)
 .text.startup._GLOBAL__sub_I__ZN13ADC_ContainerC2EhPFvP20st_adc_callback_argsEPv
                0x00007550       0x4c .pio\build\main_rev01\libFrameworkArduino.a(analog.cpp.o)
 .text.exit._GLOBAL__sub_D__ZN13ADC_ContainerC2EhPFvP20st_adc_callback_argsEPv
                0x0000759c       0x1c .pio\build\main_rev01\libFrameworkArduino.a(analog.cpp.o)
 .text._Z3maplllll
                0x000075b8       0x14 .pio\build\main_rev01\libFrameworkArduino.a(Common.cpp.o)
                0x000075b8                map(long, long, long, long, long)
 .text._ZN7arduino5Print5writeEPKhj
                0x000075cc       0x2c .pio\build\main_rev01\libFrameworkArduino.a(Print.cpp.o)
                0x000075cc                arduino::Print::write(unsigned char const*, unsigned int)
 .text._ZN7arduino5Print5writeEPKc.part.2
                0x000075f8       0x1e .pio\build\main_rev01\libFrameworkArduino.a(Print.cpp.o)
 .text._ZN7arduino5Print5writeEPKc
                0x00007616        0xa .pio\build\main_rev01\libFrameworkArduino.a(Print.cpp.o)
                0x00007616                arduino::Print::write(char const*)
 .text._ZN7arduino5Print5printEPKc
                0x00007620        0x8 .pio\build\main_rev01\libFrameworkArduino.a(Print.cpp.o)
                0x00007620                arduino::Print::print(char const*)
 .text._ZN7arduino5Print5printEc
                0x00007628        0x8 .pio\build\main_rev01\libFrameworkArduino.a(Print.cpp.o)
                0x00007628                arduino::Print::print(char)
 .text._ZN7arduino5Print7printlnEv
                0x00007630        0xc .pio\build\main_rev01\libFrameworkArduino.a(Print.cpp.o)
                0x00007630                arduino::Print::println()
 .text._ZN7arduino5Print7printlnEPKc
                0x0000763c       0x14 .pio\build\main_rev01\libFrameworkArduino.a(Print.cpp.o)
                0x0000763c                arduino::Print::println(char const*)
 .text._ZN7arduino5Print11printNumberEmh
                0x00007650       0x3c .pio\build\main_rev01\libFrameworkArduino.a(Print.cpp.o)
                0x00007650                arduino::Print::printNumber(unsigned long, unsigned char)
 .text._ZN7arduino5Print5printEli
                0x0000768c       0x44 .pio\build\main_rev01\libFrameworkArduino.a(Print.cpp.o)
                0x0000768c                arduino::Print::print(long, int)
 .text._ZN7arduino5Print5printEii
                0x000076d0        0x4 .pio\build\main_rev01\libFrameworkArduino.a(Print.cpp.o)
                0x000076d0                arduino::Print::print(int, int)
 .text._ZN7arduino5Print5printEmi
                0x000076d4       0x1a .pio\build\main_rev01\libFrameworkArduino.a(Print.cpp.o)
                0x000076d4                arduino::Print::print(unsigned long, int)
 .text._ZN7arduino5Print5printEhi
                0x000076ee        0x4 .pio\build\main_rev01\libFrameworkArduino.a(Print.cpp.o)
                0x000076ee                arduino::Print::print(unsigned char, int)
 .text._ZN7arduino5Print7printlnEhi
                0x000076f2       0x14 .pio\build\main_rev01\libFrameworkArduino.a(Print.cpp.o)
                0x000076f2                arduino::Print::println(unsigned char, int)
 *fill*         0x00007706        0x2 ff
 .text._ZN7arduino5Print10printFloatEdi
                0x00007708      0x17c .pio\build\main_rev01\libFrameworkArduino.a(Print.cpp.o)
                0x00007708                arduino::Print::printFloat(double, int)
 .text._ZN7arduino5Print5printEdi
                0x00007884        0x4 .pio\build\main_rev01\libFrameworkArduino.a(Print.cpp.o)
                0x00007884                arduino::Print::print(double, int)
 .text._ZN4CDacC2Eh
                0x00007888       0x6c .pio\build\main_rev01\libFrameworkArduino.a(dac.cpp.o)
                0x00007888                CDac::CDac(unsigned char)
                0x00007888                CDac::CDac(unsigned char)
 .text.startup._GLOBAL__sub_I__ZN4CDacC2Eh
                0x000078f4        0xc .pio\build\main_rev01\libFrameworkArduino.a(dac.cpp.o)
 .text.pinMode  0x00007900       0x30 .pio\build\main_rev01\libFrameworkArduino.a(digital.cpp.o)
                0x00007900                pinMode
 .text.digitalWrite
                0x00007930       0x18 .pio\build\main_rev01\libFrameworkArduino.a(digital.cpp.o)
                0x00007930                digitalWrite
 .text.digitalRead
                0x00007948       0x28 .pio\build\main_rev01\libFrameworkArduino.a(digital.cpp.o)
                0x00007948                digitalRead
 .text.R_BSP_PinAccessEnable
                0x00007970       0x2c .pio\build\main_rev01\libFrameworkArduino.a(main.cpp.o)
 .text.start_freertos_on_header_inclusion
                0x0000799c        0x2 .pio\build\main_rev01\libFrameworkArduino.a(main.cpp.o)
                0x0000799c                start_freertos_on_header_inclusion
 .text.early_start_freertos_on_header_inclusion
                0x0000799e        0x2 .pio\build\main_rev01\libFrameworkArduino.a(main.cpp.o)
                0x0000799e                early_start_freertos_on_header_inclusion
 .text._Z12arduino_mainv
                0x000079a0       0x94 .pio\build\main_rev01\libFrameworkArduino.a(main.cpp.o)
                0x000079a0                arduino_main()
 .text._write   0x00007a34        0xc .pio\build\main_rev01\libFrameworkArduino.a(main.cpp.o)
                0x00007a34                _write
 .text.hal_entry
                0x00007a40        0x6 .pio\build\main_rev01\libFrameworkArduino.a(main.cpp.o)
                0x00007a40                hal_entry
 .text.atexit   0x00007a46        0x4 .pio\build\main_rev01\libFrameworkArduino.a(main.cpp.o)
                0x00007a46                atexit
 *fill*         0x00007a4a        0x2 ff
 .text._Z13pinPeripheral19e_bsp_io_port_pin_tm
                0x00007a4c       0x10 .pio\build\main_rev01\libFrameworkArduino.a(pinDefinitions.cpp.o)
                0x00007a4c                pinPeripheral(e_bsp_io_port_pin_t, unsigned long)
 .text._ZL21timer_micros_callbackP22st_timer_callback_args
                0x00007a5c       0x10 .pio\build\main_rev01\libFrameworkArduino.a(time.cpp.o)
 .text.delayMicroseconds
                0x00007a6c        0x6 .pio\build\main_rev01\libFrameworkArduino.a(time.cpp.o)
                0x00007a6c                delayMicroseconds
 .text.yield    0x00007a72        0x2 .pio\build\main_rev01\libFrameworkArduino.a(time.cpp.o)
                0x00007a72                yield
 .text.delay    0x00007a74       0x1c .pio\build\main_rev01\libFrameworkArduino.a(time.cpp.o)
                0x00007a74                delay
 .text._Z8startAgtv
                0x00007a90       0x6c .pio\build\main_rev01\libFrameworkArduino.a(time.cpp.o)
                0x00007a90                startAgt()
 .text.millis   0x00007afc        0xc .pio\build\main_rev01\libFrameworkArduino.a(time.cpp.o)
                0x00007afc                millis
 .text.startup._GLOBAL__sub_I_delayMicroseconds
                0x00007b08        0xc .pio\build\main_rev01\libFrameworkArduino.a(time.cpp.o)
 .text.exit._GLOBAL__sub_D_delayMicroseconds
                0x00007b14        0xc .pio\build\main_rev01\libFrameworkArduino.a(time.cpp.o)
 .text._Z10getPinCfgsh11PinCfgReq_t
                0x00007b20       0xe0 .pio\build\main_rev01\libFrameworkArduino.a(variant_helper.cpp.o)
                0x00007b20                getPinCfgs(unsigned char, PinCfgReq_t)
 .text.dump_stack
                0x00007c00       0x7c .pio\build\main_rev01\libFrameworkArduino.a(cm_backtrace.c.o)
 .text.cm_backtrace_init
                0x00007c7c       0x74 .pio\build\main_rev01\libFrameworkArduino.a(cm_backtrace.c.o)
                0x00007c7c                cm_backtrace_init
 .text.cm_backtrace_firmware_info
                0x00007cf0       0x2c .pio\build\main_rev01\libFrameworkArduino.a(cm_backtrace.c.o)
                0x00007cf0                cm_backtrace_firmware_info
 .text.cm_backtrace_call_stack
                0x00007d1c       0xe4 .pio\build\main_rev01\libFrameworkArduino.a(cm_backtrace.c.o)
                0x00007d1c                cm_backtrace_call_stack
 .text.print_call_stack
                0x00007e00       0x94 .pio\build\main_rev01\libFrameworkArduino.a(cm_backtrace.c.o)
 .text.cm_backtrace_fault
                0x00007e94      0x470 .pio\build\main_rev01\libFrameworkArduino.a(cm_backtrace.c.o)
                0x00007e94                cm_backtrace_fault
 .text.Stacktrace_Handler
                0x00008304        0xa .pio\build\main_rev01\libFrameworkArduino.a(cortex_handlers.c.o)
                0x00008304                Stacktrace_Handler
 *fill*         0x0000830e        0x2 ff
 .text.r_spi_call_callback
                0x00008310       0x40 C:\Users\h\.platformio\packages\framework-arduinorenesas-uno\variants\UNOWIFIR4\libs\libfsp.a(r_spi.o)
 .text.spi_rxi_isr
                0x00008350       0x9c C:\Users\h\.platformio\packages\framework-arduinorenesas-uno\variants\UNOWIFIR4\libs\libfsp.a(r_spi.o)
                0x00008350                spi_rxi_isr
 .text.spi_txi_isr
                0x000083ec       0xd8 C:\Users\h\.platformio\packages\framework-arduinorenesas-uno\variants\UNOWIFIR4\libs\libfsp.a(r_spi.o)
                0x000083ec                spi_txi_isr
 .text.spi_tei_isr
                0x000084c4       0xe0 C:\Users\h\.platformio\packages\framework-arduinorenesas-uno\variants\UNOWIFIR4\libs\libfsp.a(r_spi.o)
                0x000084c4                spi_tei_isr
 .text.spi_eri_isr
                0x000085a4       0xdc C:\Users\h\.platformio\packages\framework-arduinorenesas-uno\variants\UNOWIFIR4\libs\libfsp.a(r_spi.o)
                0x000085a4                spi_eri_isr
 .text.R_SCI_UART_Write
                0x00008680       0xb0 C:\Users\h\.platformio\packages\framework-arduinorenesas-uno\variants\UNOWIFIR4\libs\libfsp.a(r_sci_uart.o)
                0x00008680                R_SCI_UART_Write
 .text.R_SCI_UART_BaudSet
                0x00008730       0x44 C:\Users\h\.platformio\packages\framework-arduinorenesas-uno\variants\UNOWIFIR4\libs\libfsp.a(r_sci_uart.o)
                0x00008730                R_SCI_UART_BaudSet
 .text.R_SCI_UART_Close
                0x00008774       0xd8 C:\Users\h\.platformio\packages\framework-arduinorenesas-uno\variants\UNOWIFIR4\libs\libfsp.a(r_sci_uart.o)
                0x00008774                R_SCI_UART_Close
 .text.r_sci_uart_call_callback
                0x0000884c       0x44 C:\Users\h\.platformio\packages\framework-arduinorenesas-uno\variants\UNOWIFIR4\libs\libfsp.a(r_sci_uart.o)
 .text.r_sci_uart_transfer_configure.isra.0
                0x00008890       0x38 C:\Users\h\.platformio\packages\framework-arduinorenesas-uno\variants\UNOWIFIR4\libs\libfsp.a(r_sci_uart.o)
 .text.R_SCI_UART_Open
                0x000088c8      0x448 C:\Users\h\.platformio\packages\framework-arduinorenesas-uno\variants\UNOWIFIR4\libs\libfsp.a(r_sci_uart.o)
                0x000088c8                R_SCI_UART_Open
 .text.R_SCI_UART_BaudCalculate
                0x00008d10      0x184 C:\Users\h\.platformio\packages\framework-arduinorenesas-uno\variants\UNOWIFIR4\libs\libfsp.a(r_sci_uart.o)
                0x00008d10                R_SCI_UART_BaudCalculate
 .text.sci_uart_txi_isr
                0x00008e94       0xec C:\Users\h\.platformio\packages\framework-arduinorenesas-uno\variants\UNOWIFIR4\libs\libfsp.a(r_sci_uart.o)
                0x00008e94                sci_uart_txi_isr
 .text.sci_uart_rxi_isr
                0x00008f80      0x184 C:\Users\h\.platformio\packages\framework-arduinorenesas-uno\variants\UNOWIFIR4\libs\libfsp.a(r_sci_uart.o)
                0x00008f80                sci_uart_rxi_isr
 .text.sci_uart_tei_isr
                0x00009104       0x40 C:\Users\h\.platformio\packages\framework-arduinorenesas-uno\variants\UNOWIFIR4\libs\libfsp.a(r_sci_uart.o)
                0x00009104                sci_uart_tei_isr
 .text.sci_uart_eri_isr
                0x00009144       0x78 C:\Users\h\.platformio\packages\framework-arduinorenesas-uno\variants\UNOWIFIR4\libs\libfsp.a(r_sci_uart.o)
                0x00009144                sci_uart_eri_isr
 .text.r_sci_spi_call_callback
                0x000091bc       0x40 C:\Users\h\.platformio\packages\framework-arduinorenesas-uno\variants\UNOWIFIR4\libs\libfsp.a(r_sci_spi.o)
 .text.sci_spi_txi_isr
                0x000091fc       0x68 C:\Users\h\.platformio\packages\framework-arduinorenesas-uno\variants\UNOWIFIR4\libs\libfsp.a(r_sci_spi.o)
                0x000091fc                sci_spi_txi_isr
 .text.sci_spi_rxi_isr
                0x00009264       0x74 C:\Users\h\.platformio\packages\framework-arduinorenesas-uno\variants\UNOWIFIR4\libs\libfsp.a(r_sci_spi.o)
                0x00009264                sci_spi_rxi_isr
 .text.sci_spi_tei_isr
                0x000092d8       0x3c C:\Users\h\.platformio\packages\framework-arduinorenesas-uno\variants\UNOWIFIR4\libs\libfsp.a(r_sci_spi.o)
                0x000092d8                sci_spi_tei_isr
 .text.sci_spi_eri_isr
                0x00009314       0x44 C:\Users\h\.platformio\packages\framework-arduinorenesas-uno\variants\UNOWIFIR4\libs\libfsp.a(r_sci_spi.o)
                0x00009314                sci_spi_eri_isr
 .text.R_SCI_I2C_Abort
                0x00009358       0x20 C:\Users\h\.platformio\packages\framework-arduinorenesas-uno\variants\UNOWIFIR4\libs\libfsp.a(r_sci_i2c.o)
                0x00009358                R_SCI_I2C_Abort
 .text.R_SCI_I2C_SlaveAddressSet
                0x00009378        0x8 C:\Users\h\.platformio\packages\framework-arduinorenesas-uno\variants\UNOWIFIR4\libs\libfsp.a(r_sci_i2c.o)
                0x00009378                R_SCI_I2C_SlaveAddressSet
 .text.R_SCI_I2C_CallbackSet
                0x00009380        0xc C:\Users\h\.platformio\packages\framework-arduinorenesas-uno\variants\UNOWIFIR4\libs\libfsp.a(r_sci_i2c.o)
                0x00009380                R_SCI_I2C_CallbackSet
 .text.R_SCI_I2C_StatusGet
                0x0000938c       0x18 C:\Users\h\.platformio\packages\framework-arduinorenesas-uno\variants\UNOWIFIR4\libs\libfsp.a(r_sci_i2c.o)
                0x0000938c                R_SCI_I2C_StatusGet
 .text.R_SCI_I2C_Close
                0x000093a4       0x70 C:\Users\h\.platformio\packages\framework-arduinorenesas-uno\variants\UNOWIFIR4\libs\libfsp.a(r_sci_i2c.o)
                0x000093a4                R_SCI_I2C_Close
 .text.sci_i2c_enable_transfer_support_tx
                0x00009414       0x34 C:\Users\h\.platformio\packages\framework-arduinorenesas-uno\variants\UNOWIFIR4\libs\libfsp.a(r_sci_i2c.o)
 .text.R_SCI_I2C_Write
                0x00009448       0xec C:\Users\h\.platformio\packages\framework-arduinorenesas-uno\variants\UNOWIFIR4\libs\libfsp.a(r_sci_i2c.o)
                0x00009448                R_SCI_I2C_Write
 .text.R_SCI_I2C_Read
                0x00009534       0xf0 C:\Users\h\.platformio\packages\framework-arduinorenesas-uno\variants\UNOWIFIR4\libs\libfsp.a(r_sci_i2c.o)
                0x00009534                R_SCI_I2C_Read
 .text.R_SCI_I2C_Open
                0x00009624      0x220 C:\Users\h\.platformio\packages\framework-arduinorenesas-uno\variants\UNOWIFIR4\libs\libfsp.a(r_sci_i2c.o)
                0x00009624                R_SCI_I2C_Open
 .text.sci_i2c_notify
                0x00009844       0x64 C:\Users\h\.platformio\packages\framework-arduinorenesas-uno\variants\UNOWIFIR4\libs\libfsp.a(r_sci_i2c.o)
                0x00009844                sci_i2c_notify
 .text.sci_i2c_rxi_isr
                0x000098a8       0x20 C:\Users\h\.platformio\packages\framework-arduinorenesas-uno\variants\UNOWIFIR4\libs\libfsp.a(r_sci_i2c.o)
                0x000098a8                sci_i2c_rxi_isr
 .text.sci_i2c_txi_isr
                0x000098c8      0x198 C:\Users\h\.platformio\packages\framework-arduinorenesas-uno\variants\UNOWIFIR4\libs\libfsp.a(r_sci_i2c.o)
                0x000098c8                sci_i2c_txi_isr
 .text.sci_i2c_tei_isr
                0x00009a60       0xf0 C:\Users\h\.platformio\packages\framework-arduinorenesas-uno\variants\UNOWIFIR4\libs\libfsp.a(r_sci_i2c.o)
                0x00009a60                sci_i2c_tei_isr
 .text.rtc_alarm_periodic_isr
                0x00009b50       0x68 C:\Users\h\.platformio\packages\framework-arduinorenesas-uno\variants\UNOWIFIR4\libs\libfsp.a(r_rtc.o)
                0x00009b50                rtc_alarm_periodic_isr
 .text.rtc_carry_isr
                0x00009bb8       0x2c C:\Users\h\.platformio\packages\framework-arduinorenesas-uno\variants\UNOWIFIR4\libs\libfsp.a(r_rtc.o)
                0x00009bb8                rtc_carry_isr
 .text.R_IOPORT_PinRead
                0x00009be4       0x1c C:\Users\h\.platformio\packages\framework-arduinorenesas-uno\variants\UNOWIFIR4\libs\libfsp.a(r_ioport.o)
                0x00009be4                R_IOPORT_PinRead
 .text.R_IOPORT_PinWrite
                0x00009c00       0x20 C:\Users\h\.platformio\packages\framework-arduinorenesas-uno\variants\UNOWIFIR4\libs\libfsp.a(r_ioport.o)
                0x00009c00                R_IOPORT_PinWrite
 .text.bsp_vbatt_init
                0x00009c20       0xac C:\Users\h\.platformio\packages\framework-arduinorenesas-uno\variants\UNOWIFIR4\libs\libfsp.a(r_ioport.o)
 .text.R_IOPORT_PinCfg
                0x00009ccc       0xa8 C:\Users\h\.platformio\packages\framework-arduinorenesas-uno\variants\UNOWIFIR4\libs\libfsp.a(r_ioport.o)
                0x00009ccc                R_IOPORT_PinCfg
 .text.R_IIC_SLAVE_Read
                0x00009d74       0x38 C:\Users\h\.platformio\packages\framework-arduinorenesas-uno\variants\UNOWIFIR4\libs\libfsp.a(r_iic_slave.o)
                0x00009d74                R_IIC_SLAVE_Read
 .text.R_IIC_SLAVE_Write
                0x00009dac       0x34 C:\Users\h\.platformio\packages\framework-arduinorenesas-uno\variants\UNOWIFIR4\libs\libfsp.a(r_iic_slave.o)
                0x00009dac                R_IIC_SLAVE_Write
 .text.R_IIC_SLAVE_CallbackSet
                0x00009de0        0xc C:\Users\h\.platformio\packages\framework-arduinorenesas-uno\variants\UNOWIFIR4\libs\libfsp.a(r_iic_slave.o)
                0x00009de0                R_IIC_SLAVE_CallbackSet
 .text.R_IIC_SLAVE_Close
                0x00009dec       0xcc C:\Users\h\.platformio\packages\framework-arduinorenesas-uno\variants\UNOWIFIR4\libs\libfsp.a(r_iic_slave.o)
                0x00009dec                R_IIC_SLAVE_Close
 .text.r_iic_slave_call_callback
                0x00009eb8       0x3c C:\Users\h\.platformio\packages\framework-arduinorenesas-uno\variants\UNOWIFIR4\libs\libfsp.a(r_iic_slave.o)
 .text.iic_slave_initiate_transaction
                0x00009ef4       0x74 C:\Users\h\.platformio\packages\framework-arduinorenesas-uno\variants\UNOWIFIR4\libs\libfsp.a(r_iic_slave.o)
 .text.R_IIC_SLAVE_Open
                0x00009f68      0x228 C:\Users\h\.platformio\packages\framework-arduinorenesas-uno\variants\UNOWIFIR4\libs\libfsp.a(r_iic_slave.o)
                0x00009f68                R_IIC_SLAVE_Open
 .text.iic_slave_rxi_isr
                0x0000a190      0x12c C:\Users\h\.platformio\packages\framework-arduinorenesas-uno\variants\UNOWIFIR4\libs\libfsp.a(r_iic_slave.o)
                0x0000a190                iic_slave_rxi_isr
 .text.iic_slave_txi_isr
                0x0000a2bc       0xa8 C:\Users\h\.platformio\packages\framework-arduinorenesas-uno\variants\UNOWIFIR4\libs\libfsp.a(r_iic_slave.o)
                0x0000a2bc                iic_slave_txi_isr
 .text.iic_slave_tei_isr
                0x0000a364       0x94 C:\Users\h\.platformio\packages\framework-arduinorenesas-uno\variants\UNOWIFIR4\libs\libfsp.a(r_iic_slave.o)
                0x0000a364                iic_slave_tei_isr
 .text.iic_slave_eri_isr
                0x0000a3f8      0x10c C:\Users\h\.platformio\packages\framework-arduinorenesas-uno\variants\UNOWIFIR4\libs\libfsp.a(r_iic_slave.o)
                0x0000a3f8                iic_slave_eri_isr
 .text.R_IIC_MASTER_SlaveAddressSet
                0x0000a504        0x8 C:\Users\h\.platformio\packages\framework-arduinorenesas-uno\variants\UNOWIFIR4\libs\libfsp.a(r_iic_master.o)
                0x0000a504                R_IIC_MASTER_SlaveAddressSet
 .text.R_IIC_MASTER_CallbackSet
                0x0000a50c        0xc C:\Users\h\.platformio\packages\framework-arduinorenesas-uno\variants\UNOWIFIR4\libs\libfsp.a(r_iic_master.o)
                0x0000a50c                R_IIC_MASTER_CallbackSet
 .text.R_IIC_MASTER_StatusGet
                0x0000a518       0x18 C:\Users\h\.platformio\packages\framework-arduinorenesas-uno\variants\UNOWIFIR4\libs\libfsp.a(r_iic_master.o)
                0x0000a518                R_IIC_MASTER_StatusGet
 .text.iic_master_notify
                0x0000a530       0x3c C:\Users\h\.platformio\packages\framework-arduinorenesas-uno\variants\UNOWIFIR4\libs\libfsp.a(r_iic_master.o)
 .text.iic_master_run_hw_master
                0x0000a56c       0xd8 C:\Users\h\.platformio\packages\framework-arduinorenesas-uno\variants\UNOWIFIR4\libs\libfsp.a(r_iic_master.o)
 .text.R_IIC_MASTER_Read
                0x0000a644       0x34 C:\Users\h\.platformio\packages\framework-arduinorenesas-uno\variants\UNOWIFIR4\libs\libfsp.a(r_iic_master.o)
                0x0000a644                R_IIC_MASTER_Read
 .text.R_IIC_MASTER_Write
                0x0000a678       0x30 C:\Users\h\.platformio\packages\framework-arduinorenesas-uno\variants\UNOWIFIR4\libs\libfsp.a(r_iic_master.o)
                0x0000a678                R_IIC_MASTER_Write
 .text.iic_master_open_hw_master
                0x0000a6a8      0x184 C:\Users\h\.platformio\packages\framework-arduinorenesas-uno\variants\UNOWIFIR4\libs\libfsp.a(r_iic_master.o)
 .text.R_IIC_MASTER_Open
                0x0000a82c       0x7c C:\Users\h\.platformio\packages\framework-arduinorenesas-uno\variants\UNOWIFIR4\libs\libfsp.a(r_iic_master.o)
                0x0000a82c                R_IIC_MASTER_Open
 .text.R_IIC_MASTER_Abort
                0x0000a8a8       0x4c C:\Users\h\.platformio\packages\framework-arduinorenesas-uno\variants\UNOWIFIR4\libs\libfsp.a(r_iic_master.o)
                0x0000a8a8                R_IIC_MASTER_Abort
 .text.R_IIC_MASTER_Close
                0x0000a8f4      0x104 C:\Users\h\.platformio\packages\framework-arduinorenesas-uno\variants\UNOWIFIR4\libs\libfsp.a(r_iic_master.o)
                0x0000a8f4                R_IIC_MASTER_Close
 .text.iic_master_rxi_isr
                0x0000a9f8      0x13c C:\Users\h\.platformio\packages\framework-arduinorenesas-uno\variants\UNOWIFIR4\libs\libfsp.a(r_iic_master.o)
                0x0000a9f8                iic_master_rxi_isr
 .text.iic_master_txi_isr
                0x0000ab34       0xec C:\Users\h\.platformio\packages\framework-arduinorenesas-uno\variants\UNOWIFIR4\libs\libfsp.a(r_iic_master.o)
                0x0000ab34                iic_master_txi_isr
 .text.iic_master_tei_isr
                0x0000ac20       0xc4 C:\Users\h\.platformio\packages\framework-arduinorenesas-uno\variants\UNOWIFIR4\libs\libfsp.a(r_iic_master.o)
                0x0000ac20                iic_master_tei_isr
 .text.iic_master_eri_isr
                0x0000ace4      0x140 C:\Users\h\.platformio\packages\framework-arduinorenesas-uno\variants\UNOWIFIR4\libs\libfsp.a(r_iic_master.o)
                0x0000ace4                iic_master_eri_isr
 .text.r_icu_isr
                0x0000ae24       0x6c C:\Users\h\.platformio\packages\framework-arduinorenesas-uno\variants\UNOWIFIR4\libs\libfsp.a(r_icu.o)
                0x0000ae24                r_icu_isr
 .text.R_GPT_Start
                0x0000ae90        0xc C:\Users\h\.platformio\packages\framework-arduinorenesas-uno\variants\UNOWIFIR4\libs\libfsp.a(r_gpt.o)
                0x0000ae90                R_GPT_Start
 .text.R_GPT_Enable
                0x0000ae9c       0x30 C:\Users\h\.platformio\packages\framework-arduinorenesas-uno\variants\UNOWIFIR4\libs\libfsp.a(r_gpt.o)
                0x0000ae9c                R_GPT_Enable
 .text.r_gpt_enable_irq
                0x0000aecc       0x5c C:\Users\h\.platformio\packages\framework-arduinorenesas-uno\variants\UNOWIFIR4\libs\libfsp.a(r_gpt.o)
 .text.r_gpt_call_callback
                0x0000af28       0x3c C:\Users\h\.platformio\packages\framework-arduinorenesas-uno\variants\UNOWIFIR4\libs\libfsp.a(r_gpt.o)
 .text.gpt_calculate_duty_cycle.isra.0
                0x0000af64       0x78 C:\Users\h\.platformio\packages\framework-arduinorenesas-uno\variants\UNOWIFIR4\libs\libfsp.a(r_gpt.o)
 .text.R_GPT_Open
                0x0000afdc      0x264 C:\Users\h\.platformio\packages\framework-arduinorenesas-uno\variants\UNOWIFIR4\libs\libfsp.a(r_gpt.o)
                0x0000afdc                R_GPT_Open
 .text.R_GPT_Close
                0x0000b240       0xd4 C:\Users\h\.platformio\packages\framework-arduinorenesas-uno\variants\UNOWIFIR4\libs\libfsp.a(r_gpt.o)
                0x0000b240                R_GPT_Close
 .text.gpt_counter_overflow_isr
                0x0000b314       0x78 C:\Users\h\.platformio\packages\framework-arduinorenesas-uno\variants\UNOWIFIR4\libs\libfsp.a(r_gpt.o)
                0x0000b314                gpt_counter_overflow_isr
 .text.R_DAC_Open
                0x0000b38c       0x88 C:\Users\h\.platformio\packages\framework-arduinorenesas-uno\variants\UNOWIFIR4\libs\libfsp.a(r_dac.o)
                0x0000b38c                R_DAC_Open
 .text.R_DAC_Write
                0x0000b414        0xc C:\Users\h\.platformio\packages\framework-arduinorenesas-uno\variants\UNOWIFIR4\libs\libfsp.a(r_dac.o)
                0x0000b414                R_DAC_Write
 .text.R_DAC_Start
                0x0000b420       0x30 C:\Users\h\.platformio\packages\framework-arduinorenesas-uno\variants\UNOWIFIR4\libs\libfsp.a(r_dac.o)
                0x0000b420                R_DAC_Start
 .text.R_DAC_Stop
                0x0000b450       0x34 C:\Users\h\.platformio\packages\framework-arduinorenesas-uno\variants\UNOWIFIR4\libs\libfsp.a(r_dac.o)
                0x0000b450                R_DAC_Stop
 .text.R_DAC_Close
                0x0000b484       0x40 C:\Users\h\.platformio\packages\framework-arduinorenesas-uno\variants\UNOWIFIR4\libs\libfsp.a(r_dac.o)
                0x0000b484                R_DAC_Close
 .text.r_can_call_callback
                0x0000b4c4       0x68 C:\Users\h\.platformio\packages\framework-arduinorenesas-uno\variants\UNOWIFIR4\libs\libfsp.a(r_can.o)
 .text.can_error_isr
                0x0000b52c       0xd4 C:\Users\h\.platformio\packages\framework-arduinorenesas-uno\variants\UNOWIFIR4\libs\libfsp.a(r_can.o)
                0x0000b52c                can_error_isr
 .text.can_rx_isr
                0x0000b600      0x118 C:\Users\h\.platformio\packages\framework-arduinorenesas-uno\variants\UNOWIFIR4\libs\libfsp.a(r_can.o)
                0x0000b600                can_rx_isr
 .text.can_tx_isr
                0x0000b718       0xa0 C:\Users\h\.platformio\packages\framework-arduinorenesas-uno\variants\UNOWIFIR4\libs\libfsp.a(r_can.o)
                0x0000b718                can_tx_isr
 .text.R_AGT_Start
                0x0000b7b8       0x38 C:\Users\h\.platformio\packages\framework-arduinorenesas-uno\variants\UNOWIFIR4\libs\libfsp.a(r_agt.o)
                0x0000b7b8                R_AGT_Start
 .text.R_AGT_Enable
                0x0000b7f0       0x14 C:\Users\h\.platformio\packages\framework-arduinorenesas-uno\variants\UNOWIFIR4\libs\libfsp.a(r_agt.o)
                0x0000b7f0                R_AGT_Enable
 .text.R_AGT_Close
                0x0000b804       0x84 C:\Users\h\.platformio\packages\framework-arduinorenesas-uno\variants\UNOWIFIR4\libs\libfsp.a(r_agt.o)
                0x0000b804                R_AGT_Close
 .text.R_AGT_Open
                0x0000b888      0x118 C:\Users\h\.platformio\packages\framework-arduinorenesas-uno\variants\UNOWIFIR4\libs\libfsp.a(r_agt.o)
                0x0000b888                R_AGT_Open
 .text.agt_int_isr
                0x0000b9a0       0x88 C:\Users\h\.platformio\packages\framework-arduinorenesas-uno\variants\UNOWIFIR4\libs\libfsp.a(r_agt.o)
                0x0000b9a0                agt_int_isr
 .text.R_ADC_ScanStart
                0x0000ba28        0xc C:\Users\h\.platformio\packages\framework-arduinorenesas-uno\variants\UNOWIFIR4\libs\libfsp.a(r_adc.o)
                0x0000ba28                R_ADC_ScanStart
 .text.R_ADC_StatusGet
                0x0000ba34       0x10 C:\Users\h\.platformio\packages\framework-arduinorenesas-uno\variants\UNOWIFIR4\libs\libfsp.a(r_adc.o)
                0x0000ba34                R_ADC_StatusGet
 .text.R_ADC_Read
                0x0000ba44       0x10 C:\Users\h\.platformio\packages\framework-arduinorenesas-uno\variants\UNOWIFIR4\libs\libfsp.a(r_adc.o)
                0x0000ba44                R_ADC_Read
 .text.R_ADC_ScanCfg
                0x0000ba54      0x1a0 C:\Users\h\.platformio\packages\framework-arduinorenesas-uno\variants\UNOWIFIR4\libs\libfsp.a(r_adc.o)
                0x0000ba54                R_ADC_ScanCfg
 .text.R_ADC_Open
                0x0000bbf4      0x240 C:\Users\h\.platformio\packages\framework-arduinorenesas-uno\variants\UNOWIFIR4\libs\libfsp.a(r_adc.o)
                0x0000bbf4                R_ADC_Open
 .text.R_ADC_Close
                0x0000be34       0xfc C:\Users\h\.platformio\packages\framework-arduinorenesas-uno\variants\UNOWIFIR4\libs\libfsp.a(r_adc.o)
                0x0000be34                R_ADC_Close
 .text.SystemCoreClockUpdate
                0x0000bf30       0x28 C:\Users\h\.platformio\packages\framework-arduinorenesas-uno\variants\UNOWIFIR4\libs\libfsp.a(bsp_clocks.o)
                0x0000bf30                SystemCoreClockUpdate
 .text.bsp_clock_init
                0x0000bf58      0x12c C:\Users\h\.platformio\packages\framework-arduinorenesas-uno\variants\UNOWIFIR4\libs\libfsp.a(bsp_clocks.o)
                0x0000bf58                bsp_clock_init
 .text.bsp_prv_software_delay_loop
                0x0000c084        0xc C:\Users\h\.platformio\packages\framework-arduinorenesas-uno\variants\UNOWIFIR4\libs\libfsp.a(bsp_delay.o)
                0x0000c084                bsp_prv_software_delay_loop
 .text.R_BSP_SoftwareDelay
                0x0000c090       0x5c C:\Users\h\.platformio\packages\framework-arduinorenesas-uno\variants\UNOWIFIR4\libs\libfsp.a(bsp_delay.o)
                0x0000c090                R_BSP_SoftwareDelay
 .text.NMI_Handler
                0x0000c0ec       0x38 C:\Users\h\.platformio\packages\framework-arduinorenesas-uno\variants\UNOWIFIR4\libs\libfsp.a(bsp_group_irq.o)
                0x0000c0ec                NMI_Handler
 .text.bsp_irq_cfg
                0x0000c124       0x2c C:\Users\h\.platformio\packages\framework-arduinorenesas-uno\variants\UNOWIFIR4\libs\libfsp.a(bsp_irq.o)
                0x0000c124                bsp_irq_cfg
 .text.R_BSP_RegisterProtectEnable
                0x0000c150       0x60 C:\Users\h\.platformio\packages\framework-arduinorenesas-uno\variants\UNOWIFIR4\libs\libfsp.a(bsp_register_protection.o)
                0x0000c150                R_BSP_RegisterProtectEnable
 .text.R_BSP_RegisterProtectDisable
                0x0000c1b0       0x54 C:\Users\h\.platformio\packages\framework-arduinorenesas-uno\variants\UNOWIFIR4\libs\libfsp.a(bsp_register_protection.o)
                0x0000c1b0                R_BSP_RegisterProtectDisable
 .text.Default_Handler
                0x0000c204        0x4 C:\Users\h\.platformio\packages\framework-arduinorenesas-uno\variants\UNOWIFIR4\libs\libfsp.a(startup.o)
                0x0000c204                DebugMon_Handler
                0x0000c204                HardFault_Handler
                0x0000c204                SysTick_Handler
                0x0000c204                PendSV_Handler
                0x0000c204                UsageFault_Handler
                0x0000c204                SecureFault_Handler
                0x0000c204                Default_Handler
                0x0000c204                MemManage_Handler
                0x0000c204                SVC_Handler
                0x0000c204                BusFault_Handler
 .text.Reset_Handler
                0x0000c208        0xc C:\Users\h\.platformio\packages\framework-arduinorenesas-uno\variants\UNOWIFIR4\libs\libfsp.a(startup.o)
                0x0000c208                Reset_Handler
 .text.R_BSP_WarmStart
                0x0000c214        0x4 C:\Users\h\.platformio\packages\framework-arduinorenesas-uno\variants\UNOWIFIR4\libs\libfsp.a(system.o)
                0x0000c214                R_BSP_WarmStart
 .text.SystemInit
                0x0000c218      0x15c C:\Users\h\.platformio\packages\framework-arduinorenesas-uno\variants\UNOWIFIR4\libs\libfsp.a(system.o)
                0x0000c218                SystemInit
 .text.bsp_init_internal
                0x0000c374        0x4 C:\Users\h\.platformio\packages\framework-arduinorenesas-uno\variants\UNOWIFIR4\libs\libfsp.a(bsp_common.o)
                0x0000c374                bsp_init_internal
                0x0000c374                bsp_init
 .text._Znwj    0x0000c378       0x22 c:/users/h/.platformio/packages/toolchain-gccarmnoneeabi/bin/../lib/gcc/arm-none-eabi/7.2.1/../../../../arm-none-eabi/lib/thumb/v7e-m/fpv4-sp/hard\libstdc++_nano.a(new_op.o)
                0x0000c378                operator new(unsigned int)
 .text.__cxa_guard_acquire
                0x0000c39a       0x18 c:/users/h/.platformio/packages/toolchain-gccarmnoneeabi/bin/../lib/gcc/arm-none-eabi/7.2.1/../../../../arm-none-eabi/lib/thumb/v7e-m/fpv4-sp/hard\libstdc++_nano.a(guard.o)
                0x0000c39a                __cxa_guard_acquire
 .text.__cxa_guard_release
                0x0000c3b2        0x6 c:/users/h/.platformio/packages/toolchain-gccarmnoneeabi/bin/../lib/gcc/arm-none-eabi/7.2.1/../../../../arm-none-eabi/lib/thumb/v7e-m/fpv4-sp/hard\libstdc++_nano.a(guard.o)
                0x0000c3b2                __cxa_guard_release
 .text._ZSt15get_new_handlerv
                0x0000c3b8       0x10 c:/users/h/.platformio/packages/toolchain-gccarmnoneeabi/bin/../lib/gcc/arm-none-eabi/7.2.1/../../../../arm-none-eabi/lib/thumb/v7e-m/fpv4-sp/hard\libstdc++_nano.a(new_handler.o)
                0x0000c3b8                std::get_new_handler()
 .text._ZdlPvj  0x0000c3c8        0x4 c:/users/h/.platformio/packages/toolchain-gccarmnoneeabi/bin/../lib/gcc/arm-none-eabi/7.2.1/../../../../arm-none-eabi/lib/thumb/v7e-m/fpv4-sp/hard\libstdc++_nano.a(del_ops.o)
                0x0000c3c8                operator delete(void*, unsigned int)
 .text._ZdlPv   0x0000c3cc        0x4 c:/users/h/.platformio/packages/toolchain-gccarmnoneeabi/bin/../lib/gcc/arm-none-eabi/7.2.1/../../../../arm-none-eabi/lib/thumb/v7e-m/fpv4-sp/hard\libstdc++_nano.a(del_op.o)
                0x0000c3cc                operator delete(void*)
 .text          0x0000c3d0      0x378 c:/users/h/.platformio/packages/toolchain-gccarmnoneeabi/bin/../lib/gcc/arm-none-eabi/7.2.1/thumb/v7e-m/fpv4-sp/hard\libgcc.a(_arm_addsubdf3.o)
                0x0000c3d0                __aeabi_drsub
                0x0000c3d8                __aeabi_dsub
                0x0000c3d8                __subdf3
                0x0000c3dc                __aeabi_dadd
                0x0000c3dc                __adddf3
                0x0000c654                __floatunsidf
                0x0000c654                __aeabi_ui2d
                0x0000c674                __floatsidf
                0x0000c674                __aeabi_i2d
                0x0000c698                __aeabi_f2d
                0x0000c698                __extendsfdf2
                0x0000c6dc                __floatundidf
                0x0000c6dc                __aeabi_ul2d
                0x0000c6ec                __floatdidf
                0x0000c6ec                __aeabi_l2d
 .text          0x0000c748      0x424 c:/users/h/.platformio/packages/toolchain-gccarmnoneeabi/bin/../lib/gcc/arm-none-eabi/7.2.1/thumb/v7e-m/fpv4-sp/hard\libgcc.a(_arm_muldivdf3.o)
                0x0000c748                __aeabi_dmul
                0x0000c748                __muldf3
                0x0000c99c                __divdf3
                0x0000c99c                __aeabi_ddiv
 .text          0x0000cb6c      0x110 c:/users/h/.platformio/packages/toolchain-gccarmnoneeabi/bin/../lib/gcc/arm-none-eabi/7.2.1/thumb/v7e-m/fpv4-sp/hard\libgcc.a(_arm_cmpdf2.o)
                0x0000cb6c                __gtdf2
                0x0000cb6c                __gedf2
                0x0000cb74                __ltdf2
                0x0000cb74                __ledf2
                0x0000cb7c                __nedf2
                0x0000cb7c                __eqdf2
                0x0000cb7c                __cmpdf2
                0x0000cbf8                __aeabi_cdrcmple
                0x0000cc08                __aeabi_cdcmpeq
                0x0000cc08                __aeabi_cdcmple
                0x0000cc18                __aeabi_dcmpeq
                0x0000cc2c                __aeabi_dcmplt
                0x0000cc40                __aeabi_dcmple
                0x0000cc54                __aeabi_dcmpge
                0x0000cc68                __aeabi_dcmpgt
 .text          0x0000cc7c       0x2c c:/users/h/.platformio/packages/toolchain-gccarmnoneeabi/bin/../lib/gcc/arm-none-eabi/7.2.1/thumb/v7e-m/fpv4-sp/hard\libgcc.a(_arm_unorddf2.o)
                0x0000cc7c                __unorddf2
                0x0000cc7c                __aeabi_dcmpun
 .text          0x0000cca8       0x40 c:/users/h/.platformio/packages/toolchain-gccarmnoneeabi/bin/../lib/gcc/arm-none-eabi/7.2.1/thumb/v7e-m/fpv4-sp/hard\libgcc.a(_arm_fixunsdfsi.o)
                0x0000cca8                __aeabi_d2uiz
                0x0000cca8                __fixunsdfsi
 .text          0x0000cce8       0xa0 c:/users/h/.platformio/packages/toolchain-gccarmnoneeabi/bin/../lib/gcc/arm-none-eabi/7.2.1/thumb/v7e-m/fpv4-sp/hard\libgcc.a(_arm_truncdfsf2.o)
                0x0000cce8                __truncdfsf2
                0x0000cce8                __aeabi_d2f
 .text          0x0000cd88       0xa0 c:/users/h/.platformio/packages/toolchain-gccarmnoneeabi/bin/../lib/gcc/arm-none-eabi/7.2.1/thumb/v7e-m/fpv4-sp/hard\libgcc.a(_aeabi_ldivmod.o)
                0x0000cd88                __aeabi_ldivmod
 .text          0x0000ce28      0x2cc c:/users/h/.platformio/packages/toolchain-gccarmnoneeabi/bin/../lib/gcc/arm-none-eabi/7.2.1/thumb/v7e-m/fpv4-sp/hard\libgcc.a(_udivmoddi4.o)
                0x0000ce28                __udivmoddi4
 .text          0x0000d0f4        0x4 c:/users/h/.platformio/packages/toolchain-gccarmnoneeabi/bin/../lib/gcc/arm-none-eabi/7.2.1/thumb/v7e-m/fpv4-sp/hard\libgcc.a(_dvmd_tls.o)
                0x0000d0f4                __aeabi_idiv0
                0x0000d0f4                __aeabi_ldiv0
 .text.abort    0x0000d0f8        0xe c:/users/h/.platformio/packages/toolchain-gccarmnoneeabi/bin/../lib/gcc/arm-none-eabi/7.2.1/../../../../arm-none-eabi/lib/thumb/v7e-m/fpv4-sp/hard\libc_nano.a(lib_a-abort.o)
                0x0000d0f8                abort
 *fill*         0x0000d106        0x2 ff
 .text.malloc   0x0000d108       0x10 c:/users/h/.platformio/packages/toolchain-gccarmnoneeabi/bin/../lib/gcc/arm-none-eabi/7.2.1/../../../../arm-none-eabi/lib/thumb/v7e-m/fpv4-sp/hard\libc_nano.a(lib_a-malloc.o)
                0x0000d108                malloc
 .text.free     0x0000d118       0x10 c:/users/h/.platformio/packages/toolchain-gccarmnoneeabi/bin/../lib/gcc/arm-none-eabi/7.2.1/../../../../arm-none-eabi/lib/thumb/v7e-m/fpv4-sp/hard\libc_nano.a(lib_a-malloc.o)
                0x0000d118                free
 .text.memcpy   0x0000d128       0x16 c:/users/h/.platformio/packages/toolchain-gccarmnoneeabi/bin/../lib/gcc/arm-none-eabi/7.2.1/../../../../arm-none-eabi/lib/thumb/v7e-m/fpv4-sp/hard\libc_nano.a(lib_a-memcpy-stub.o)
                0x0000d128                memcpy
 .text.memset   0x0000d13e       0x10 c:/users/h/.platformio/packages/toolchain-gccarmnoneeabi/bin/../lib/gcc/arm-none-eabi/7.2.1/../../../../arm-none-eabi/lib/thumb/v7e-m/fpv4-sp/hard\libc_nano.a(lib_a-memset.o)
                0x0000d13e                memset
 *fill*         0x0000d14e        0x2 ff
 .text._free_r  0x0000d150       0x9c c:/users/h/.platformio/packages/toolchain-gccarmnoneeabi/bin/../lib/gcc/arm-none-eabi/7.2.1/../../../../arm-none-eabi/lib/thumb/v7e-m/fpv4-sp/hard\libc_nano.a(lib_a-nano-freer.o)
                0x0000d150                _free_r
 .text._malloc_r
                0x0000d1ec       0xb4 c:/users/h/.platformio/packages/toolchain-gccarmnoneeabi/bin/../lib/gcc/arm-none-eabi/7.2.1/../../../../arm-none-eabi/lib/thumb/v7e-m/fpv4-sp/hard\libc_nano.a(lib_a-nano-mallocr.o)
                0x0000d1ec                _malloc_r
 .text.printf   0x0000d2a0       0x30 c:/users/h/.platformio/packages/toolchain-gccarmnoneeabi/bin/../lib/gcc/arm-none-eabi/7.2.1/../../../../arm-none-eabi/lib/thumb/v7e-m/fpv4-sp/hard\libc_nano.a(lib_a-printf.o)
                0x0000d2a0                iprintf
                0x0000d2a0                printf
 .text._sbrk_r  0x0000d2d0       0x20 c:/users/h/.platformio/packages/toolchain-gccarmnoneeabi/bin/../lib/gcc/arm-none-eabi/7.2.1/../../../../arm-none-eabi/lib/thumb/v7e-m/fpv4-sp/hard\libc_nano.a(lib_a-sbrkr.o)
                0x0000d2d0                _sbrk_r
 .text._raise_r
                0x0000d2f0       0x50 c:/users/h/.platformio/packages/toolchain-gccarmnoneeabi/bin/../lib/gcc/arm-none-eabi/7.2.1/../../../../arm-none-eabi/lib/thumb/v7e-m/fpv4-sp/hard\libc_nano.a(lib_a-signal.o)
                0x0000d2f0                _raise_r
 .text.raise    0x0000d340       0x10 c:/users/h/.platformio/packages/toolchain-gccarmnoneeabi/bin/../lib/gcc/arm-none-eabi/7.2.1/../../../../arm-none-eabi/lib/thumb/v7e-m/fpv4-sp/hard\libc_nano.a(lib_a-signal.o)
                0x0000d340                raise
 .text._kill_r  0x0000d350       0x24 c:/users/h/.platformio/packages/toolchain-gccarmnoneeabi/bin/../lib/gcc/arm-none-eabi/7.2.1/../../../../arm-none-eabi/lib/thumb/v7e-m/fpv4-sp/hard\libc_nano.a(lib_a-signalr.o)
                0x0000d350                _kill_r
 .text._getpid_r
                0x0000d374        0x4 c:/users/h/.platformio/packages/toolchain-gccarmnoneeabi/bin/../lib/gcc/arm-none-eabi/7.2.1/../../../../arm-none-eabi/lib/thumb/v7e-m/fpv4-sp/hard\libc_nano.a(lib_a-signalr.o)
                0x0000d374                _getpid_r
 .text.sprintf  0x0000d378       0x40 c:/users/h/.platformio/packages/toolchain-gccarmnoneeabi/bin/../lib/gcc/arm-none-eabi/7.2.1/../../../../arm-none-eabi/lib/thumb/v7e-m/fpv4-sp/hard\libc_nano.a(lib_a-sprintf.o)
                0x0000d378                siprintf
                0x0000d378                sprintf
 .text          0x0000d3b8       0x10 c:/users/h/.platformio/packages/toolchain-gccarmnoneeabi/bin/../lib/gcc/arm-none-eabi/7.2.1/../../../../arm-none-eabi/lib/thumb/v7e-m/fpv4-sp/hard\libc_nano.a(lib_a-strlen.o)
                0x0000d3b8                strlen
 .text.std      0x0000d3c8       0x48 c:/users/h/.platformio/packages/toolchain-gccarmnoneeabi/bin/../lib/gcc/arm-none-eabi/7.2.1/../../../../arm-none-eabi/lib/thumb/v7e-m/fpv4-sp/hard\libc_nano.a(lib_a-findfp.o)
 .text._cleanup_r
                0x0000d410        0xc c:/users/h/.platformio/packages/toolchain-gccarmnoneeabi/bin/../lib/gcc/arm-none-eabi/7.2.1/../../../../arm-none-eabi/lib/thumb/v7e-m/fpv4-sp/hard\libc_nano.a(lib_a-findfp.o)
                0x0000d410                _cleanup_r
 .text.__sfmoreglue
                0x0000d41c       0x2c c:/users/h/.platformio/packages/toolchain-gccarmnoneeabi/bin/../lib/gcc/arm-none-eabi/7.2.1/../../../../arm-none-eabi/lib/thumb/v7e-m/fpv4-sp/hard\libc_nano.a(lib_a-findfp.o)
                0x0000d41c                __sfmoreglue
 .text.__sinit  0x0000d448       0x60 c:/users/h/.platformio/packages/toolchain-gccarmnoneeabi/bin/../lib/gcc/arm-none-eabi/7.2.1/../../../../arm-none-eabi/lib/thumb/v7e-m/fpv4-sp/hard\libc_nano.a(lib_a-findfp.o)
                0x0000d448                __sinit
 .text.__sfp    0x0000d4a8       0x78 c:/users/h/.platformio/packages/toolchain-gccarmnoneeabi/bin/../lib/gcc/arm-none-eabi/7.2.1/../../../../arm-none-eabi/lib/thumb/v7e-m/fpv4-sp/hard\libc_nano.a(lib_a-findfp.o)
                0x0000d4a8                __sfp
 .text._fwalk_reent
                0x0000d520       0x3c c:/users/h/.platformio/packages/toolchain-gccarmnoneeabi/bin/../lib/gcc/arm-none-eabi/7.2.1/../../../../arm-none-eabi/lib/thumb/v7e-m/fpv4-sp/hard\libc_nano.a(lib_a-fwalk.o)
                0x0000d520                _fwalk_reent
 .text.__malloc_lock
                0x0000d55c        0x2 c:/users/h/.platformio/packages/toolchain-gccarmnoneeabi/bin/../lib/gcc/arm-none-eabi/7.2.1/../../../../arm-none-eabi/lib/thumb/v7e-m/fpv4-sp/hard\libc_nano.a(lib_a-mlock.o)
                0x0000d55c                __malloc_lock
 .text.__malloc_unlock
                0x0000d55e        0x2 c:/users/h/.platformio/packages/toolchain-gccarmnoneeabi/bin/../lib/gcc/arm-none-eabi/7.2.1/../../../../arm-none-eabi/lib/thumb/v7e-m/fpv4-sp/hard\libc_nano.a(lib_a-mlock.o)
                0x0000d55e                __malloc_unlock
 .text.__ssputs_r
                0x0000d560       0xb4 c:/users/h/.platformio/packages/toolchain-gccarmnoneeabi/bin/../lib/gcc/arm-none-eabi/7.2.1/../../../../arm-none-eabi/lib/thumb/v7e-m/fpv4-sp/hard\libc_nano.a(lib_a-nano-svfprintf.o)
                0x0000d560                __ssputs_r
 .text._svfprintf_r
                0x0000d614      0x1ec c:/users/h/.platformio/packages/toolchain-gccarmnoneeabi/bin/../lib/gcc/arm-none-eabi/7.2.1/../../../../arm-none-eabi/lib/thumb/v7e-m/fpv4-sp/hard\libc_nano.a(lib_a-nano-svfprintf.o)
                0x0000d614                _svfiprintf_r
                0x0000d614                _svfprintf_r
 .text.__sfputc_r
                0x0000d800       0x2e c:/users/h/.platformio/packages/toolchain-gccarmnoneeabi/bin/../lib/gcc/arm-none-eabi/7.2.1/../../../../arm-none-eabi/lib/thumb/v7e-m/fpv4-sp/hard\libc_nano.a(lib_a-nano-vfprintf.o)
 .text.__sfputs_r
                0x0000d82e       0x24 c:/users/h/.platformio/packages/toolchain-gccarmnoneeabi/bin/../lib/gcc/arm-none-eabi/7.2.1/../../../../arm-none-eabi/lib/thumb/v7e-m/fpv4-sp/hard\libc_nano.a(lib_a-nano-vfprintf.o)
                0x0000d82e                __sfputs_r
 *fill*         0x0000d852        0x2 ff
 .text._vfprintf_r
                0x0000d854      0x228 c:/users/h/.platformio/packages/toolchain-gccarmnoneeabi/bin/../lib/gcc/arm-none-eabi/7.2.1/../../../../arm-none-eabi/lib/thumb/v7e-m/fpv4-sp/hard\libc_nano.a(lib_a-nano-vfprintf.o)
                0x0000d854                _vfprintf_r
                0x0000d854                _vfiprintf_r
 .text._printf_common
                0x0000da7c       0xea c:/users/h/.platformio/packages/toolchain-gccarmnoneeabi/bin/../lib/gcc/arm-none-eabi/7.2.1/../../../../arm-none-eabi/lib/thumb/v7e-m/fpv4-sp/hard\libc_nano.a(lib_a-nano-vfprintf_i.o)
                0x0000da7c                _printf_common
 *fill*         0x0000db66        0x2 ff
 .text._printf_i
                0x0000db68      0x224 c:/users/h/.platformio/packages/toolchain-gccarmnoneeabi/bin/../lib/gcc/arm-none-eabi/7.2.1/../../../../arm-none-eabi/lib/thumb/v7e-m/fpv4-sp/hard\libc_nano.a(lib_a-nano-vfprintf_i.o)
                0x0000db68                _printf_i
 .text.__sread  0x0000dd8c       0x22 c:/users/h/.platformio/packages/toolchain-gccarmnoneeabi/bin/../lib/gcc/arm-none-eabi/7.2.1/../../../../arm-none-eabi/lib/thumb/v7e-m/fpv4-sp/hard\libc_nano.a(lib_a-stdio.o)
                0x0000dd8c                __sread
 .text.__swrite
                0x0000ddae       0x38 c:/users/h/.platformio/packages/toolchain-gccarmnoneeabi/bin/../lib/gcc/arm-none-eabi/7.2.1/../../../../arm-none-eabi/lib/thumb/v7e-m/fpv4-sp/hard\libc_nano.a(lib_a-stdio.o)
                0x0000ddae                __swrite
 .text.__sseek  0x0000dde6       0x24 c:/users/h/.platformio/packages/toolchain-gccarmnoneeabi/bin/../lib/gcc/arm-none-eabi/7.2.1/../../../../arm-none-eabi/lib/thumb/v7e-m/fpv4-sp/hard\libc_nano.a(lib_a-stdio.o)
                0x0000dde6                __sseek
 .text.__sclose
                0x0000de0a        0x8 c:/users/h/.platformio/packages/toolchain-gccarmnoneeabi/bin/../lib/gcc/arm-none-eabi/7.2.1/../../../../arm-none-eabi/lib/thumb/v7e-m/fpv4-sp/hard\libc_nano.a(lib_a-stdio.o)
                0x0000de0a                __sclose
 *fill*         0x0000de12        0x2 ff
 .text.__swbuf_r
                0x0000de14       0xa4 c:/users/h/.platformio/packages/toolchain-gccarmnoneeabi/bin/../lib/gcc/arm-none-eabi/7.2.1/../../../../arm-none-eabi/lib/thumb/v7e-m/fpv4-sp/hard\libc_nano.a(lib_a-wbuf.o)
                0x0000de14                __swbuf_r
 .text._write_r
                0x0000deb8       0x24 c:/users/h/.platformio/packages/toolchain-gccarmnoneeabi/bin/../lib/gcc/arm-none-eabi/7.2.1/../../../../arm-none-eabi/lib/thumb/v7e-m/fpv4-sp/hard\libc_nano.a(lib_a-writer.o)
                0x0000deb8                _write_r
 .text.__swsetup_r
                0x0000dedc       0xdc c:/users/h/.platformio/packages/toolchain-gccarmnoneeabi/bin/../lib/gcc/arm-none-eabi/7.2.1/../../../../arm-none-eabi/lib/thumb/v7e-m/fpv4-sp/hard\libc_nano.a(lib_a-wsetup.o)
                0x0000dedc                __swsetup_r
 .text._close_r
                0x0000dfb8       0x20 c:/users/h/.platformio/packages/toolchain-gccarmnoneeabi/bin/../lib/gcc/arm-none-eabi/7.2.1/../../../../arm-none-eabi/lib/thumb/v7e-m/fpv4-sp/hard\libc_nano.a(lib_a-closer.o)
                0x0000dfb8                _close_r
 .text.__sflush_r
                0x0000dfd8      0x10c c:/users/h/.platformio/packages/toolchain-gccarmnoneeabi/bin/../lib/gcc/arm-none-eabi/7.2.1/../../../../arm-none-eabi/lib/thumb/v7e-m/fpv4-sp/hard\libc_nano.a(lib_a-fflush.o)
                0x0000dfd8                __sflush_r
 .text._fflush_r
                0x0000e0e4       0x54 c:/users/h/.platformio/packages/toolchain-gccarmnoneeabi/bin/../lib/gcc/arm-none-eabi/7.2.1/../../../../arm-none-eabi/lib/thumb/v7e-m/fpv4-sp/hard\libc_nano.a(lib_a-fflush.o)
                0x0000e0e4                _fflush_r
 .text._lseek_r
                0x0000e138       0x24 c:/users/h/.platformio/packages/toolchain-gccarmnoneeabi/bin/../lib/gcc/arm-none-eabi/7.2.1/../../../../arm-none-eabi/lib/thumb/v7e-m/fpv4-sp/hard\libc_nano.a(lib_a-lseekr.o)
                0x0000e138                _lseek_r
 .text.__swhatbuf_r
                0x0000e15c       0x48 c:/users/h/.platformio/packages/toolchain-gccarmnoneeabi/bin/../lib/gcc/arm-none-eabi/7.2.1/../../../../arm-none-eabi/lib/thumb/v7e-m/fpv4-sp/hard\libc_nano.a(lib_a-makebuf.o)
                0x0000e15c                __swhatbuf_r
 .text.__smakebuf_r
                0x0000e1a4       0x80 c:/users/h/.platformio/packages/toolchain-gccarmnoneeabi/bin/../lib/gcc/arm-none-eabi/7.2.1/../../../../arm-none-eabi/lib/thumb/v7e-m/fpv4-sp/hard\libc_nano.a(lib_a-makebuf.o)
                0x0000e1a4                __smakebuf_r
 *fill*         0x0000e224        0xc ff
 .text          0x0000e230       0xa0 c:/users/h/.platformio/packages/toolchain-gccarmnoneeabi/bin/../lib/gcc/arm-none-eabi/7.2.1/../../../../arm-none-eabi/lib/thumb/v7e-m/fpv4-sp/hard\libc_nano.a(lib_a-memchr.o)
                0x0000e230                memchr
 .text.memmove  0x0000e2d0       0x32 c:/users/h/.platformio/packages/toolchain-gccarmnoneeabi/bin/../lib/gcc/arm-none-eabi/7.2.1/../../../../arm-none-eabi/lib/thumb/v7e-m/fpv4-sp/hard\libc_nano.a(lib_a-memmove.o)
                0x0000e2d0                memmove
 .text._realloc_r
                0x0000e302       0x4c c:/users/h/.platformio/packages/toolchain-gccarmnoneeabi/bin/../lib/gcc/arm-none-eabi/7.2.1/../../../../arm-none-eabi/lib/thumb/v7e-m/fpv4-sp/hard\libc_nano.a(lib_a-nano-reallocr.o)
                0x0000e302                _realloc_r
 *fill*         0x0000e34e        0x2 ff
 .text._read_r  0x0000e350       0x24 c:/users/h/.platformio/packages/toolchain-gccarmnoneeabi/bin/../lib/gcc/arm-none-eabi/7.2.1/../../../../arm-none-eabi/lib/thumb/v7e-m/fpv4-sp/hard\libc_nano.a(lib_a-readr.o)
                0x0000e350                _read_r
 .text._fstat_r
                0x0000e374       0x24 c:/users/h/.platformio/packages/toolchain-gccarmnoneeabi/bin/../lib/gcc/arm-none-eabi/7.2.1/../../../../arm-none-eabi/lib/thumb/v7e-m/fpv4-sp/hard\libc_nano.a(lib_a-fstatr.o)
                0x0000e374                _fstat_r
 .text._isatty_r
                0x0000e398       0x20 c:/users/h/.platformio/packages/toolchain-gccarmnoneeabi/bin/../lib/gcc/arm-none-eabi/7.2.1/../../../../arm-none-eabi/lib/thumb/v7e-m/fpv4-sp/hard\libc_nano.a(lib_a-isattyr.o)
                0x0000e398                _isatty_r
 .text._malloc_usable_size_r
                0x0000e3b8       0x10 c:/users/h/.platformio/packages/toolchain-gccarmnoneeabi/bin/../lib/gcc/arm-none-eabi/7.2.1/../../../../arm-none-eabi/lib/thumb/v7e-m/fpv4-sp/hard\libc_nano.a(lib_a-nano-msizer.o)
                0x0000e3b8                _malloc_usable_size_r
 .text._close   0x0000e3c8       0x10 c:/users/h/.platformio/packages/toolchain-gccarmnoneeabi/bin/../lib/gcc/arm-none-eabi/7.2.1/../../../../arm-none-eabi/lib/thumb/v7e-m/fpv4-sp/hard\libnosys.a(close.o)
                0x0000e3c8                _close
 .text._fstat   0x0000e3d8       0x10 c:/users/h/.platformio/packages/toolchain-gccarmnoneeabi/bin/../lib/gcc/arm-none-eabi/7.2.1/../../../../arm-none-eabi/lib/thumb/v7e-m/fpv4-sp/hard\libnosys.a(fstat.o)
                0x0000e3d8                _fstat
 .text._getpid  0x0000e3e8       0x10 c:/users/h/.platformio/packages/toolchain-gccarmnoneeabi/bin/../lib/gcc/arm-none-eabi/7.2.1/../../../../arm-none-eabi/lib/thumb/v7e-m/fpv4-sp/hard\libnosys.a(getpid.o)
                0x0000e3e8                _getpid
 .text._isatty  0x0000e3f8       0x10 c:/users/h/.platformio/packages/toolchain-gccarmnoneeabi/bin/../lib/gcc/arm-none-eabi/7.2.1/../../../../arm-none-eabi/lib/thumb/v7e-m/fpv4-sp/hard\libnosys.a(isatty.o)
                0x0000e3f8                _isatty
 .text._kill    0x0000e408       0x10 c:/users/h/.platformio/packages/toolchain-gccarmnoneeabi/bin/../lib/gcc/arm-none-eabi/7.2.1/../../../../arm-none-eabi/lib/thumb/v7e-m/fpv4-sp/hard\libnosys.a(kill.o)